Archive member included because of file (symbol)

.\CortexM0\ARM_GCC_493\Debug\Expo_Controller2.a(cyfitter_cfg.o)
                              .\CortexM0\ARM_GCC_493\Debug\Cm0Start.o (cyfitter_cfg)
.\CortexM0\ARM_GCC_493\Debug\Expo_Controller2.a(I2C.o)
                              .\CortexM0\ARM_GCC_493\Debug\main.o (I2C_Start)
.\CortexM0\ARM_GCC_493\Debug\Expo_Controller2.a(I2C_I2C.o)
                              .\CortexM0\ARM_GCC_493\Debug\Expo_Controller2.a(I2C.o) (I2C_I2CInit)
.\CortexM0\ARM_GCC_493\Debug\Expo_Controller2.a(I2C_I2C_MASTER.o)
                              .\CortexM0\ARM_GCC_493\Debug\OPT3001.o (I2C_I2CMasterSendStart)
.\CortexM0\ARM_GCC_493\Debug\Expo_Controller2.a(UART.o)
                              .\CortexM0\ARM_GCC_493\Debug\main.o (UART_Start)
.\CortexM0\ARM_GCC_493\Debug\Expo_Controller2.a(UART_SPI_UART.o)
                              .\CortexM0\ARM_GCC_493\Debug\main.o (UART_SpiUartReadRxData)
.\CortexM0\ARM_GCC_493\Debug\Expo_Controller2.a(UART_UART.o)
                              .\CortexM0\ARM_GCC_493\Debug\Expo_Controller2.a(UART.o) (UART_UartInit)
.\CortexM0\ARM_GCC_493\Debug\Expo_Controller2.a(RTC.o)
                              .\CortexM0\ARM_GCC_493\Debug\main.o (RTC_SetPeriod)
.\CortexM0\ARM_GCC_493\Debug\Expo_Controller2.a(I2C_sda.o)
                              .\CortexM0\ARM_GCC_493\Debug\Expo_Controller2.a(I2C_I2C_MASTER.o) (I2C_sda_Read)
.\CortexM0\ARM_GCC_493\Debug\Expo_Controller2.a(I2C_scl.o)
                              .\CortexM0\ARM_GCC_493\Debug\Expo_Controller2.a(I2C_I2C_MASTER.o) (I2C_scl_Write)
.\CortexM0\ARM_GCC_493\Debug\Expo_Controller2.a(CyLib.o)
                              .\CortexM0\ARM_GCC_493\Debug\Expo_Controller2.a(cyfitter_cfg.o) (CyIntSetVector)
.\CortexM0\ARM_GCC_493\Debug\Expo_Controller2.a(CyLFClk.o)
                              .\CortexM0\ARM_GCC_493\Debug\Expo_Controller2.a(cyfitter_cfg.o) (CySysWdtIsr)
.\CortexM0\ARM_GCC_493\Debug\Expo_Controller2.a(PWM.o)
                              .\CortexM0\ARM_GCC_493\Debug\main.o (PWM_Start)
.\CortexM0\ARM_GCC_493\Debug\Expo_Controller2.a(LCD.o)
                              .\CortexM0\ARM_GCC_493\Debug\WS0010.o (LCD_PutChar)
.\CortexM0\ARM_GCC_493\Debug\Expo_Controller2.a(Timer_RTOS_ISR.o)
                              .\CortexM0\ARM_GCC_493\Debug\TaskDispatcher.o (Timer_RTOS_ISR_StartEx)
.\CortexM0\ARM_GCC_493\Debug\Expo_Controller2.a(Timer_RTOS.o)
                              .\CortexM0\ARM_GCC_493\Debug\main.o (Timer_RTOS_Start)
.\CortexM0\ARM_GCC_493\Debug\Expo_Controller2.a(Bootloader_En.o)
                              .\CortexM0\ARM_GCC_493\Debug\main.o (Bootloader_En_Read)
.\CortexM0\ARM_GCC_493\Debug\Expo_Controller2.a(I2C_I2C_INT.o)
                              .\CortexM0\ARM_GCC_493\Debug\Expo_Controller2.a(I2C_I2C.o) (I2C_I2C_ISR)
.\CortexM0\ARM_GCC_493\Debug\Expo_Controller2.a(CyBootAsmGnu.o)
                              .\CortexM0\ARM_GCC_493\Debug\Expo_Controller2.a(CyLib.o) (CyDelayCycles)
c:/program files (x86)/cypress/psoc creator/3.3/psoc creator/import/gnu/arm/4.9.3/bin/../lib/gcc/arm-none-eabi/4.9.3/armv6-m\libgcc.a(_thumb1_case_uqi.o)
                              .\CortexM0\ARM_GCC_493\Debug\main.o (__gnu_thumb1_case_uqi)
c:/program files (x86)/cypress/psoc creator/3.3/psoc creator/import/gnu/arm/4.9.3/bin/../lib/gcc/arm-none-eabi/4.9.3/armv6-m\libgcc.a(_udivsi3.o)
                              .\CortexM0\ARM_GCC_493\Debug\main.o (__aeabi_uidiv)
c:/program files (x86)/cypress/psoc creator/3.3/psoc creator/import/gnu/arm/4.9.3/bin/../lib/gcc/arm-none-eabi/4.9.3/armv6-m\libgcc.a(_divsi3.o)
                              .\CortexM0\ARM_GCC_493\Debug\WS0010.o (__aeabi_idivmod)
c:/program files (x86)/cypress/psoc creator/3.3/psoc creator/import/gnu/arm/4.9.3/bin/../lib/gcc/arm-none-eabi/4.9.3/armv6-m\libgcc.a(_dvmd_tls.o)
                              c:/program files (x86)/cypress/psoc creator/3.3/psoc creator/import/gnu/arm/4.9.3/bin/../lib/gcc/arm-none-eabi/4.9.3/armv6-m\libgcc.a(_udivsi3.o) (__aeabi_idiv0)
c:/program files (x86)/cypress/psoc creator/3.3/psoc creator/import/gnu/arm/4.9.3/bin/../lib/gcc/arm-none-eabi/4.9.3/armv6-m\libgcc.a(_aeabi_uldivmod.o)
                              .\CortexM0\ARM_GCC_493\Debug\Expo_Controller2.a(RTC.o) (__aeabi_uldivmod)
c:/program files (x86)/cypress/psoc creator/3.3/psoc creator/import/gnu/arm/4.9.3/bin/../lib/gcc/arm-none-eabi/4.9.3/armv6-m\libgcc.a(_fixunsdfsi.o)
                              .\CortexM0\ARM_GCC_493\Debug\main.o (__aeabi_d2uiz)
c:/program files (x86)/cypress/psoc creator/3.3/psoc creator/import/gnu/arm/4.9.3/bin/../lib/gcc/arm-none-eabi/4.9.3/armv6-m\libgcc.a(bpabi.o)
                              c:/program files (x86)/cypress/psoc creator/3.3/psoc creator/import/gnu/arm/4.9.3/bin/../lib/gcc/arm-none-eabi/4.9.3/armv6-m\libgcc.a(_aeabi_uldivmod.o) (__gnu_uldivmod_helper)
[...]
Memory Configuration

Name             Origin             Length             Attributes
rom              0x00000000         0x00008000         xr
ram              0x20000000         0x00001000         xrw
*default*        0x00000000         0xffffffff

Linker script and memory map

LOAD c:/program files (x86)/cypress/psoc creator/3.3/psoc creator/import/gnu/arm/4.9.3/bin/../lib/gcc/arm-none-eabi/4.9.3/armv6-m/crti.o
LOAD c:/program files (x86)/cypress/psoc creator/3.3/psoc creator/import/gnu/arm/4.9.3/bin/../lib/gcc/arm-none-eabi/4.9.3/armv6-m/crtbegin.o
LOAD c:/program files (x86)/cypress/psoc creator/3.3/psoc creator/import/gnu/arm/4.9.3/bin/../lib/gcc/arm-none-eabi/4.9.3/../../../../arm-none-eabi/lib/armv6-m/crt0.o
START GROUP
LOAD .\CortexM0\ARM_GCC_493\Debug\main.o
LOAD .\CortexM0\ARM_GCC_493\Debug\OPT3001.o
LOAD .\CortexM0\ARM_GCC_493\Debug\WS0010.o
LOAD .\CortexM0\ARM_GCC_493\Debug\TaskDispatcher.o
LOAD .\CortexM0\ARM_GCC_493\Debug\bcd.o
LOAD .\CortexM0\ARM_GCC_493\Debug\cymetadata.o
LOAD .\CortexM0\ARM_GCC_493\Debug\Cm0Start.o
LOAD .\CortexM0\ARM_GCC_493\Debug\Expo_Controller2.a
LOAD C:\Program Files (x86)\Cypress\PSoC Creator\3.3\PSoC Creator\psoc\content\cycomponentlibrary\CyComponentLibrary.cylib\CortexM0\ARM_GCC_493\Debug\CyComponentLibrary.a
LOAD c:/program files (x86)/cypress/psoc creator/3.3/psoc creator/import/gnu/arm/4.9.3/bin/../lib/gcc/arm-none-eabi/4.9.3/../../../../arm-none-eabi/lib/armv6-m\libm.a
END GROUP
START GROUP
LOAD c:/program files (x86)/cypress/psoc creator/3.3/psoc creator/import/gnu/arm/4.9.3/bin/../lib/gcc/arm-none-eabi/4.9.3/armv6-m\libgcc.a
LOAD c:/program files (x86)/cypress/psoc creator/3.3/psoc creator/import/gnu/arm/4.9.3/bin/../lib/gcc/arm-none-eabi/4.9.3/../../../../arm-none-eabi/lib/armv6-m\libg_nano.a
LOAD c:/program files (x86)/cypress/psoc creator/3.3/psoc creator/import/gnu/arm/4.9.3/bin/../lib/gcc/arm-none-eabi/4.9.3/../../../../arm-none-eabi/lib/armv6-m\libc_nano.a
END GROUP
START GROUP
LOAD c:/program files (x86)/cypress/psoc creator/3.3/psoc creator/import/gnu/arm/4.9.3/bin/../lib/gcc/arm-none-eabi/4.9.3/armv6-m\libgcc.a
LOAD c:/program files (x86)/cypress/psoc creator/3.3/psoc creator/import/gnu/arm/4.9.3/bin/../lib/gcc/arm-none-eabi/4.9.3/../../../../arm-none-eabi/lib/armv6-m\libc_nano.a
END GROUP
LOAD c:/program files (x86)/cypress/psoc creator/3.3/psoc creator/import/gnu/arm/4.9.3/bin/../lib/gcc/arm-none-eabi/4.9.3/armv6-m/crtend.o
LOAD c:/program files (x86)/cypress/psoc creator/3.3/psoc creator/import/gnu/arm/4.9.3/bin/../lib/gcc/arm-none-eabi/4.9.3/armv6-m/crtn.o
START GROUP
LOAD c:/program files (x86)/cypress/psoc creator/3.3/psoc creator/import/gnu/arm/4.9.3/bin/../lib/gcc/arm-none-eabi/4.9.3/armv6-m\libgcc.a
LOAD c:/program files (x86)/cypress/psoc creator/3.3/psoc creator/import/gnu/arm/4.9.3/bin/../lib/gcc/arm-none-eabi/4.9.3/../../../../arm-none-eabi/lib/armv6-m\libc.a
LOAD c:/program files (x86)/cypress/psoc creator/3.3/psoc creator/import/gnu/arm/4.9.3/bin/../lib/gcc/arm-none-eabi/4.9.3/../../../../arm-none-eabi/lib/armv6-m\libnosys.a
END GROUP
                0x00000000                CY_APPL_ORIGIN = 0x0
                0x00000080                CY_FLASH_ROW_SIZE = 0x80
                0x00000001                CY_APPL_NUM = 0x1
                0x00000001                CY_APPL_MAX = 0x1
                0x00000040                CY_METADATA_SIZE = 0x40
                0x00000000                CY_APPL_LOADABLE = 0x0
                0x00000000                CY_CHECKSUM_EXCLUDE_SIZE = ALIGN (0x0, CY_FLASH_ROW_SIZE)
                0x00000000                CY_APP_FOR_STACK_AND_COPIER = 0x0
                0x200003d8                PROVIDE (__cy_heap_start, _end)
                0x00000001                PROVIDE (__cy_region_num, ((__cy_regions_end - __cy_regions) / 0x10))
                0x20001000                PROVIDE (__cy_stack, (ORIGIN (ram) + 0x1000))
                0x20000c00                PROVIDE (__cy_heap_end, (__cy_stack - 0x400))

.cybootloader   0x00000000        0x0
 *(.cybootloader)
                0x00000000                appl1_start = CY_APPL_ORIGIN?CY_APPL_ORIGIN:ALIGN (CY_FLASH_ROW_SIZE)
                0x00003f80                appl2_start = (appl1_start + ALIGN ((((0x8000 - appl1_start) - (0x2 * CY_FLASH_ROW_SIZE)) / 0x2), CY_FLASH_ROW_SIZE))
                0x00000000                appl_start = (CY_APPL_NUM == 0x1)?appl1_start:appl2_start
                0x00000001                cy_project_type_bootloader = (appl_start == 0x0)?0x1:0x0
                0x00000000                cy_project_type_app_for_stack_and_copier = (CY_APP_FOR_STACK_AND_COPIER == 0x1)?0x1:0x0

.text           0x00000000     0x4a60
 CREATE_OBJECT_SYMBOLS
                0x00000000                PROVIDE (__cy_interrupt_vector, RomVectors)
 *(.romvectors)
 .romvectors    0x00000000       0x10 .\CortexM0\ARM_GCC_493\Debug\Cm0Start.o
                0x00000000                RomVectors
                0x00000001                ASSERT ((. != __cy_interrupt_vector), No interrupt vector)
                0x00000001                ASSERT (CY_APPL_ORIGIN?(SIZEOF (.cybootloader) <= CY_APPL_ORIGIN):0x1, Wrong image location)
                0x00000010                PROVIDE (__cy_reset, Reset)
 *(.text.Reset)
 .text.Reset    0x00000010        0x6 .\CortexM0\ARM_GCC_493\Debug\Cm0Start.o
                0x00000010                Reset
                0x00000001                ASSERT ((. != __cy_reset), No reset code)
 *(.psocinit)
 *fill*         0x00000016        0x2 
 .psocinit      0x00000018      0x250 .\CortexM0\ARM_GCC_493\Debug\Expo_Controller2.a(cyfitter_cfg.o)
                0x00000018                cyfitter_cfg
                0x00000268                . = MAX (., 0x100)
 *(.text .text.* .gnu.linkonce.t.*)
 .text          0x00000268       0x60 c:/program files (x86)/cypress/psoc creator/3.3/psoc creator/import/gnu/arm/4.9.3/bin/../lib/gcc/arm-none-eabi/4.9.3/armv6-m/crtbegin.o
 .text.RTC_GetSecond
                0x000002c8       0x10 .\CortexM0\ARM_GCC_493\Debug\main.o
 .text.RTC_GetMinutes
                0x000002d8       0x10 .\CortexM0\ARM_GCC_493\Debug\main.o
 .text.WaitPowerStab
                0x000002e8       0x14 .\CortexM0\ARM_GCC_493\Debug\main.o
                0x000002e8                WaitPowerStab
 .text.Start_Display
                0x000002fc       0x24 .\CortexM0\ARM_GCC_493\Debug\main.o
                0x000002fc                Start_Display
 .text.Brightles_PID_Controll
                0x00000320       0x80 .\CortexM0\ARM_GCC_493\Debug\main.o
                0x00000320                Brightles_PID_Controll
 .text.Check_OPT
                0x000003a0       0x64 .\CortexM0\ARM_GCC_493\Debug\main.o
                0x000003a0                Check_OPT
 .text.OPT_Get_Result
                0x00000404       0x6c .\CortexM0\ARM_GCC_493\Debug\main.o
                0x00000404                OPT_Get_Result
 .text.Display_Controll
                0x00000470       0x40 .\CortexM0\ARM_GCC_493\Debug\main.o
                0x00000470                Display_Controll
 .text.Get_RealTimeString
                0x000004b0       0x54 .\CortexM0\ARM_GCC_493\Debug\main.o
                0x000004b0                Get_RealTimeString
 .text.ScreenSaver_Display
                0x00000504       0x1c .\CortexM0\ARM_GCC_493\Debug\main.o
                0x00000504                ScreenSaver_Display
 .text.Get_AlarmTimeString
                0x00000520       0xf4 .\CortexM0\ARM_GCC_493\Debug\main.o
                0x00000520                Get_AlarmTimeString
 .text.Main_Display_Print
                0x00000614      0x114 .\CortexM0\ARM_GCC_493\Debug\main.o
                0x00000614                Main_Display_Print
 .text.Initial  0x00000728       0x68 .\CortexM0\ARM_GCC_493\Debug\main.o
                0x00000728                Initial
 .text.startup.main
                0x00000790       0x1c .\CortexM0\ARM_GCC_493\Debug\main.o
                0x00000790                main
 .text.I2C_ReadRegister
                0x000007ac       0x72 .\CortexM0\ARM_GCC_493\Debug\OPT3001.o
                0x000007ac                I2C_ReadRegister
 .text.OPT_IsReady
                0x0000081e       0x1a .\CortexM0\ARM_GCC_493\Debug\OPT3001.o
                0x0000081e                OPT_IsReady
 .text.I2C_WriteRegister
                0x00000838       0x72 .\CortexM0\ARM_GCC_493\Debug\OPT3001.o
                0x00000838                I2C_WriteRegister
 .text.OPT_ReadResult
                0x000008aa       0x7e .\CortexM0\ARM_GCC_493\Debug\OPT3001.o
                0x000008aa                OPT_ReadResult
 .text.OPT_StartConvert
                0x00000928       0x30 .\CortexM0\ARM_GCC_493\Debug\OPT3001.o
                0x00000928                OPT_StartConvert
 .text.OPT_GetResultString
                0x00000958       0xf4 .\CortexM0\ARM_GCC_493\Debug\OPT3001.o
                0x00000958                OPT_GetResultString
 .text.Enable_Frame_DDR
                0x00000a4c       0x30 .\CortexM0\ARM_GCC_493\Debug\WS0010.o
                0x00000a4c                Enable_Frame_DDR
 .text.LCD_WS0010Start
                0x00000a7c       0x3e .\CortexM0\ARM_GCC_493\Debug\WS0010.o
                0x00000a7c                LCD_WS0010Start
 *fill*         0x00000aba        0x2 
 .text.Add_To_DDR
                0x00000abc       0x94 .\CortexM0\ARM_GCC_493\Debug\WS0010.o
                0x00000abc                Add_To_DDR
 .text.Print_DDR
                0x00000b50       0x30 .\CortexM0\ARM_GCC_493\Debug\WS0010.o
                0x00000b50                Print_DDR
 .text.ScreenSaver
                0x00000b80       0xb6 .\CortexM0\ARM_GCC_493\Debug\WS0010.o
                0x00000b80                ScreenSaver
 .text.Idle     0x00000c36        0x2 .\CortexM0\ARM_GCC_493\Debug\TaskDispatcher.o
                0x00000c36                Idle
 .text.TaskManager
                0x00000c38       0x34 .\CortexM0\ARM_GCC_493\Debug\TaskDispatcher.o
                0x00000c38                TaskManager
 .text.SetTask  0x00000c6c       0x28 .\CortexM0\ARM_GCC_493\Debug\TaskDispatcher.o
                0x00000c6c                SetTask
 .text.SetTimerTask
                0x00000c94       0x4c .\CortexM0\ARM_GCC_493\Debug\TaskDispatcher.o
                0x00000c94                SetTimerTask
 .text.InitRTOS
                0x00000ce0       0x34 .\CortexM0\ARM_GCC_493\Debug\TaskDispatcher.o
                0x00000ce0                InitRTOS
 .text.RTOS_Start
                0x00000d14       0x14 .\CortexM0\ARM_GCC_493\Debug\TaskDispatcher.o
                0x00000d14                RTOS_Start
 .text.TimerService
                0x00000d28       0x3c .\CortexM0\ARM_GCC_493\Debug\TaskDispatcher.o
                0x00000d28                TimerService
 .text.TaskDispatcher_ISR
                0x00000d64        0xc .\CortexM0\ARM_GCC_493\Debug\TaskDispatcher.o
                0x00000d64                TaskDispatcher_ISR
 .text.BCD_GetPointerBuf
                0x00000d70        0x8 .\CortexM0\ARM_GCC_493\Debug\bcd.o
                0x00000d70                BCD_GetPointerBuf
 .text.BCD_Ulong
                0x00000d78      0x168 .\CortexM0\ARM_GCC_493\Debug\bcd.o
                0x00000d78                BCD_Ulong
 .text.IntDefaultHandler
                0x00000ee0        0x2 .\CortexM0\ARM_GCC_493\Debug\Cm0Start.o
                0x00000ee0                IntDefaultHandler
 *fill*         0x00000ee2        0x2 
 .text._sbrk    0x00000ee4       0x2c .\CortexM0\ARM_GCC_493\Debug\Cm0Start.o
                0x00000ee4                _sbrk
 .text.Start_c  0x00000f10       0x4c .\CortexM0\ARM_GCC_493\Debug\Cm0Start.o
                0x00000f10                Start_c
 .text.startup.initialize_psoc
                0x00000f5c       0x44 .\CortexM0\ARM_GCC_493\Debug\Cm0Start.o
                0x00000f5c                initialize_psoc
 .text.SetAnalogRoutingPumps
                0x00000fa0       0x1c .\CortexM0\ARM_GCC_493\Debug\Expo_Controller2.a(cyfitter_cfg.o)
                0x00000fa0                SetAnalogRoutingPumps
 .text.I2C_Enable
                0x00000fbc       0x1c .\CortexM0\ARM_GCC_493\Debug\Expo_Controller2.a(I2C.o)
                0x00000fbc                I2C_Enable
 .text.I2C_Start
                0x00000fd8       0x1c .\CortexM0\ARM_GCC_493\Debug\Expo_Controller2.a(I2C.o)
                0x00000fd8                I2C_Start
 .text.I2C_I2CInit
                0x00000ff4       0xcc .\CortexM0\ARM_GCC_493\Debug\Expo_Controller2.a(I2C_I2C.o)
                0x00000ff4                I2C_I2CInit
 .text.I2C_I2CMasterSendStart
                0x000010c0       0xb8 .\CortexM0\ARM_GCC_493\Debug\Expo_Controller2.a(I2C_I2C_MASTER.o)
                0x000010c0                I2C_I2CMasterSendStart
 .text.I2C_I2CMasterSendStop
                0x00001178       0x7c .\CortexM0\ARM_GCC_493\Debug\Expo_Controller2.a(I2C_I2C_MASTER.o)
                0x00001178                I2C_I2CMasterSendStop
 .text.I2C_I2CMasterWriteByte
                0x000011f4       0x7c .\CortexM0\ARM_GCC_493\Debug\Expo_Controller2.a(I2C_I2C_MASTER.o)
                0x000011f4                I2C_I2CMasterWriteByte
 .text.I2C_I2CMasterReadByte
                0x00001270       0x80 .\CortexM0\ARM_GCC_493\Debug\Expo_Controller2.a(I2C_I2C_MASTER.o)
                0x00001270                I2C_I2CMasterReadByte
 .text.I2C_I2CReStartGeneration
                0x000012f0       0x8c .\CortexM0\ARM_GCC_493\Debug\Expo_Controller2.a(I2C_I2C_MASTER.o)
                0x000012f0                I2C_I2CReStartGeneration
 .text.I2C_I2CMasterSendRestart
                0x0000137c       0xa8 .\CortexM0\ARM_GCC_493\Debug\Expo_Controller2.a(I2C_I2C_MASTER.o)
                0x0000137c                I2C_I2CMasterSendRestart
 .text.UART_Enable
                0x00001424       0x18 .\CortexM0\ARM_GCC_493\Debug\Expo_Controller2.a(UART.o)
                0x00001424                UART_Enable
 .text.UART_Start
                0x0000143c       0x1c .\CortexM0\ARM_GCC_493\Debug\Expo_Controller2.a(UART.o)
                0x0000143c                UART_Start
 .text.UART_UartInit
                0x00001458       0x90 .\CortexM0\ARM_GCC_493\Debug\Expo_Controller2.a(UART_UART.o)
                0x00001458                UART_UartInit
 .text.UART_UartPostEnable
                0x000014e8       0x1c .\CortexM0\ARM_GCC_493\Debug\Expo_Controller2.a(UART_UART.o)
                0x000014e8                UART_UartPostEnable
 .text.RTC_LeapYear
                0x00001504       0x24 .\CortexM0\ARM_GCC_493\Debug\Expo_Controller2.a(RTC.o)
 .text.RTC_GetMinutes
                0x00001528       0x10 .\CortexM0\ARM_GCC_493\Debug\Expo_Controller2.a(RTC.o)
 .text.RTC_GetHours
                0x00001538       0x10 .\CortexM0\ARM_GCC_493\Debug\Expo_Controller2.a(RTC.o)
 .text.RTC_GetDay
                0x00001548       0x10 .\CortexM0\ARM_GCC_493\Debug\Expo_Controller2.a(RTC.o)
 .text.RTC_GetMonth
                0x00001558       0x10 .\CortexM0\ARM_GCC_493\Debug\Expo_Controller2.a(RTC.o)
 .text.RTC_GetYear
                0x00001568       0x2a .\CortexM0\ARM_GCC_493\Debug\Expo_Controller2.a(RTC.o)
 .text.RTC_SetYear
                0x00001592       0x52 .\CortexM0\ARM_GCC_493\Debug\Expo_Controller2.a(RTC.o)
 .text.RTC_ConstructDate
                0x000015e4       0x82 .\CortexM0\ARM_GCC_493\Debug\Expo_Controller2.a(RTC.o)
 .text.RTC_GetDayOfWeek
                0x00001666       0x4c .\CortexM0\ARM_GCC_493\Debug\Expo_Controller2.a(RTC.o)
 *fill*         0x000016b2        0x2 
 .text.RTC_SetPeriod
                0x000016b4        0xc .\CortexM0\ARM_GCC_493\Debug\Expo_Controller2.a(RTC.o)
                0x000016b4                RTC_SetPeriod
 .text.RTC_GetAlarmDateAndTime
                0x000016c0       0x14 .\CortexM0\ARM_GCC_493\Debug\Expo_Controller2.a(RTC.o)
                0x000016c0                RTC_GetAlarmDateAndTime
 .text.RTC_DateTimeToUnix
                0x000016d4       0xf8 .\CortexM0\ARM_GCC_493\Debug\Expo_Controller2.a(RTC.o)
                0x000016d4                RTC_DateTimeToUnix
 .text.RTC_DaysInMonth
                0x000017cc       0x20 .\CortexM0\ARM_GCC_493\Debug\Expo_Controller2.a(RTC.o)
                0x000017cc                RTC_DaysInMonth
 .text.RTC_UnixToDateTime
                0x000017ec      0x1ac .\CortexM0\ARM_GCC_493\Debug\Expo_Controller2.a(RTC.o)
                0x000017ec                RTC_UnixToDateTime
 .text.RTC_GetTime
                0x00001998       0x30 .\CortexM0\ARM_GCC_493\Debug\Expo_Controller2.a(RTC.o)
                0x00001998                RTC_GetTime
 .text.RTC_GetNexAlarmTime
                0x000019c8      0x1c0 .\CortexM0\ARM_GCC_493\Debug\Expo_Controller2.a(RTC.o)
                0x000019c8                RTC_GetNexAlarmTime
 .text.RTC_Update
                0x00001b88       0x8c .\CortexM0\ARM_GCC_493\Debug\Expo_Controller2.a(RTC.o)
                0x00001b88                RTC_Update
 .text.RTC_ConstructUnixAlarmTime
                0x00001c14      0x288 .\CortexM0\ARM_GCC_493\Debug\Expo_Controller2.a(RTC.o)
                0x00001c14                RTC_ConstructUnixAlarmTime
 .text.RTC_SetDateAndTime
                0x00001e9c       0x68 .\CortexM0\ARM_GCC_493\Debug\Expo_Controller2.a(RTC.o)
                0x00001e9c                RTC_SetDateAndTime
 .text.RTC_Init
                0x00001f04       0x40 .\CortexM0\ARM_GCC_493\Debug\Expo_Controller2.a(RTC.o)
                0x00001f04                RTC_Init
 .text.RTC_Start
                0x00001f44       0x14 .\CortexM0\ARM_GCC_493\Debug\Expo_Controller2.a(RTC.o)
                0x00001f44                RTC_Start
 .text.I2C_sda_Read
                0x00001f58       0x10 .\CortexM0\ARM_GCC_493\Debug\Expo_Controller2.a(I2C_sda.o)
                0x00001f58                I2C_sda_Read
 .text.I2C_scl_Write
                0x00001f68       0x18 .\CortexM0\ARM_GCC_493\Debug\Expo_Controller2.a(I2C_scl.o)
                0x00001f68                I2C_scl_Write
 .text.I2C_scl_Read
                0x00001f80       0x10 .\CortexM0\ARM_GCC_493\Debug\Expo_Controller2.a(I2C_scl.o)
                0x00001f80                I2C_scl_Read
 .text.CyIntSetVector
                0x00001f90       0x18 .\CortexM0\ARM_GCC_493\Debug\Expo_Controller2.a(CyLib.o)
                0x00001f90                CyIntSetVector
 .text.CyIntSetPriority
                0x00001fa8       0x3c .\CortexM0\ARM_GCC_493\Debug\Expo_Controller2.a(CyLib.o)
                0x00001fa8                CyIntSetPriority
 .text.CyIntEnable
                0x00001fe4       0x14 .\CortexM0\ARM_GCC_493\Debug\Expo_Controller2.a(CyLib.o)
                0x00001fe4                CyIntEnable
 .text.CyIntDisable
                0x00001ff8       0x14 .\CortexM0\ARM_GCC_493\Debug\Expo_Controller2.a(CyLib.o)
                0x00001ff8                CyIntDisable
 .text.CyDelayUs
                0x0000200c       0x14 .\CortexM0\ARM_GCC_493\Debug\Expo_Controller2.a(CyLib.o)
                0x0000200c                CyDelayUs
 .text.CySysClkWriteImoFreq
                0x00002020      0x128 .\CortexM0\ARM_GCC_493\Debug\Expo_Controller2.a(CyLib.o)
                0x00002020                CySysClkWriteImoFreq
 .text.CySysWdtLock
                0x00002148       0x1c .\CortexM0\ARM_GCC_493\Debug\Expo_Controller2.a(CyLFClk.o)
                0x00002148                CySysWdtLock
 .text.CySysWdtUnlock
                0x00002164       0x30 .\CortexM0\ARM_GCC_493\Debug\Expo_Controller2.a(CyLFClk.o)
                0x00002164                CySysWdtUnlock
 .text.CySysWdtClearInterrupt
                0x00002194       0x54 .\CortexM0\ARM_GCC_493\Debug\Expo_Controller2.a(CyLFClk.o)
                0x00002194                CySysWdtClearInterrupt
 .text.CySysWdtIsr
                0x000021e8       0xa0 .\CortexM0\ARM_GCC_493\Debug\Expo_Controller2.a(CyLFClk.o)
                0x000021e8                CySysWdtIsr
 .text.PWM_Enable
                0x00002288       0x10 .\CortexM0\ARM_GCC_493\Debug\Expo_Controller2.a(PWM.o)
                0x00002288                PWM_Enable
 .text.PWM_ClearFIFO
                0x00002298       0x18 .\CortexM0\ARM_GCC_493\Debug\Expo_Controller2.a(PWM.o)
                0x00002298                PWM_ClearFIFO
 .text.PWM_Init
                0x000022b0       0x68 .\CortexM0\ARM_GCC_493\Debug\Expo_Controller2.a(PWM.o)
                0x000022b0                PWM_Init
 .text.PWM_Start
                0x00002318       0x1c .\CortexM0\ARM_GCC_493\Debug\Expo_Controller2.a(PWM.o)
                0x00002318                PWM_Start
 .text.PWM_WriteCompare1
                0x00002334        0xc .\CortexM0\ARM_GCC_493\Debug\Expo_Controller2.a(PWM.o)
                0x00002334                PWM_WriteCompare1
 .text.LCD_WrCntrlNib
                0x00002340       0x30 .\CortexM0\ARM_GCC_493\Debug\Expo_Controller2.a(LCD.o)
 .text.LCD_WrDatNib
                0x00002370       0x44 .\CortexM0\ARM_GCC_493\Debug\Expo_Controller2.a(LCD.o)
 .text.LCD_IsReady
                0x000023b4       0xac .\CortexM0\ARM_GCC_493\Debug\Expo_Controller2.a(LCD.o)
                0x000023b4                LCD_IsReady
 .text.LCD_WriteData
                0x00002460       0x18 .\CortexM0\ARM_GCC_493\Debug\Expo_Controller2.a(LCD.o)
                0x00002460                LCD_WriteData
 .text.LCD_PutChar
                0x00002478        0x8 .\CortexM0\ARM_GCC_493\Debug\Expo_Controller2.a(LCD.o)
                0x00002478                LCD_PutChar
 .text.LCD_WriteControl
                0x00002480       0x18 .\CortexM0\ARM_GCC_493\Debug\Expo_Controller2.a(LCD.o)
                0x00002480                LCD_WriteControl
 .text.LCD_Position
                0x00002498       0x24 .\CortexM0\ARM_GCC_493\Debug\Expo_Controller2.a(LCD.o)
                0x00002498                LCD_Position
 .text.Timer_RTOS_ISR_SetPriority
                0x000024bc       0x20 .\CortexM0\ARM_GCC_493\Debug\Expo_Controller2.a(Timer_RTOS_ISR.o)
                0x000024bc                Timer_RTOS_ISR_SetPriority
 .text.Timer_RTOS_ISR_StartEx
                0x000024dc       0x24 .\CortexM0\ARM_GCC_493\Debug\Expo_Controller2.a(Timer_RTOS_ISR.o)
                0x000024dc                Timer_RTOS_ISR_StartEx
 .text.Timer_RTOS_Init
                0x00002500       0x38 .\CortexM0\ARM_GCC_493\Debug\Expo_Controller2.a(Timer_RTOS.o)
                0x00002500                Timer_RTOS_Init
 .text.Timer_RTOS_TriggerCommand
                0x00002538       0x1c .\CortexM0\ARM_GCC_493\Debug\Expo_Controller2.a(Timer_RTOS.o)
                0x00002538                Timer_RTOS_TriggerCommand
 .text.Timer_RTOS_Enable
                0x00002554       0x24 .\CortexM0\ARM_GCC_493\Debug\Expo_Controller2.a(Timer_RTOS.o)
                0x00002554                Timer_RTOS_Enable
 .text.Timer_RTOS_Start
                0x00002578       0x1c .\CortexM0\ARM_GCC_493\Debug\Expo_Controller2.a(Timer_RTOS.o)
                0x00002578                Timer_RTOS_Start
 .text.I2C_I2C_ISR
                0x00002594      0x354 .\CortexM0\ARM_GCC_493\Debug\Expo_Controller2.a(I2C_I2C_INT.o)
                0x00002594                I2C_I2C_ISR
 .text          0x000028e8       0x28 .\CortexM0\ARM_GCC_493\Debug\Expo_Controller2.a(CyBootAsmGnu.o)
                0x000028e8                CyDelayCycles
                0x000028fc                CyEnterCriticalSection
                0x00002904                CyExitCriticalSection
 .text          0x00002910       0x14 c:/program files (x86)/cypress/psoc creator/3.3/psoc creator/import/gnu/arm/4.9.3/bin/../lib/gcc/arm-none-eabi/4.9.3/armv6-m\libgcc.a(_thumb1_case_uqi.o)
                0x00002910                __gnu_thumb1_case_uqi
 .text          0x00002924      0x120 c:/program files (x86)/cypress/psoc creator/3.3/psoc creator/import/gnu/arm/4.9.3/bin/../lib/gcc/arm-none-eabi/4.9.3/armv6-m\libgcc.a(_udivsi3.o)
                0x00002924                __aeabi_uidiv
                0x00002924                __udivsi3
                0x00002a30                __aeabi_uidivmod
 .text          0x00002a44      0x1e0 c:/program files (x86)/cypress/psoc creator/3.3/psoc creator/import/gnu/arm/4.9.3/bin/../lib/gcc/arm-none-eabi/4.9.3/armv6-m\libgcc.a(_divsi3.o)
                0x00002a44                __divsi3
                0x00002a44                __aeabi_idiv
                0x00002c10                __aeabi_idivmod
 .text          0x00002c24        0x4 c:/program files (x86)/cypress/psoc creator/3.3/psoc creator/import/gnu/arm/4.9.3/bin/../lib/gcc/arm-none-eabi/4.9.3/armv6-m\libgcc.a(_dvmd_tls.o)
                0x00002c24                __aeabi_idiv0
                0x00002c24                __aeabi_ldiv0
 .text          0x00002c28       0x40 c:/program files (x86)/cypress/psoc creator/3.3/psoc creator/import/gnu/arm/4.9.3/bin/../lib/gcc/arm-none-eabi/4.9.3/armv6-m\libgcc.a(_aeabi_uldivmod.o)
                0x00002c28                __aeabi_uldivmod
 .text          0x00002c68       0x3c c:/program files (x86)/cypress/psoc creator/3.3/psoc creator/import/gnu/arm/4.9.3/bin/../lib/gcc/arm-none-eabi/4.9.3/armv6-m\libgcc.a(_fixunsdfsi.o)
                0x00002c68                __aeabi_d2uiz
                0x00002c68                __fixunsdfsi
 .text          0x00002ca4       0x6c c:/program files (x86)/cypress/psoc creator/3.3/psoc creator/import/gnu/arm/4.9.3/bin/../lib/gcc/arm-none-eabi/4.9.3/armv6-m\libgcc.a(bpabi.o)
                0x00002ca4                __gnu_ldivmod_helper
                0x00002cdc                __gnu_uldivmod_helper
 .text          0x00002d10      0x534 c:/program files (x86)/cypress/psoc creator/3.3/psoc creator/import/gnu/arm/4.9.3/bin/../lib/gcc/arm-none-eabi/4.9.3/armv6-m\libgcc.a(muldf3.o)
                0x00002d10                __aeabi_dmul
 .text          0x00003244      0x6f4 c:/program files (x86)/cypress/psoc creator/3.3/psoc creator/import/gnu/arm/4.9.3/bin/../lib/gcc/arm-none-eabi/4.9.3/armv6-m\libgcc.a(subdf3.o)
                0x00003244                __aeabi_dsub
 .text          0x00003938       0x6c c:/program files (x86)/cypress/psoc creator/3.3/psoc creator/import/gnu/arm/4.9.3/bin/../lib/gcc/arm-none-eabi/4.9.3/armv6-m\libgcc.a(fixdfsi.o)
                0x00003938                __aeabi_d2iz
 .text          0x000039a4       0x78 c:/program files (x86)/cypress/psoc creator/3.3/psoc creator/import/gnu/arm/4.9.3/bin/../lib/gcc/arm-none-eabi/4.9.3/armv6-m\libgcc.a(floatsidf.o)
                0x000039a4                __aeabi_i2d
 .text          0x00003a1c       0x7c c:/program files (x86)/cypress/psoc creator/3.3/psoc creator/import/gnu/arm/4.9.3/bin/../lib/gcc/arm-none-eabi/4.9.3/armv6-m\libgcc.a(_arm_cmpdf2.o)
                0x00003a1c                __aeabi_cdrcmple
                0x00003a2c                __aeabi_cdcmple
                0x00003a2c                __aeabi_cdcmpeq
                0x00003a3c                __aeabi_dcmpeq
                0x00003a48                __aeabi_dcmplt
                0x00003a5c                __aeabi_dcmple
                0x00003a70                __aeabi_dcmpgt
                0x00003a84                __aeabi_dcmpge
 .text          0x00003a98       0x3c c:/program files (x86)/cypress/psoc creator/3.3/psoc creator/import/gnu/arm/4.9.3/bin/../lib/gcc/arm-none-eabi/4.9.3/armv6-m\libgcc.a(_clzsi2.o)
                0x00003a98                __clzsi2
 .text          0x00003ad4       0x54 c:/program files (x86)/cypress/psoc creator/3.3/psoc creator/import/gnu/arm/4.9.3/bin/../lib/gcc/arm-none-eabi/4.9.3/armv6-m\libgcc.a(_muldi3.o)
                0x00003ad4                __muldi3
                0x00003ad4                __aeabi_lmul
 .text          0x00003b28      0x1f0 c:/program files (x86)/cypress/psoc creator/3.3/psoc creator/import/gnu/arm/4.9.3/bin/../lib/gcc/arm-none-eabi/4.9.3/armv6-m\libgcc.a(_divdi3.o)
                0x00003b28                __divdi3
 .text          0x00003d18      0x158 c:/program files (x86)/cypress/psoc creator/3.3/psoc creator/import/gnu/arm/4.9.3/bin/../lib/gcc/arm-none-eabi/4.9.3/armv6-m\libgcc.a(_udivdi3.o)
                0x00003d18                __udivdi3
 .text          0x00003e70       0x88 c:/program files (x86)/cypress/psoc creator/3.3/psoc creator/import/gnu/arm/4.9.3/bin/../lib/gcc/arm-none-eabi/4.9.3/armv6-m\libgcc.a(eqdf2.o)
                0x00003e70                __nedf2
                0x00003e70                __eqdf2
 .text          0x00003ef8       0xe0 c:/program files (x86)/cypress/psoc creator/3.3/psoc creator/import/gnu/arm/4.9.3/bin/../lib/gcc/arm-none-eabi/4.9.3/armv6-m\libgcc.a(gedf2.o)
                0x00003ef8                __gedf2
                0x00003ef8                __gtdf2
 .text          0x00003fd8       0xcc c:/program files (x86)/cypress/psoc creator/3.3/psoc creator/import/gnu/arm/4.9.3/bin/../lib/gcc/arm-none-eabi/4.9.3/armv6-m\libgcc.a(ledf2.o)
                0x00003fd8                __ledf2
                0x00003fd8                __ltdf2
 .text          0x000040a4       0x18 c:/program files (x86)/cypress/psoc creator/3.3/psoc creator/import/gnu/arm/4.9.3/bin/../lib/gcc/arm-none-eabi/4.9.3/armv6-m\libgcc.a(_clzdi2.o)
                0x000040a4                __clzdi2
 .text.__errno  0x000040bc        0xc c:/program files (x86)/cypress/psoc creator/3.3/psoc creator/import/gnu/arm/4.9.3/bin/../lib/gcc/arm-none-eabi/4.9.3/../../../../arm-none-eabi/lib/armv6-m\libg_nano.a(lib_a-errno.o)
                0x000040bc                __errno
 .text.__libc_init_array
                0x000040c8       0x4c c:/program files (x86)/cypress/psoc creator/3.3/psoc creator/import/gnu/arm/4.9.3/bin/../lib/gcc/arm-none-eabi/4.9.3/../../../../arm-none-eabi/lib/armv6-m\libg_nano.a(lib_a-init.o)
                0x000040c8                __libc_init_array
 .text.memcpy   0x00004114       0x12 c:/program files (x86)/cypress/psoc creator/3.3/psoc creator/import/gnu/arm/4.9.3/bin/../lib/gcc/arm-none-eabi/4.9.3/../../../../arm-none-eabi/lib/armv6-m\libg_nano.a(lib_a-memcpy.o)
                0x00004114                memcpy
 .text.memset   0x00004126       0x10 c:/program files (x86)/cypress/psoc creator/3.3/psoc creator/import/gnu/arm/4.9.3/bin/../lib/gcc/arm-none-eabi/4.9.3/../../../../arm-none-eabi/lib/armv6-m\libg_nano.a(lib_a-memset.o)
                0x00004126                memset
 *fill*         0x00004136        0x2 
 .text.srand    0x00004138       0x5c c:/program files (x86)/cypress/psoc creator/3.3/psoc creator/import/gnu/arm/4.9.3/bin/../lib/gcc/arm-none-eabi/4.9.3/../../../../arm-none-eabi/lib/armv6-m\libg_nano.a(lib_a-rand.o)
                0x00004138                srand
 .text.rand     0x00004194       0x78 c:/program files (x86)/cypress/psoc creator/3.3/psoc creator/import/gnu/arm/4.9.3/bin/../lib/gcc/arm-none-eabi/4.9.3/../../../../arm-none-eabi/lib/armv6-m\libg_nano.a(lib_a-rand.o)
                0x00004194                rand
 .text.sprintf  0x0000420c       0x44 c:/program files (x86)/cypress/psoc creator/3.3/psoc creator/import/gnu/arm/4.9.3/bin/../lib/gcc/arm-none-eabi/4.9.3/../../../../arm-none-eabi/lib/armv6-m\libg_nano.a(lib_a-sprintf.o)
                0x0000420c                siprintf
                0x0000420c                sprintf
 .text.strcat   0x00004250       0x1a c:/program files (x86)/cypress/psoc creator/3.3/psoc creator/import/gnu/arm/4.9.3/bin/../lib/gcc/arm-none-eabi/4.9.3/../../../../arm-none-eabi/lib/armv6-m\libg_nano.a(lib_a-strcat.o)
                0x00004250                strcat
 .text.strncat  0x0000426a       0x28 c:/program files (x86)/cypress/psoc creator/3.3/psoc creator/import/gnu/arm/4.9.3/bin/../lib/gcc/arm-none-eabi/4.9.3/../../../../arm-none-eabi/lib/armv6-m\libg_nano.a(lib_a-strncat.o)
                0x0000426a                strncat
 *fill*         0x00004292        0x2 
 .text.malloc   0x00004294       0x14 c:/program files (x86)/cypress/psoc creator/3.3/psoc creator/import/gnu/arm/4.9.3/bin/../lib/gcc/arm-none-eabi/4.9.3/../../../../arm-none-eabi/lib/armv6-m\libg_nano.a(lib_a-malloc.o)
                0x00004294                malloc
 .text._free_r  0x000042a8       0x8c c:/program files (x86)/cypress/psoc creator/3.3/psoc creator/import/gnu/arm/4.9.3/bin/../lib/gcc/arm-none-eabi/4.9.3/../../../../arm-none-eabi/lib/armv6-m\libg_nano.a(lib_a-nano-freer.o)
                0x000042a8                _free_r
 .text._malloc_r
                0x00004334       0xb0 c:/program files (x86)/cypress/psoc creator/3.3/psoc creator/import/gnu/arm/4.9.3/bin/../lib/gcc/arm-none-eabi/4.9.3/../../../../arm-none-eabi/lib/armv6-m\libg_nano.a(lib_a-nano-mallocr.o)
                0x00004334                _malloc_r
 .text.__ssputs_r
                0x000043e4       0xc0 c:/program files (x86)/cypress/psoc creator/3.3/psoc creator/import/gnu/arm/4.9.3/bin/../lib/gcc/arm-none-eabi/4.9.3/../../../../arm-none-eabi/lib/armv6-m\libg_nano.a(lib_a-nano-svfprintf.o)
                0x000043e4                __ssputs_r
 .text._svfprintf_r
                0x000044a4      0x1ec c:/program files (x86)/cypress/psoc creator/3.3/psoc creator/import/gnu/arm/4.9.3/bin/../lib/gcc/arm-none-eabi/4.9.3/../../../../arm-none-eabi/lib/armv6-m\libg_nano.a(lib_a-nano-svfprintf.o)
                0x000044a4                _svfiprintf_r
                0x000044a4                _svfprintf_r
 .text._printf_common
                0x00004690       0xdc c:/program files (x86)/cypress/psoc creator/3.3/psoc creator/import/gnu/arm/4.9.3/bin/../lib/gcc/arm-none-eabi/4.9.3/../../../../arm-none-eabi/lib/armv6-m\libg_nano.a(lib_a-nano-vfprintf_i.o)
                0x00004690                _printf_common
 .text._printf_i
                0x0000476c      0x230 c:/program files (x86)/cypress/psoc creator/3.3/psoc creator/import/gnu/arm/4.9.3/bin/../lib/gcc/arm-none-eabi/4.9.3/../../../../arm-none-eabi/lib/armv6-m\libg_nano.a(lib_a-nano-vfprintf_i.o)
                0x0000476c                _printf_i
 .text._sbrk_r  0x0000499c       0x24 c:/program files (x86)/cypress/psoc creator/3.3/psoc creator/import/gnu/arm/4.9.3/bin/../lib/gcc/arm-none-eabi/4.9.3/../../../../arm-none-eabi/lib/armv6-m\libg_nano.a(lib_a-sbrkr.o)
                0x0000499c                _sbrk_r
 .text.memchr   0x000049c0       0x16 c:/program files (x86)/cypress/psoc creator/3.3/psoc creator/import/gnu/arm/4.9.3/bin/../lib/gcc/arm-none-eabi/4.9.3/../../../../arm-none-eabi/lib/armv6-m\libg_nano.a(lib_a-memchr.o)
                0x000049c0                memchr
 .text.memmove  0x000049d6       0x28 c:/program files (x86)/cypress/psoc creator/3.3/psoc creator/import/gnu/arm/4.9.3/bin/../lib/gcc/arm-none-eabi/4.9.3/../../../../arm-none-eabi/lib/armv6-m\libg_nano.a(lib_a-memmove.o)
                0x000049d6                memmove
 .text._realloc_r
                0x000049fe       0x4c c:/program files (x86)/cypress/psoc creator/3.3/psoc creator/import/gnu/arm/4.9.3/bin/../lib/gcc/arm-none-eabi/4.9.3/../../../../arm-none-eabi/lib/armv6-m\libg_nano.a(lib_a-nano-reallocr.o)
                0x000049fe                _realloc_r
 .text._malloc_usable_size_r
                0x00004a4a       0x16 c:/program files (x86)/cypress/psoc creator/3.3/psoc creator/import/gnu/arm/4.9.3/bin/../lib/gcc/arm-none-eabi/4.9.3/../../../../arm-none-eabi/lib/armv6-m\libg_nano.a(lib_a-nano-msizer.o)
                0x00004a4a                _malloc_usable_size_r
 *(.plt)
 *(.gnu.warning)
 *(.glue_7t)
 .glue_7t       0x00000000        0x0 linker stubs
 *(.glue_7)
 .glue_7        0x00000000        0x0 linker stubs
 *(.vfp11_veneer)
 .vfp11_veneer  0x00000000        0x0 linker stubs
 *(.bootloader)
 *(.ARM.extab* .gnu.linkonce.armextab.*)
 *(.gcc_except_table)

.v4_bx          0x00004a60        0x0
 .v4_bx         0x00000000        0x0 linker stubs

.iplt           0x00004a60        0x0
 .iplt          0x00000000        0x0 c:/program files (x86)/cypress/psoc creator/3.3/psoc creator/import/gnu/arm/4.9.3/bin/../lib/gcc/arm-none-eabi/4.9.3/armv6-m/crtbegin.o

.eh_frame_hdr
 *(.eh_frame_hdr)

.eh_frame       0x00004a60        0x4
 *(.eh_frame)
 .eh_frame      0x00004a60        0x0 c:/program files (x86)/cypress/psoc creator/3.3/psoc creator/import/gnu/arm/4.9.3/bin/../lib/gcc/arm-none-eabi/4.9.3/armv6-m/crtbegin.o
 .eh_frame      0x00004a60        0x4 c:/program files (x86)/cypress/psoc creator/3.3/psoc creator/import/gnu/arm/4.9.3/bin/../lib/gcc/arm-none-eabi/4.9.3/armv6-m/crtend.o
                0x00004a64                PROVIDE (__exidx_start, .)

.ARM.exidx      0x00004a64        0x8
 *(.ARM.exidx* .gnu.linkonce.armexidx.*)
 .ARM.exidx     0x00004a64        0x8 c:/program files (x86)/cypress/psoc creator/3.3/psoc creator/import/gnu/arm/4.9.3/bin/../lib/gcc/arm-none-eabi/4.9.3/armv6-m\libgcc.a(_divdi3.o)
 .ARM.exidx     0x00004a6c        0x0 c:/program files (x86)/cypress/psoc creator/3.3/psoc creator/import/gnu/arm/4.9.3/bin/../lib/gcc/arm-none-eabi/4.9.3/armv6-m\libgcc.a(_udivdi3.o)
                                  0x8 (size before relaxing)
                0x00004a6c                __exidx_end = .

.rodata         0x00004a6c      0x294
 *(.rodata .rodata.* .gnu.linkonce.r.*)
 .rodata        0x00004a6c       0x28 .\CortexM0\ARM_GCC_493\Debug\main.o
 .rodata.str1.1
                0x00004a94       0x51 .\CortexM0\ARM_GCC_493\Debug\main.o
                                 0x57 (size before relaxing)
 .rodata        0x00004ae5       0x19 .\CortexM0\ARM_GCC_493\Debug\OPT3001.o
 .rodata.str1.1
                0x00004afe       0x12 .\CortexM0\ARM_GCC_493\Debug\OPT3001.o
 .rodata        0x00004b10       0xf0 .\CortexM0\ARM_GCC_493\Debug\Expo_Controller2.a(cyfitter_cfg.o)
 .rodata        0x00004c00       0x24 .\CortexM0\ARM_GCC_493\Debug\Expo_Controller2.a(RTC.o)
                0x00004c00                RTC_daysBeforeMonthTbl
                0x00004c18                RTC_daysInMonthTbl
 .rodata        0x00004c24       0x2e .\CortexM0\ARM_GCC_493\Debug\Expo_Controller2.a(CyLib.o)
                0x00004c24                cyImoFreqMhz2Reg
 *fill*         0x00004c52        0x2 
 .rodata        0x00004c54       0x40 c:/program files (x86)/cypress/psoc creator/3.3/psoc creator/import/gnu/arm/4.9.3/bin/../lib/gcc/arm-none-eabi/4.9.3/armv6-m\libgcc.a(muldf3.o)
 .rodata.str1.1
                0x00004c94        0x2 c:/program files (x86)/cypress/psoc creator/3.3/psoc creator/import/gnu/arm/4.9.3/bin/../lib/gcc/arm-none-eabi/4.9.3/../../../../arm-none-eabi/lib/armv6-m\libg_nano.a(lib_a-impure.o)
 .rodata.str1.1
                0x00004c96       0x11 c:/program files (x86)/cypress/psoc creator/3.3/psoc creator/import/gnu/arm/4.9.3/bin/../lib/gcc/arm-none-eabi/4.9.3/../../../../arm-none-eabi/lib/armv6-m\libg_nano.a(lib_a-nano-svfprintf.o)
 .rodata.str1.1
                0x00004ca7       0x22 c:/program files (x86)/cypress/psoc creator/3.3/psoc creator/import/gnu/arm/4.9.3/bin/../lib/gcc/arm-none-eabi/4.9.3/../../../../arm-none-eabi/lib/armv6-m\libg_nano.a(lib_a-nano-vfprintf_i.o)
                0x00004ccc                . = ALIGN (0x4)
 *fill*         0x00004cc9        0x3 
 *(.init)
 .init          0x00004ccc        0x4 c:/program files (x86)/cypress/psoc creator/3.3/psoc creator/import/gnu/arm/4.9.3/bin/../lib/gcc/arm-none-eabi/4.9.3/armv6-m/crti.o
                0x00004ccc                _init
 .init          0x00004cd0        0x8 c:/program files (x86)/cypress/psoc creator/3.3/psoc creator/import/gnu/arm/4.9.3/bin/../lib/gcc/arm-none-eabi/4.9.3/armv6-m/crtn.o
                0x00004cd8                . = ALIGN (0x4)
                0x00004cd8                __preinit_array_start = .
 *(.preinit_array)
                0x00004cd8                __preinit_array_end = .
                0x00004cd8                . = ALIGN (0x4)
                0x00004cd8                __init_array_start = .
 *(SORT(.init_array.*))
 *(.init_array)
 .init_array    0x00004cd8        0x4 c:/program files (x86)/cypress/psoc creator/3.3/psoc creator/import/gnu/arm/4.9.3/bin/../lib/gcc/arm-none-eabi/4.9.3/armv6-m/crtbegin.o
 .init_array    0x00004cdc        0x4 .\CortexM0\ARM_GCC_493\Debug\Cm0Start.o
                0x00004ce0                __init_array_end = .
                0x00004ce0                . = ALIGN (0x4)
 *(.fini)
 .fini          0x00004ce0        0x4 c:/program files (x86)/cypress/psoc creator/3.3/psoc creator/import/gnu/arm/4.9.3/bin/../lib/gcc/arm-none-eabi/4.9.3/armv6-m/crti.o
                0x00004ce0                _fini
 .fini          0x00004ce4        0x8 c:/program files (x86)/cypress/psoc creator/3.3/psoc creator/import/gnu/arm/4.9.3/bin/../lib/gcc/arm-none-eabi/4.9.3/armv6-m/crtn.o
                0x00004cec                . = ALIGN (0x4)
                0x00004cec                __fini_array_start = .
 *(.fini_array)
 .fini_array    0x00004cec        0x4 c:/program files (x86)/cypress/psoc creator/3.3/psoc creator/import/gnu/arm/4.9.3/bin/../lib/gcc/arm-none-eabi/4.9.3/armv6-m/crtbegin.o
 *(SORT(.fini_array.*))
                0x00004cf0                __fini_array_end = .
                0x00004cf0                . = ALIGN (0x4)
 *crtbegin.o(.ctors)
 *(EXCLUDE_FILE(*crtend.o) .ctors)
 *(SORT(.ctors.*))
 *crtend.o(.ctors)
                0x00004cf0                . = ALIGN (0x4)
 *crtbegin.o(.dtors)
 *(EXCLUDE_FILE(*crtend.o) .dtors)
 *(SORT(.dtors.*))
 *crtend.o(.dtors)
                0x00004cf0                . = ALIGN (0x4)
                0x00004cf0                __cy_regions = .
                0x00004cf0        0x4 LONG 0x4d00 __cy_region_init_ram
                0x00004cf4        0x4 LONG 0x200000c8 __cy_region_start_data
                0x00004cf8        0x4 LONG 0x88 __cy_region_init_size_ram
                0x00004cfc        0x4 LONG 0x288 __cy_region_zero_size_ram
                0x00004d00                __cy_regions_end = .
                0x00004d00                . = ALIGN (0x8)
                0x00004d00                _etext = .

.cy_checksum_exclude
                0x00004d00        0x0
 *(.cy_checksum_exclude)

.ramvectors     0x20000000       0xc0
                0x20000000                __cy_region_start_ram = .
 *(.ramvectors)
 .ramvectors    0x20000000       0xc0 .\CortexM0\ARM_GCC_493\Debug\Cm0Start.o
                0x20000000                CyRamVectors

.noinit         0x200000c0        0x4
 *(.noinit)
 .noinit        0x200000c0        0x4 .\CortexM0\ARM_GCC_493\Debug\Cm0Start.o

.data           0x200000c8       0x88 load address 0x00004d00
                0x200000c8                __cy_region_start_data = .
 *(.jcr)
 .jcr           0x200000c8        0x0 c:/program files (x86)/cypress/psoc creator/3.3/psoc creator/import/gnu/arm/4.9.3/bin/../lib/gcc/arm-none-eabi/4.9.3/armv6-m/crtbegin.o
 .jcr           0x200000c8        0x4 c:/program files (x86)/cypress/psoc creator/3.3/psoc creator/import/gnu/arm/4.9.3/bin/../lib/gcc/arm-none-eabi/4.9.3/armv6-m/crtend.o
 *(.got.plt)
 *(.got)
 *(.shdata)
 *(.data .data.* .gnu.linkonce.d.*)
 .data          0x200000cc        0x4 .\CortexM0\ARM_GCC_493\Debug\Cm0Start.o
 .data          0x200000d0        0x4 .\CortexM0\ARM_GCC_493\Debug\Expo_Controller2.a(RTC.o)
                0x200000d0                RTC_alarmCfgMask
 .data          0x200000d4       0x10 .\CortexM0\ARM_GCC_493\Debug\Expo_Controller2.a(CyLib.o)
                0x200000d4                cydelay32kMs
                0x200000d8                cydelayFreqKhz
                0x200000dc                cydelayFreqMhz
                0x200000e0                cydelayFreqHz
 .data          0x200000e4        0x4 .\CortexM0\ARM_GCC_493\Debug\Expo_Controller2.a(CyLFClk.o)
 .data.impure_data
                0x200000e8       0x60 c:/program files (x86)/cypress/psoc creator/3.3/psoc creator/import/gnu/arm/4.9.3/bin/../lib/gcc/arm-none-eabi/4.9.3/../../../../arm-none-eabi/lib/armv6-m\libg_nano.a(lib_a-impure.o)
 .data._impure_ptr
                0x20000148        0x4 c:/program files (x86)/cypress/psoc creator/3.3/psoc creator/import/gnu/arm/4.9.3/bin/../lib/gcc/arm-none-eabi/4.9.3/../../../../arm-none-eabi/lib/armv6-m\libg_nano.a(lib_a-impure.o)
                0x20000148                _impure_ptr
                0x20000150                . = ALIGN (0x8)
 *fill*         0x2000014c        0x4 
 *(.ram)
                0x20000150                _edata = .

.igot.plt       0x20000150        0x0 load address 0x00004d88
 .igot.plt      0x00000000        0x0 c:/program files (x86)/cypress/psoc creator/3.3/psoc creator/import/gnu/arm/4.9.3/bin/../lib/gcc/arm-none-eabi/4.9.3/armv6-m/crtbegin.o

.bss            0x20000150      0x288 load address 0x00004d88
                0x20000150                PROVIDE (__bss_start__, .)
 *(.shbss)
 *(.bss .bss.* .gnu.linkonce.b.*)
 .bss           0x20000150       0x1c c:/program files (x86)/cypress/psoc creator/3.3/psoc creator/import/gnu/arm/4.9.3/bin/../lib/gcc/arm-none-eabi/4.9.3/armv6-m/crtbegin.o
 .bss           0x2000016c       0xd4 .\CortexM0\ARM_GCC_493\Debug\TaskDispatcher.o
 .bss           0x20000240        0xd .\CortexM0\ARM_GCC_493\Debug\bcd.o
 *fill*         0x2000024d        0x3 
 .bss           0x20000250        0x8 .\CortexM0\ARM_GCC_493\Debug\Expo_Controller2.a(I2C.o)
                0x20000250                I2C_initVar
                0x20000254                I2C_customIntrHandler
 .bss           0x20000258        0x1 .\CortexM0\ARM_GCC_493\Debug\Expo_Controller2.a(UART.o)
                0x20000258                UART_initVar
 *fill*         0x20000259        0x7 
 .bss           0x20000260       0x20 .\CortexM0\ARM_GCC_493\Debug\Expo_Controller2.a(RTC.o)
                0x20000268                RTC_alarmCallbackPtr
 .bss           0x20000280       0x1c .\CortexM0\ARM_GCC_493\Debug\Expo_Controller2.a(CyLFClk.o)
 .bss           0x2000029c        0x1 .\CortexM0\ARM_GCC_493\Debug\Expo_Controller2.a(PWM.o)
                0x2000029c                PWM_initVar
 .bss           0x2000029d        0x1 .\CortexM0\ARM_GCC_493\Debug\Expo_Controller2.a(Timer_RTOS.o)
                0x2000029d                Timer_RTOS_initVar
 *fill*         0x2000029e        0x2 
 .bss.__malloc_sbrk_start
                0x200002a0        0x4 c:/program files (x86)/cypress/psoc creator/3.3/psoc creator/import/gnu/arm/4.9.3/bin/../lib/gcc/arm-none-eabi/4.9.3/../../../../arm-none-eabi/lib/armv6-m\libg_nano.a(lib_a-nano-mallocr.o)
                0x200002a0                __malloc_sbrk_start
 .bss.__malloc_free_list
                0x200002a4        0x4 c:/program files (x86)/cypress/psoc creator/3.3/psoc creator/import/gnu/arm/4.9.3/bin/../lib/gcc/arm-none-eabi/4.9.3/../../../../arm-none-eabi/lib/armv6-m\libg_nano.a(lib_a-nano-mallocr.o)
                0x200002a4                __malloc_free_list
 *(COMMON)
 COMMON         0x200002a8       0xc8 .\CortexM0\ARM_GCC_493\Debug\main.o
                0x200002a8                Frame_Tail
                0x200002ac                TimeStruct
                0x200002b0                System_Timer
                0x200002d8                OPT_Out_String
                0x200002f2                Counter
                0x200002f4                GlobalStruct
                0x20000308                System_Timer_Flag
                0x2000030d                FrameDDR
                0x20000360                AlarmTime
 COMMON         0x20000370        0x1 .\CortexM0\ARM_GCC_493\Debug\Expo_Controller2.a(I2C_I2C.o)
                0x20000370                I2C_state
 *fill*         0x20000371        0x3 
 COMMON         0x20000374       0x24 .\CortexM0\ARM_GCC_493\Debug\Expo_Controller2.a(I2C_I2C_MASTER.o)
                0x20000374                I2C_mstrWrBufIndexTmp
                0x20000378                I2C_mstrWrBufIndex
                0x2000037c                I2C_mstrWrBufSize
                0x20000380                I2C_mstrStatus
                0x20000384                I2C_mstrRdBufPtr
                0x20000388                I2C_mstrControl
                0x2000038c                I2C_mstrRdBufSize
                0x20000390                I2C_mstrRdBufIndex
                0x20000394                I2C_mstrWrBufPtr
 COMMON         0x20000398       0x38 .\CortexM0\ARM_GCC_493\Debug\Expo_Controller2.a(RTC.o)
                0x20000398                RTC_initVar
                0x2000039c                RTC_alarmCfgTimeDate
                0x200003ac                RTC_currentTimeDate
                0x200003bc                RTC_alarmCurStatus
                0x200003c0                RTC_dstStatus
                0x200003c8                RTC_unixTime
 COMMON         0x200003d0        0x4 c:/program files (x86)/cypress/psoc creator/3.3/psoc creator/import/gnu/arm/4.9.3/bin/../lib/gcc/arm-none-eabi/4.9.3/../../../../arm-none-eabi/lib/armv6-m\libg_nano.a(lib_a-reent.o)
                0x200003d0                errno
                0x200003d8                . = ALIGN (0x8)
 *fill*         0x200003d4        0x4 
 *(.ram.b)
                0x200003d8                _end = .
                0x200003d8                __end = .
                0x200003d8                PROVIDE (end, .)
                0x200003d8                PROVIDE (__bss_end__, .)
                0x00004d00                __cy_region_init_ram = LOADADDR (.data)
                0x00000088                __cy_region_init_size_ram = (_edata - ADDR (.data))
                0x00000288                __cy_region_zero_size_ram = (_end - _edata)

.heap           0x200003d8       0x80 load address 0x00004d88
                0x200003d8                . = _end
                0x20000458                . = (. + 0x80)
 *fill*         0x200003d8       0x80 
                0x20000458                __cy_heap_limit = .

.stack          0x20000c00      0x400
                0x20000c00                __cy_stack_limit = .
                0x20001000                . = (. + 0x400)
 *fill*         0x20000c00      0x400 
                0x00000001                ASSERT ((__cy_stack_limit >= __cy_heap_limit), region RAM overflowed with stack)
                0x00000000                cy_checksum_exclude_size = (CY_APPL_LOADABLE == 0x1)?SIZEOF (.cy_checksum_exclude):0x0
                0x00000001                ASSERT ((cy_checksum_exclude_size <= CY_CHECKSUM_EXCLUDE_SIZE), CY_BOOT: Section .cy_checksum_exclude size exceedes specified limit.)
                0x00007fc0                cyloadermeta_start = (cy_project_type_bootloader || cy_project_type_app_for_stack_and_copier)?(0x8000 - CY_METADATA_SIZE):0xf0000000

.cyloadermeta
 *(.cyloadermeta)
                0x00007fc0                cyloadablemeta_start = cy_project_type_app_for_stack_and_copier?((0x8000 - CY_FLASH_ROW_SIZE) - CY_METADATA_SIZE):((0x8000 - (CY_FLASH_ROW_SIZE * (CY_APPL_NUM - 0x1))) - CY_METADATA_SIZE)

.cyloadablemeta
 *(.cyloadablemeta)

.cyflashprotect
                0x90400000       0x20
 *(.cyflashprotect)
 .cyflashprotect
                0x90400000       0x20 .\CortexM0\ARM_GCC_493\Debug\cymetadata.o
                0x90400000                cy_meta_flashprotect

.cymeta         0x90500000        0xc
 *(.cymeta)
 .cymeta        0x90500000        0xc .\CortexM0\ARM_GCC_493\Debug\cymetadata.o
                0x90500000                cy_metadata

.cychipprotect  0x90600000        0x1
 *(.cychipprotect)
 .cychipprotect
                0x90600000        0x1 .\CortexM0\ARM_GCC_493\Debug\cymetadata.o
                0x90600000                cy_meta_chipprotect

.rel.dyn        0x00004d88        0x0 load address 0x90600004
 .rel.iplt      0x00000000        0x0 c:/program files (x86)/cypress/psoc creator/3.3/psoc creator/import/gnu/arm/4.9.3/bin/../lib/gcc/arm-none-eabi/4.9.3/armv6-m/crtbegin.o

.stab
 *(.stab)

.stabstr
 *(.stabstr)

.debug
 *(.debug)

.line
 *(.line)

.debug_srcinfo
 *(.debug_srcinfo)

.debug_sfnames
 *(.debug_sfnames)

.debug_aranges  0x00000000      0xc68
 *(.debug_aranges)
 .debug_aranges
                0x00000000       0x98 .\CortexM0\ARM_GCC_493\Debug\main.o
 .debug_aranges
                0x00000098       0x48 .\CortexM0\ARM_GCC_493\Debug\OPT3001.o
 .debug_aranges
                0x000000e0       0x40 .\CortexM0\ARM_GCC_493\Debug\WS0010.o
 .debug_aranges
                0x00000120       0x58 .\CortexM0\ARM_GCC_493\Debug\TaskDispatcher.o
 .debug_aranges
                0x00000178       0x68 .\CortexM0\ARM_GCC_493\Debug\bcd.o
 .debug_aranges
                0x000001e0       0x18 .\CortexM0\ARM_GCC_493\Debug\cymetadata.o
 .debug_aranges
                0x000001f8       0x48 .\CortexM0\ARM_GCC_493\Debug\Cm0Start.o
 .debug_aranges
                0x00000240       0x38 .\CortexM0\ARM_GCC_493\Debug\Expo_Controller2.a(cyfitter_cfg.o)
 .debug_aranges
                0x00000278       0x58 .\CortexM0\ARM_GCC_493\Debug\Expo_Controller2.a(I2C.o)
 .debug_aranges
                0x000002d0       0x28 .\CortexM0\ARM_GCC_493\Debug\Expo_Controller2.a(I2C_I2C.o)
 .debug_aranges
                0x000002f8       0x88 .\CortexM0\ARM_GCC_493\Debug\Expo_Controller2.a(I2C_I2C_MASTER.o)
 .debug_aranges
                0x00000380       0x50 .\CortexM0\ARM_GCC_493\Debug\Expo_Controller2.a(UART.o)
 .debug_aranges
                0x000003d0       0x60 .\CortexM0\ARM_GCC_493\Debug\Expo_Controller2.a(UART_SPI_UART.o)
 .debug_aranges
                0x00000430       0x60 .\CortexM0\ARM_GCC_493\Debug\Expo_Controller2.a(UART_UART.o)
 .debug_aranges
                0x00000490      0x150 .\CortexM0\ARM_GCC_493\Debug\Expo_Controller2.a(RTC.o)
 .debug_aranges
                0x000005e0       0x40 .\CortexM0\ARM_GCC_493\Debug\Expo_Controller2.a(I2C_sda.o)
 .debug_aranges
                0x00000620       0x40 .\CortexM0\ARM_GCC_493\Debug\Expo_Controller2.a(I2C_scl.o)
 .debug_aranges
                0x00000660      0x170 .\CortexM0\ARM_GCC_493\Debug\Expo_Controller2.a(CyLib.o)
 .debug_aranges
                0x000007d0      0x100 .\CortexM0\ARM_GCC_493\Debug\Expo_Controller2.a(CyLFClk.o)
 .debug_aranges
                0x000008d0       0xa8 .\CortexM0\ARM_GCC_493\Debug\Expo_Controller2.a(PWM.o)
 .debug_aranges
                0x00000978       0x98 .\CortexM0\ARM_GCC_493\Debug\Expo_Controller2.a(LCD.o)
 .debug_aranges
                0x00000a10       0x80 .\CortexM0\ARM_GCC_493\Debug\Expo_Controller2.a(Timer_RTOS_ISR.o)
 .debug_aranges
                0x00000a90      0x158 .\CortexM0\ARM_GCC_493\Debug\Expo_Controller2.a(Timer_RTOS.o)
 .debug_aranges
                0x00000be8       0x40 .\CortexM0\ARM_GCC_493\Debug\Expo_Controller2.a(Bootloader_En.o)
 .debug_aranges
                0x00000c28       0x20 .\CortexM0\ARM_GCC_493\Debug\Expo_Controller2.a(I2C_I2C_INT.o)
 .debug_aranges
                0x00000c48       0x20 .\CortexM0\ARM_GCC_493\Debug\Expo_Controller2.a(CyBootAsmGnu.o)

.debug_pubnames
 *(.debug_pubnames)

.debug_info     0x00000000     0x8d2e
 *(.debug_info .gnu.linkonce.wi.*)
 .debug_info    0x00000000     0x1007 .\CortexM0\ARM_GCC_493\Debug\main.o
 .debug_info    0x00001007      0x7a2 .\CortexM0\ARM_GCC_493\Debug\OPT3001.o
 .debug_info    0x000017a9      0x3e8 .\CortexM0\ARM_GCC_493\Debug\WS0010.o
 .debug_info    0x00001b91      0x353 .\CortexM0\ARM_GCC_493\Debug\TaskDispatcher.o
 .debug_info    0x00001ee4      0x342 .\CortexM0\ARM_GCC_493\Debug\bcd.o
 .debug_info    0x00002226       0xfd .\CortexM0\ARM_GCC_493\Debug\cymetadata.o
 .debug_info    0x00002323      0x38a .\CortexM0\ARM_GCC_493\Debug\Cm0Start.o
 .debug_info    0x000026ad      0x493 .\CortexM0\ARM_GCC_493\Debug\Expo_Controller2.a(cyfitter_cfg.o)
 .debug_info    0x00002b40      0x2c0 .\CortexM0\ARM_GCC_493\Debug\Expo_Controller2.a(I2C.o)
 .debug_info    0x00002e00      0x1a8 .\CortexM0\ARM_GCC_493\Debug\Expo_Controller2.a(I2C_I2C.o)
 .debug_info    0x00002fa8      0x682 .\CortexM0\ARM_GCC_493\Debug\Expo_Controller2.a(I2C_I2C_MASTER.o)
 .debug_info    0x0000362a      0x22f .\CortexM0\ARM_GCC_493\Debug\Expo_Controller2.a(UART.o)
 .debug_info    0x00003859      0x219 .\CortexM0\ARM_GCC_493\Debug\Expo_Controller2.a(UART_SPI_UART.o)
 .debug_info    0x00003a72      0x2af .\CortexM0\ARM_GCC_493\Debug\Expo_Controller2.a(UART_UART.o)
 .debug_info    0x00003d21     0x1952 .\CortexM0\ARM_GCC_493\Debug\Expo_Controller2.a(RTC.o)
 .debug_info    0x00005673      0x14c .\CortexM0\ARM_GCC_493\Debug\Expo_Controller2.a(I2C_sda.o)
 .debug_info    0x000057bf      0x151 .\CortexM0\ARM_GCC_493\Debug\Expo_Controller2.a(I2C_scl.o)
 .debug_info    0x00005910      0xb69 .\CortexM0\ARM_GCC_493\Debug\Expo_Controller2.a(CyLib.o)
 .debug_info    0x00006479      0xd73 .\CortexM0\ARM_GCC_493\Debug\Expo_Controller2.a(CyLFClk.o)
 .debug_info    0x000071ec      0x406 .\CortexM0\ARM_GCC_493\Debug\Expo_Controller2.a(PWM.o)
 .debug_info    0x000075f2      0x747 .\CortexM0\ARM_GCC_493\Debug\Expo_Controller2.a(LCD.o)
 .debug_info    0x00007d39      0x34e .\CortexM0\ARM_GCC_493\Debug\Expo_Controller2.a(Timer_RTOS_ISR.o)
 .debug_info    0x00008087      0x932 .\CortexM0\ARM_GCC_493\Debug\Expo_Controller2.a(Timer_RTOS.o)
 .debug_info    0x000089b9      0x151 .\CortexM0\ARM_GCC_493\Debug\Expo_Controller2.a(Bootloader_En.o)
 .debug_info    0x00008b0a      0x18a .\CortexM0\ARM_GCC_493\Debug\Expo_Controller2.a(I2C_I2C_INT.o)
 .debug_info    0x00008c94       0x9a .\CortexM0\ARM_GCC_493\Debug\Expo_Controller2.a(CyBootAsmGnu.o)

.debug_abbrev   0x00000000     0x2b22
 *(.debug_abbrev)
 .debug_abbrev  0x00000000      0x39b .\CortexM0\ARM_GCC_493\Debug\main.o
 .debug_abbrev  0x0000039b      0x235 .\CortexM0\ARM_GCC_493\Debug\OPT3001.o
 .debug_abbrev  0x000005d0      0x17b .\CortexM0\ARM_GCC_493\Debug\WS0010.o
 .debug_abbrev  0x0000074b      0x190 .\CortexM0\ARM_GCC_493\Debug\TaskDispatcher.o
 .debug_abbrev  0x000008db       0xba .\CortexM0\ARM_GCC_493\Debug\bcd.o
 .debug_abbrev  0x00000995       0x5d .\CortexM0\ARM_GCC_493\Debug\cymetadata.o
 .debug_abbrev  0x000009f2      0x1fe .\CortexM0\ARM_GCC_493\Debug\Cm0Start.o
 .debug_abbrev  0x00000bf0      0x256 .\CortexM0\ARM_GCC_493\Debug\Expo_Controller2.a(cyfitter_cfg.o)
 .debug_abbrev  0x00000e46      0x1a2 .\CortexM0\ARM_GCC_493\Debug\Expo_Controller2.a(I2C.o)
 .debug_abbrev  0x00000fe8      0x100 .\CortexM0\ARM_GCC_493\Debug\Expo_Controller2.a(I2C_I2C.o)
 .debug_abbrev  0x000010e8      0x189 .\CortexM0\ARM_GCC_493\Debug\Expo_Controller2.a(I2C_I2C_MASTER.o)
 .debug_abbrev  0x00001271      0x134 .\CortexM0\ARM_GCC_493\Debug\Expo_Controller2.a(UART.o)
 .debug_abbrev  0x000013a5      0x176 .\CortexM0\ARM_GCC_493\Debug\Expo_Controller2.a(UART_SPI_UART.o)
 .debug_abbrev  0x0000151b      0x148 .\CortexM0\ARM_GCC_493\Debug\Expo_Controller2.a(UART_UART.o)
 .debug_abbrev  0x00001663      0x357 .\CortexM0\ARM_GCC_493\Debug\Expo_Controller2.a(RTC.o)
 .debug_abbrev  0x000019ba       0xc4 .\CortexM0\ARM_GCC_493\Debug\Expo_Controller2.a(I2C_sda.o)
 .debug_abbrev  0x00001a7e       0xc6 .\CortexM0\ARM_GCC_493\Debug\Expo_Controller2.a(I2C_scl.o)
 .debug_abbrev  0x00001b44      0x338 .\CortexM0\ARM_GCC_493\Debug\Expo_Controller2.a(CyLib.o)
 .debug_abbrev  0x00001e7c      0x35f .\CortexM0\ARM_GCC_493\Debug\Expo_Controller2.a(CyLFClk.o)
 .debug_abbrev  0x000021db      0x1d1 .\CortexM0\ARM_GCC_493\Debug\Expo_Controller2.a(PWM.o)
 .debug_abbrev  0x000023ac      0x1f3 .\CortexM0\ARM_GCC_493\Debug\Expo_Controller2.a(LCD.o)
 .debug_abbrev  0x0000259f      0x26b .\CortexM0\ARM_GCC_493\Debug\Expo_Controller2.a(Timer_RTOS_ISR.o)
 .debug_abbrev  0x0000280a      0x1a9 .\CortexM0\ARM_GCC_493\Debug\Expo_Controller2.a(Timer_RTOS.o)
 .debug_abbrev  0x000029b3       0xc6 .\CortexM0\ARM_GCC_493\Debug\Expo_Controller2.a(Bootloader_En.o)
 .debug_abbrev  0x00002a79       0x95 .\CortexM0\ARM_GCC_493\Debug\Expo_Controller2.a(I2C_I2C_INT.o)
 .debug_abbrev  0x00002b0e       0x14 .\CortexM0\ARM_GCC_493\Debug\Expo_Controller2.a(CyBootAsmGnu.o)

.debug_line     0x00000000     0x3ea0
 *(.debug_line)
 .debug_line    0x00000000      0x427 .\CortexM0\ARM_GCC_493\Debug\main.o
 .debug_line    0x00000427      0x2ff .\CortexM0\ARM_GCC_493\Debug\OPT3001.o
 .debug_line    0x00000726      0x1c3 .\CortexM0\ARM_GCC_493\Debug\WS0010.o
 .debug_line    0x000008e9      0x17b .\CortexM0\ARM_GCC_493\Debug\TaskDispatcher.o
 .debug_line    0x00000a64      0x5f0 .\CortexM0\ARM_GCC_493\Debug\bcd.o
 .debug_line    0x00001054       0x53 .\CortexM0\ARM_GCC_493\Debug\cymetadata.o
 .debug_line    0x000010a7      0x23c .\CortexM0\ARM_GCC_493\Debug\Cm0Start.o
 .debug_line    0x000012e3      0x1cc .\CortexM0\ARM_GCC_493\Debug\Expo_Controller2.a(cyfitter_cfg.o)
 .debug_line    0x000014af      0x164 .\CortexM0\ARM_GCC_493\Debug\Expo_Controller2.a(I2C.o)
 .debug_line    0x00001613       0xdd .\CortexM0\ARM_GCC_493\Debug\Expo_Controller2.a(I2C_I2C.o)
 .debug_line    0x000016f0      0x30d .\CortexM0\ARM_GCC_493\Debug\Expo_Controller2.a(I2C_I2C_MASTER.o)
 .debug_line    0x000019fd      0x140 .\CortexM0\ARM_GCC_493\Debug\Expo_Controller2.a(UART.o)
 .debug_line    0x00001b3d      0x13d .\CortexM0\ARM_GCC_493\Debug\Expo_Controller2.a(UART_SPI_UART.o)
 .debug_line    0x00001c7a      0x176 .\CortexM0\ARM_GCC_493\Debug\Expo_Controller2.a(UART_UART.o)
 .debug_line    0x00001df0      0x969 .\CortexM0\ARM_GCC_493\Debug\Expo_Controller2.a(RTC.o)
 .debug_line    0x00002759       0xb9 .\CortexM0\ARM_GCC_493\Debug\Expo_Controller2.a(I2C_sda.o)
 .debug_line    0x00002812       0xb6 .\CortexM0\ARM_GCC_493\Debug\Expo_Controller2.a(I2C_scl.o)
 .debug_line    0x000028c8      0x4c2 .\CortexM0\ARM_GCC_493\Debug\Expo_Controller2.a(CyLib.o)
 .debug_line    0x00002d8a      0x496 .\CortexM0\ARM_GCC_493\Debug\Expo_Controller2.a(CyLFClk.o)
 .debug_line    0x00003220      0x1fe .\CortexM0\ARM_GCC_493\Debug\Expo_Controller2.a(PWM.o)
 .debug_line    0x0000341e      0x248 .\CortexM0\ARM_GCC_493\Debug\Expo_Controller2.a(LCD.o)
 .debug_line    0x00003666      0x1d1 .\CortexM0\ARM_GCC_493\Debug\Expo_Controller2.a(Timer_RTOS_ISR.o)
 .debug_line    0x00003837      0x3e8 .\CortexM0\ARM_GCC_493\Debug\Expo_Controller2.a(Timer_RTOS.o)
 .debug_line    0x00003c1f       0xbc .\CortexM0\ARM_GCC_493\Debug\Expo_Controller2.a(Bootloader_En.o)
 .debug_line    0x00003cdb      0x15c .\CortexM0\ARM_GCC_493\Debug\Expo_Controller2.a(I2C_I2C_INT.o)
 .debug_line    0x00003e37       0x69 .\CortexM0\ARM_GCC_493\Debug\Expo_Controller2.a(CyBootAsmGnu.o)

.debug_frame    0x00000000     0x2694
 *(.debug_frame)
 .debug_frame   0x00000000      0x1fc .\CortexM0\ARM_GCC_493\Debug\main.o
 .debug_frame   0x000001fc       0xf0 .\CortexM0\ARM_GCC_493\Debug\OPT3001.o
 .debug_frame   0x000002ec       0xb4 .\CortexM0\ARM_GCC_493\Debug\WS0010.o
 .debug_frame   0x000003a0       0xf0 .\CortexM0\ARM_GCC_493\Debug\TaskDispatcher.o
 .debug_frame   0x00000490       0xf8 .\CortexM0\ARM_GCC_493\Debug\bcd.o
 .debug_frame   0x00000588       0xb0 .\CortexM0\ARM_GCC_493\Debug\Cm0Start.o
 .debug_frame   0x00000638       0x68 .\CortexM0\ARM_GCC_493\Debug\Expo_Controller2.a(cyfitter_cfg.o)
 .debug_frame   0x000006a0       0xc0 .\CortexM0\ARM_GCC_493\Debug\Expo_Controller2.a(I2C.o)
 .debug_frame   0x00000760       0x3c .\CortexM0\ARM_GCC_493\Debug\Expo_Controller2.a(I2C_I2C.o)
 .debug_frame   0x0000079c      0x1b4 .\CortexM0\ARM_GCC_493\Debug\Expo_Controller2.a(I2C_I2C_MASTER.o)
 .debug_frame   0x00000950       0xb0 .\CortexM0\ARM_GCC_493\Debug\Expo_Controller2.a(UART.o)
 .debug_frame   0x00000a00       0xb0 .\CortexM0\ARM_GCC_493\Debug\Expo_Controller2.a(UART_SPI_UART.o)
 .debug_frame   0x00000ab0       0xdc .\CortexM0\ARM_GCC_493\Debug\Expo_Controller2.a(UART_UART.o)
 .debug_frame   0x00000b8c      0x47c .\CortexM0\ARM_GCC_493\Debug\Expo_Controller2.a(RTC.o)
 .debug_frame   0x00001008       0x60 .\CortexM0\ARM_GCC_493\Debug\Expo_Controller2.a(I2C_sda.o)
 .debug_frame   0x00001068       0x60 .\CortexM0\ARM_GCC_493\Debug\Expo_Controller2.a(I2C_scl.o)
 .debug_frame   0x000010c8      0x36c .\CortexM0\ARM_GCC_493\Debug\Expo_Controller2.a(CyLib.o)
 .debug_frame   0x00001434      0x308 .\CortexM0\ARM_GCC_493\Debug\Expo_Controller2.a(CyLFClk.o)
 .debug_frame   0x0000173c      0x148 .\CortexM0\ARM_GCC_493\Debug\Expo_Controller2.a(PWM.o)
 .debug_frame   0x00001884      0x204 .\CortexM0\ARM_GCC_493\Debug\Expo_Controller2.a(LCD.o)
 .debug_frame   0x00001a88      0x104 .\CortexM0\ARM_GCC_493\Debug\Expo_Controller2.a(Timer_RTOS_ISR.o)
 .debug_frame   0x00001b8c      0x384 .\CortexM0\ARM_GCC_493\Debug\Expo_Controller2.a(Timer_RTOS.o)
 .debug_frame   0x00001f10       0x60 .\CortexM0\ARM_GCC_493\Debug\Expo_Controller2.a(Bootloader_En.o)
 .debug_frame   0x00001f70       0x38 .\CortexM0\ARM_GCC_493\Debug\Expo_Controller2.a(I2C_I2C_INT.o)
 .debug_frame   0x00001fa8       0x20 c:/program files (x86)/cypress/psoc creator/3.3/psoc creator/import/gnu/arm/4.9.3/bin/../lib/gcc/arm-none-eabi/4.9.3/armv6-m\libgcc.a(_udivsi3.o)
 .debug_frame   0x00001fc8       0x20 c:/program files (x86)/cypress/psoc creator/3.3/psoc creator/import/gnu/arm/4.9.3/bin/../lib/gcc/arm-none-eabi/4.9.3/armv6-m\libgcc.a(_divsi3.o)
 .debug_frame   0x00001fe8       0x2c c:/program files (x86)/cypress/psoc creator/3.3/psoc creator/import/gnu/arm/4.9.3/bin/../lib/gcc/arm-none-eabi/4.9.3/armv6-m\libgcc.a(_fixunsdfsi.o)
 .debug_frame   0x00002014       0x50 c:/program files (x86)/cypress/psoc creator/3.3/psoc creator/import/gnu/arm/4.9.3/bin/../lib/gcc/arm-none-eabi/4.9.3/armv6-m\libgcc.a(bpabi.o)
 .debug_frame   0x00002064       0x3c c:/program files (x86)/cypress/psoc creator/3.3/psoc creator/import/gnu/arm/4.9.3/bin/../lib/gcc/arm-none-eabi/4.9.3/armv6-m\libgcc.a(muldf3.o)
 .debug_frame   0x000020a0       0x3c c:/program files (x86)/cypress/psoc creator/3.3/psoc creator/import/gnu/arm/4.9.3/bin/../lib/gcc/arm-none-eabi/4.9.3/armv6-m\libgcc.a(subdf3.o)
 .debug_frame   0x000020dc       0x2c c:/program files (x86)/cypress/psoc creator/3.3/psoc creator/import/gnu/arm/4.9.3/bin/../lib/gcc/arm-none-eabi/4.9.3/armv6-m\libgcc.a(fixdfsi.o)
 .debug_frame   0x00002108       0x2c c:/program files (x86)/cypress/psoc creator/3.3/psoc creator/import/gnu/arm/4.9.3/bin/../lib/gcc/arm-none-eabi/4.9.3/armv6-m\libgcc.a(floatsidf.o)
 .debug_frame   0x00002134       0x34 c:/program files (x86)/cypress/psoc creator/3.3/psoc creator/import/gnu/arm/4.9.3/bin/../lib/gcc/arm-none-eabi/4.9.3/armv6-m\libgcc.a(_muldi3.o)
 .debug_frame   0x00002168       0x3c c:/program files (x86)/cypress/psoc creator/3.3/psoc creator/import/gnu/arm/4.9.3/bin/../lib/gcc/arm-none-eabi/4.9.3/armv6-m\libgcc.a(_divdi3.o)
 .debug_frame   0x000021a4       0x3c c:/program files (x86)/cypress/psoc creator/3.3/psoc creator/import/gnu/arm/4.9.3/bin/../lib/gcc/arm-none-eabi/4.9.3/armv6-m\libgcc.a(_udivdi3.o)
 .debug_frame   0x000021e0       0x38 c:/program files (x86)/cypress/psoc creator/3.3/psoc creator/import/gnu/arm/4.9.3/bin/../lib/gcc/arm-none-eabi/4.9.3/armv6-m\libgcc.a(eqdf2.o)
 .debug_frame   0x00002218       0x38 c:/program files (x86)/cypress/psoc creator/3.3/psoc creator/import/gnu/arm/4.9.3/bin/../lib/gcc/arm-none-eabi/4.9.3/armv6-m\libgcc.a(gedf2.o)
 .debug_frame   0x00002250       0x38 c:/program files (x86)/cypress/psoc creator/3.3/psoc creator/import/gnu/arm/4.9.3/bin/../lib/gcc/arm-none-eabi/4.9.3/armv6-m\libgcc.a(ledf2.o)
 .debug_frame   0x00002288       0x20 c:/program files (x86)/cypress/psoc creator/3.3/psoc creator/import/gnu/arm/4.9.3/bin/../lib/gcc/arm-none-eabi/4.9.3/../../../../arm-none-eabi/lib/armv6-m\libg_nano.a(lib_a-errno.o)
 .debug_frame   0x000022a8       0x28 c:/program files (x86)/cypress/psoc creator/3.3/psoc creator/import/gnu/arm/4.9.3/bin/../lib/gcc/arm-none-eabi/4.9.3/../../../../arm-none-eabi/lib/armv6-m\libg_nano.a(lib_a-exit.o)
 .debug_frame   0x000022d0       0x2c c:/program files (x86)/cypress/psoc creator/3.3/psoc creator/import/gnu/arm/4.9.3/bin/../lib/gcc/arm-none-eabi/4.9.3/../../../../arm-none-eabi/lib/armv6-m\libg_nano.a(lib_a-init.o)
 .debug_frame   0x000022fc       0x28 c:/program files (x86)/cypress/psoc creator/3.3/psoc creator/import/gnu/arm/4.9.3/bin/../lib/gcc/arm-none-eabi/4.9.3/../../../../arm-none-eabi/lib/armv6-m\libg_nano.a(lib_a-memcpy.o)
 .debug_frame   0x00002324       0x20 c:/program files (x86)/cypress/psoc creator/3.3/psoc creator/import/gnu/arm/4.9.3/bin/../lib/gcc/arm-none-eabi/4.9.3/../../../../arm-none-eabi/lib/armv6-m\libg_nano.a(lib_a-memset.o)
 .debug_frame   0x00002344       0x44 c:/program files (x86)/cypress/psoc creator/3.3/psoc creator/import/gnu/arm/4.9.3/bin/../lib/gcc/arm-none-eabi/4.9.3/../../../../arm-none-eabi/lib/armv6-m\libg_nano.a(lib_a-rand.o)
 .debug_frame   0x00002388       0x50 c:/program files (x86)/cypress/psoc creator/3.3/psoc creator/import/gnu/arm/4.9.3/bin/../lib/gcc/arm-none-eabi/4.9.3/../../../../arm-none-eabi/lib/armv6-m\libg_nano.a(lib_a-sprintf.o)
 .debug_frame   0x000023d8       0x28 c:/program files (x86)/cypress/psoc creator/3.3/psoc creator/import/gnu/arm/4.9.3/bin/../lib/gcc/arm-none-eabi/4.9.3/../../../../arm-none-eabi/lib/armv6-m\libg_nano.a(lib_a-strcat.o)
 .debug_frame   0x00002400       0x28 c:/program files (x86)/cypress/psoc creator/3.3/psoc creator/import/gnu/arm/4.9.3/bin/../lib/gcc/arm-none-eabi/4.9.3/../../../../arm-none-eabi/lib/armv6-m\libg_nano.a(lib_a-strncat.o)
 .debug_frame   0x00002428       0x40 c:/program files (x86)/cypress/psoc creator/3.3/psoc creator/import/gnu/arm/4.9.3/bin/../lib/gcc/arm-none-eabi/4.9.3/../../../../arm-none-eabi/lib/armv6-m\libg_nano.a(lib_a-malloc.o)
 .debug_frame   0x00002468       0x2c c:/program files (x86)/cypress/psoc creator/3.3/psoc creator/import/gnu/arm/4.9.3/bin/../lib/gcc/arm-none-eabi/4.9.3/../../../../arm-none-eabi/lib/armv6-m\libg_nano.a(lib_a-nano-freer.o)
 .debug_frame   0x00002494       0x2c c:/program files (x86)/cypress/psoc creator/3.3/psoc creator/import/gnu/arm/4.9.3/bin/../lib/gcc/arm-none-eabi/4.9.3/../../../../arm-none-eabi/lib/armv6-m\libg_nano.a(lib_a-nano-mallocr.o)
 .debug_frame   0x000024c0       0x74 c:/program files (x86)/cypress/psoc creator/3.3/psoc creator/import/gnu/arm/4.9.3/bin/../lib/gcc/arm-none-eabi/4.9.3/../../../../arm-none-eabi/lib/armv6-m\libg_nano.a(lib_a-nano-svfprintf.o)
 .debug_frame   0x00002534       0x54 c:/program files (x86)/cypress/psoc creator/3.3/psoc creator/import/gnu/arm/4.9.3/bin/../lib/gcc/arm-none-eabi/4.9.3/../../../../arm-none-eabi/lib/armv6-m\libg_nano.a(lib_a-nano-vfprintf_i.o)
 .debug_frame   0x00002588       0x2c c:/program files (x86)/cypress/psoc creator/3.3/psoc creator/import/gnu/arm/4.9.3/bin/../lib/gcc/arm-none-eabi/4.9.3/../../../../arm-none-eabi/lib/armv6-m\libg_nano.a(lib_a-sbrkr.o)
 .debug_frame   0x000025b4       0x20 c:/program files (x86)/cypress/psoc creator/3.3/psoc creator/import/gnu/arm/4.9.3/bin/../lib/gcc/arm-none-eabi/4.9.3/../../../../arm-none-eabi/lib/armv6-m\libg_nano.a(lib_a-memchr.o)
 .debug_frame   0x000025d4       0x28 c:/program files (x86)/cypress/psoc creator/3.3/psoc creator/import/gnu/arm/4.9.3/bin/../lib/gcc/arm-none-eabi/4.9.3/../../../../arm-none-eabi/lib/armv6-m\libg_nano.a(lib_a-memmove.o)
 .debug_frame   0x000025fc       0x30 c:/program files (x86)/cypress/psoc creator/3.3/psoc creator/import/gnu/arm/4.9.3/bin/../lib/gcc/arm-none-eabi/4.9.3/../../../../arm-none-eabi/lib/armv6-m\libg_nano.a(lib_a-nano-reallocr.o)
 .debug_frame   0x0000262c       0x48 c:/program files (x86)/cypress/psoc creator/3.3/psoc creator/import/gnu/arm/4.9.3/bin/../lib/gcc/arm-none-eabi/4.9.3/../../../../arm-none-eabi/lib/armv6-m\libg_nano.a(lib_a-reent.o)
 .debug_frame   0x00002674       0x20 c:/program files (x86)/cypress/psoc creator/3.3/psoc creator/import/gnu/arm/4.9.3/bin/../lib/gcc/arm-none-eabi/4.9.3/../../../../arm-none-eabi/lib/armv6-m\libg_nano.a(lib_a-nano-msizer.o)

.debug_str      0x00000000     0x2a2f
 *(.debug_str)
 .debug_str     0x00000000      0x56c .\CortexM0\ARM_GCC_493\Debug\main.o
                                0x5ea (size before relaxing)
 .debug_str     0x0000056c      0x124 .\CortexM0\ARM_GCC_493\Debug\OPT3001.o
                                0x345 (size before relaxing)
 .debug_str     0x00000690       0x7a .\CortexM0\ARM_GCC_493\Debug\WS0010.o
                                0x255 (size before relaxing)
 .debug_str     0x0000070a       0x86 .\CortexM0\ARM_GCC_493\Debug\TaskDispatcher.o
                                0x28e (size before relaxing)
 .debug_str     0x00000790       0x59 .\CortexM0\ARM_GCC_493\Debug\bcd.o
                                0x214 (size before relaxing)
 .debug_str     0x000007e9       0x5b .\CortexM0\ARM_GCC_493\Debug\cymetadata.o
                                0x1d8 (size before relaxing)
 .debug_str     0x00000844      0x148 .\CortexM0\ARM_GCC_493\Debug\Cm0Start.o
                                0x2ff (size before relaxing)
 .debug_str     0x0000098c      0x13c .\CortexM0\ARM_GCC_493\Debug\Expo_Controller2.a(cyfitter_cfg.o)
                                0x324 (size before relaxing)
 .debug_str     0x00000ac8      0x14d .\CortexM0\ARM_GCC_493\Debug\Expo_Controller2.a(I2C.o)
                                0x2ed (size before relaxing)
 .debug_str     0x00000c15       0x73 .\CortexM0\ARM_GCC_493\Debug\Expo_Controller2.a(I2C_I2C.o)
                                0x245 (size before relaxing)
 .debug_str     0x00000c88      0x1f0 .\CortexM0\ARM_GCC_493\Debug\Expo_Controller2.a(I2C_I2C_MASTER.o)
                                0x453 (size before relaxing)
 .debug_str     0x00000e78       0xfc .\CortexM0\ARM_GCC_493\Debug\Expo_Controller2.a(UART.o)
                                0x2ad (size before relaxing)
 .debug_str     0x00000f74      0x104 .\CortexM0\ARM_GCC_493\Debug\Expo_Controller2.a(UART_SPI_UART.o)
                                0x2cc (size before relaxing)
 .debug_str     0x00001078       0xbb .\CortexM0\ARM_GCC_493\Debug\Expo_Controller2.a(UART_UART.o)
                                0x2e9 (size before relaxing)
 .debug_str     0x00001133      0x622 .\CortexM0\ARM_GCC_493\Debug\Expo_Controller2.a(RTC.o)
                                0x873 (size before relaxing)
 .debug_str     0x00001755       0x84 .\CortexM0\ARM_GCC_493\Debug\Expo_Controller2.a(I2C_sda.o)
                                0x21d (size before relaxing)
 .debug_str     0x000017d9       0x63 .\CortexM0\ARM_GCC_493\Debug\Expo_Controller2.a(I2C_scl.o)
                                0x21d (size before relaxing)
 .debug_str     0x0000183c      0x409 .\CortexM0\ARM_GCC_493\Debug\Expo_Controller2.a(CyLib.o)
                                0x653 (size before relaxing)
 .debug_str     0x00001c45      0x468 .\CortexM0\ARM_GCC_493\Debug\Expo_Controller2.a(CyLFClk.o)
                                0x65d (size before relaxing)
 .debug_str     0x000020ad      0x183 .\CortexM0\ARM_GCC_493\Debug\Expo_Controller2.a(PWM.o)
                                0x34e (size before relaxing)
 .debug_str     0x00002230      0x12f .\CortexM0\ARM_GCC_493\Debug\Expo_Controller2.a(LCD.o)
                                0x32a (size before relaxing)
 .debug_str     0x0000235f      0x15e .\CortexM0\ARM_GCC_493\Debug\Expo_Controller2.a(Timer_RTOS_ISR.o)
                                0x366 (size before relaxing)
 .debug_str     0x000024bd      0x49a .\CortexM0\ARM_GCC_493\Debug\Expo_Controller2.a(Timer_RTOS.o)
                                0x681 (size before relaxing)
 .debug_str     0x00002957       0x8f .\CortexM0\ARM_GCC_493\Debug\Expo_Controller2.a(Bootloader_En.o)
                                0x241 (size before relaxing)
 .debug_str     0x000029e6       0x49 .\CortexM0\ARM_GCC_493\Debug\Expo_Controller2.a(I2C_I2C_INT.o)
                                0x2a8 (size before relaxing)

.debug_loc      0x00000000     0x571f
 *(.debug_loc)
 .debug_loc     0x00000000      0x24a .\CortexM0\ARM_GCC_493\Debug\main.o
 .debug_loc     0x0000024a      0x211 .\CortexM0\ARM_GCC_493\Debug\OPT3001.o
 .debug_loc     0x0000045b      0x1ee .\CortexM0\ARM_GCC_493\Debug\WS0010.o
 .debug_loc     0x00000649      0x160 .\CortexM0\ARM_GCC_493\Debug\TaskDispatcher.o
 .debug_loc     0x000007a9      0x8c7 .\CortexM0\ARM_GCC_493\Debug\bcd.o
 .debug_loc     0x00001070      0x1e9 .\CortexM0\ARM_GCC_493\Debug\Cm0Start.o
 .debug_loc     0x00001259      0x11a .\CortexM0\ARM_GCC_493\Debug\Expo_Controller2.a(cyfitter_cfg.o)
 .debug_loc     0x00001373       0x7e .\CortexM0\ARM_GCC_493\Debug\Expo_Controller2.a(I2C.o)
 .debug_loc     0x000013f1      0x5a2 .\CortexM0\ARM_GCC_493\Debug\Expo_Controller2.a(I2C_I2C_MASTER.o)
 .debug_loc     0x00001993       0x7e .\CortexM0\ARM_GCC_493\Debug\Expo_Controller2.a(UART.o)
 .debug_loc     0x00001a11       0xee .\CortexM0\ARM_GCC_493\Debug\Expo_Controller2.a(UART_SPI_UART.o)
 .debug_loc     0x00001aff      0x194 .\CortexM0\ARM_GCC_493\Debug\Expo_Controller2.a(UART_UART.o)
 .debug_loc     0x00001c93     0x208d .\CortexM0\ARM_GCC_493\Debug\Expo_Controller2.a(RTC.o)
 .debug_loc     0x00003d20       0x63 .\CortexM0\ARM_GCC_493\Debug\Expo_Controller2.a(I2C_sda.o)
 .debug_loc     0x00003d83       0x21 .\CortexM0\ARM_GCC_493\Debug\Expo_Controller2.a(I2C_scl.o)
 .debug_loc     0x00003da4      0x55e .\CortexM0\ARM_GCC_493\Debug\Expo_Controller2.a(CyLib.o)
 .debug_loc     0x00004302      0x918 .\CortexM0\ARM_GCC_493\Debug\Expo_Controller2.a(CyLFClk.o)
 .debug_loc     0x00004c1a       0x2b .\CortexM0\ARM_GCC_493\Debug\Expo_Controller2.a(PWM.o)
 .debug_loc     0x00004c45      0x3ea .\CortexM0\ARM_GCC_493\Debug\Expo_Controller2.a(LCD.o)
 .debug_loc     0x0000502f       0xaa .\CortexM0\ARM_GCC_493\Debug\Expo_Controller2.a(Timer_RTOS_ISR.o)
 .debug_loc     0x000050d9      0x53c .\CortexM0\ARM_GCC_493\Debug\Expo_Controller2.a(Timer_RTOS.o)
 .debug_loc     0x00005615       0x21 .\CortexM0\ARM_GCC_493\Debug\Expo_Controller2.a(Bootloader_En.o)
 .debug_loc     0x00005636       0xe9 .\CortexM0\ARM_GCC_493\Debug\Expo_Controller2.a(I2C_I2C_INT.o)

.debug_macinfo
 *(.debug_macinfo)

.debug_ranges   0x00000000      0xe90
 *(.debug_ranges)
 .debug_ranges  0x00000000       0xb8 .\CortexM0\ARM_GCC_493\Debug\main.o
 .debug_ranges  0x000000b8       0x38 .\CortexM0\ARM_GCC_493\Debug\OPT3001.o
 .debug_ranges  0x000000f0       0x30 .\CortexM0\ARM_GCC_493\Debug\WS0010.o
 .debug_ranges  0x00000120       0x48 .\CortexM0\ARM_GCC_493\Debug\TaskDispatcher.o
 .debug_ranges  0x00000168       0x58 .\CortexM0\ARM_GCC_493\Debug\bcd.o
 .debug_ranges  0x000001c0       0x38 .\CortexM0\ARM_GCC_493\Debug\Cm0Start.o
 .debug_ranges  0x000001f8       0xa0 .\CortexM0\ARM_GCC_493\Debug\Expo_Controller2.a(cyfitter_cfg.o)
 .debug_ranges  0x00000298       0x48 .\CortexM0\ARM_GCC_493\Debug\Expo_Controller2.a(I2C.o)
 .debug_ranges  0x000002e0       0x18 .\CortexM0\ARM_GCC_493\Debug\Expo_Controller2.a(I2C_I2C.o)
 .debug_ranges  0x000002f8       0x78 .\CortexM0\ARM_GCC_493\Debug\Expo_Controller2.a(I2C_I2C_MASTER.o)
 .debug_ranges  0x00000370       0x40 .\CortexM0\ARM_GCC_493\Debug\Expo_Controller2.a(UART.o)
 .debug_ranges  0x000003b0       0x50 .\CortexM0\ARM_GCC_493\Debug\Expo_Controller2.a(UART_SPI_UART.o)
 .debug_ranges  0x00000400       0x50 .\CortexM0\ARM_GCC_493\Debug\Expo_Controller2.a(UART_UART.o)
 .debug_ranges  0x00000450      0x2b8 .\CortexM0\ARM_GCC_493\Debug\Expo_Controller2.a(RTC.o)
 .debug_ranges  0x00000708       0x30 .\CortexM0\ARM_GCC_493\Debug\Expo_Controller2.a(I2C_sda.o)
 .debug_ranges  0x00000738       0x30 .\CortexM0\ARM_GCC_493\Debug\Expo_Controller2.a(I2C_scl.o)
 .debug_ranges  0x00000768      0x1d0 .\CortexM0\ARM_GCC_493\Debug\Expo_Controller2.a(CyLib.o)
 .debug_ranges  0x00000938      0x1c0 .\CortexM0\ARM_GCC_493\Debug\Expo_Controller2.a(CyLFClk.o)
 .debug_ranges  0x00000af8       0x98 .\CortexM0\ARM_GCC_493\Debug\Expo_Controller2.a(PWM.o)
 .debug_ranges  0x00000b90       0x88 .\CortexM0\ARM_GCC_493\Debug\Expo_Controller2.a(LCD.o)
 .debug_ranges  0x00000c18       0xf0 .\CortexM0\ARM_GCC_493\Debug\Expo_Controller2.a(Timer_RTOS_ISR.o)
 .debug_ranges  0x00000d08      0x148 .\CortexM0\ARM_GCC_493\Debug\Expo_Controller2.a(Timer_RTOS.o)
 .debug_ranges  0x00000e50       0x30 .\CortexM0\ARM_GCC_493\Debug\Expo_Controller2.a(Bootloader_En.o)
 .debug_ranges  0x00000e80       0x10 .\CortexM0\ARM_GCC_493\Debug\Expo_Controller2.a(I2C_I2C_INT.o)

.comment        0x00000000       0x70
 .comment       0x00000000       0x70 .\CortexM0\ARM_GCC_493\Debug\main.o
                                 0x71 (size before relaxing)
 .comment       0x00000000       0x71 .\CortexM0\ARM_GCC_493\Debug\OPT3001.o
 .comment       0x00000000       0x71 .\CortexM0\ARM_GCC_493\Debug\WS0010.o
 .comment       0x00000000       0x71 .\CortexM0\ARM_GCC_493\Debug\TaskDispatcher.o
 .comment       0x00000000       0x71 .\CortexM0\ARM_GCC_493\Debug\bcd.o
 .comment       0x00000000       0x71 .\CortexM0\ARM_GCC_493\Debug\cymetadata.o
 .comment       0x00000000       0x71 .\CortexM0\ARM_GCC_493\Debug\Cm0Start.o
 .comment       0x00000000       0x71 .\CortexM0\ARM_GCC_493\Debug\Expo_Controller2.a(cyfitter_cfg.o)
 .comment       0x00000000       0x71 .\CortexM0\ARM_GCC_493\Debug\Expo_Controller2.a(I2C.o)
 .comment       0x00000000       0x71 .\CortexM0\ARM_GCC_493\Debug\Expo_Controller2.a(I2C_I2C.o)
 .comment       0x00000000       0x71 .\CortexM0\ARM_GCC_493\Debug\Expo_Controller2.a(I2C_I2C_MASTER.o)
 .comment       0x00000000       0x71 .\CortexM0\ARM_GCC_493\Debug\Expo_Controller2.a(UART.o)
 .comment       0x00000000       0x71 .\CortexM0\ARM_GCC_493\Debug\Expo_Controller2.a(UART_SPI_UART.o)
 .comment       0x00000000       0x71 .\CortexM0\ARM_GCC_493\Debug\Expo_Controller2.a(UART_UART.o)
 .comment       0x00000000       0x71 .\CortexM0\ARM_GCC_493\Debug\Expo_Controller2.a(RTC.o)
 .comment       0x00000000       0x71 .\CortexM0\ARM_GCC_493\Debug\Expo_Controller2.a(I2C_sda.o)
 .comment       0x00000000       0x71 .\CortexM0\ARM_GCC_493\Debug\Expo_Controller2.a(I2C_scl.o)
 .comment       0x00000000       0x71 .\CortexM0\ARM_GCC_493\Debug\Expo_Controller2.a(CyLib.o)
 .comment       0x00000000       0x71 .\CortexM0\ARM_GCC_493\Debug\Expo_Controller2.a(CyLFClk.o)
 .comment       0x00000000       0x71 .\CortexM0\ARM_GCC_493\Debug\Expo_Controller2.a(PWM.o)
 .comment       0x00000000       0x71 .\CortexM0\ARM_GCC_493\Debug\Expo_Controller2.a(LCD.o)
 .comment       0x00000000       0x71 .\CortexM0\ARM_GCC_493\Debug\Expo_Controller2.a(Timer_RTOS_ISR.o)
 .comment       0x00000000       0x71 .\CortexM0\ARM_GCC_493\Debug\Expo_Controller2.a(Timer_RTOS.o)
 .comment       0x00000000       0x71 .\CortexM0\ARM_GCC_493\Debug\Expo_Controller2.a(Bootloader_En.o)
 .comment       0x00000000       0x71 .\CortexM0\ARM_GCC_493\Debug\Expo_Controller2.a(I2C_I2C_INT.o)

.debug_weaknames
 *(.debug_weaknames)

.debug_funcnames
 *(.debug_funcnames)

.debug_typenames
 *(.debug_typenames)

.debug_varnames
 *(.debug_varnames)

.note.gnu.arm.ident
 *(.note.gnu.arm.ident)

.ARM.attributes
                0x00000000       0x28
 *(.ARM.attributes)
 .ARM.attributes
                0x00000000       0x1e c:/program files (x86)/cypress/psoc creator/3.3/psoc creator/import/gnu/arm/4.9.3/bin/../lib/gcc/arm-none-eabi/4.9.3/armv6-m/crti.o
 .ARM.attributes
                0x0000001e       0x2c c:/program files (x86)/cypress/psoc creator/3.3/psoc creator/import/gnu/arm/4.9.3/bin/../lib/gcc/arm-none-eabi/4.9.3/armv6-m/crtbegin.o
 .ARM.attributes
                0x0000004a       0x1b c:/program files (x86)/cypress/psoc creator/3.3/psoc creator/import/gnu/arm/4.9.3/bin/../lib/gcc/arm-none-eabi/4.9.3/../../../../arm-none-eabi/lib/armv6-m/crt0.o
 .ARM.attributes
                0x00000065       0x31 .\CortexM0\ARM_GCC_493\Debug\main.o
 .ARM.attributes
                0x00000096       0x31 .\CortexM0\ARM_GCC_493\Debug\OPT3001.o
 .ARM.attributes
                0x000000c7       0x31 .\CortexM0\ARM_GCC_493\Debug\WS0010.o
 .ARM.attributes
                0x000000f8       0x31 .\CortexM0\ARM_GCC_493\Debug\TaskDispatcher.o
 .ARM.attributes
                0x00000129       0x31 .\CortexM0\ARM_GCC_493\Debug\bcd.o
 .ARM.attributes
                0x0000015a       0x31 .\CortexM0\ARM_GCC_493\Debug\cymetadata.o
 .ARM.attributes
                0x0000018b       0x31 .\CortexM0\ARM_GCC_493\Debug\Cm0Start.o
 .ARM.attributes
                0x000001bc       0x31 .\CortexM0\ARM_GCC_493\Debug\Expo_Controller2.a(cyfitter_cfg.o)
 .ARM.attributes
                0x000001ed       0x31 .\CortexM0\ARM_GCC_493\Debug\Expo_Controller2.a(I2C.o)
 .ARM.attributes
                0x0000021e       0x31 .\CortexM0\ARM_GCC_493\Debug\Expo_Controller2.a(I2C_I2C.o)
 .ARM.attributes
                0x0000024f       0x31 .\CortexM0\ARM_GCC_493\Debug\Expo_Controller2.a(I2C_I2C_MASTER.o)
 .ARM.attributes
                0x00000280       0x31 .\CortexM0\ARM_GCC_493\Debug\Expo_Controller2.a(UART.o)
 .ARM.attributes
                0x000002b1       0x31 .\CortexM0\ARM_GCC_493\Debug\Expo_Controller2.a(UART_SPI_UART.o)
 .ARM.attributes
                0x000002e2       0x31 .\CortexM0\ARM_GCC_493\Debug\Expo_Controller2.a(UART_UART.o)
 .ARM.attributes
                0x00000313       0x31 .\CortexM0\ARM_GCC_493\Debug\Expo_Controller2.a(RTC.o)
 .ARM.attributes
                0x00000344       0x31 .\CortexM0\ARM_GCC_493\Debug\Expo_Controller2.a(I2C_sda.o)
 .ARM.attributes
                0x00000375       0x31 .\CortexM0\ARM_GCC_493\Debug\Expo_Controller2.a(I2C_scl.o)
 .ARM.attributes
                0x000003a6       0x31 .\CortexM0\ARM_GCC_493\Debug\Expo_Controller2.a(CyLib.o)
 .ARM.attributes
                0x000003d7       0x31 .\CortexM0\ARM_GCC_493\Debug\Expo_Controller2.a(CyLFClk.o)
 .ARM.attributes
                0x00000408       0x31 .\CortexM0\ARM_GCC_493\Debug\Expo_Controller2.a(PWM.o)
 .ARM.attributes
                0x00000439       0x31 .\CortexM0\ARM_GCC_493\Debug\Expo_Controller2.a(LCD.o)
 .ARM.attributes
                0x0000046a       0x31 .\CortexM0\ARM_GCC_493\Debug\Expo_Controller2.a(Timer_RTOS_ISR.o)
 .ARM.attributes
                0x0000049b       0x31 .\CortexM0\ARM_GCC_493\Debug\Expo_Controller2.a(Timer_RTOS.o)
 .ARM.attributes
                0x000004cc       0x31 .\CortexM0\ARM_GCC_493\Debug\Expo_Controller2.a(Bootloader_En.o)
 .ARM.attributes
                0x000004fd       0x31 .\CortexM0\ARM_GCC_493\Debug\Expo_Controller2.a(I2C_I2C_INT.o)
 .ARM.attributes
                0x0000052e       0x21 .\CortexM0\ARM_GCC_493\Debug\Expo_Controller2.a(CyBootAsmGnu.o)
 .ARM.attributes
                0x0000054f       0x1e c:/program files (x86)/cypress/psoc creator/3.3/psoc creator/import/gnu/arm/4.9.3/bin/../lib/gcc/arm-none-eabi/4.9.3/armv6-m\libgcc.a(_thumb1_case_uqi.o)
 .ARM.attributes
                0x0000056d       0x1e c:/program files (x86)/cypress/psoc creator/3.3/psoc creator/import/gnu/arm/4.9.3/bin/../lib/gcc/arm-none-eabi/4.9.3/armv6-m\libgcc.a(_udivsi3.o)
 .ARM.attributes
                0x0000058b       0x1e c:/program files (x86)/cypress/psoc creator/3.3/psoc creator/import/gnu/arm/4.9.3/bin/../lib/gcc/arm-none-eabi/4.9.3/armv6-m\libgcc.a(_divsi3.o)
 .ARM.attributes
                0x000005a9       0x1e c:/program files (x86)/cypress/psoc creator/3.3/psoc creator/import/gnu/arm/4.9.3/bin/../lib/gcc/arm-none-eabi/4.9.3/armv6-m\libgcc.a(_dvmd_tls.o)
 .ARM.attributes
                0x000005c7       0x1e c:/program files (x86)/cypress/psoc creator/3.3/psoc creator/import/gnu/arm/4.9.3/bin/../lib/gcc/arm-none-eabi/4.9.3/armv6-m\libgcc.a(_aeabi_uldivmod.o)
 .ARM.attributes
                0x000005e5       0x2c c:/program files (x86)/cypress/psoc creator/3.3/psoc creator/import/gnu/arm/4.9.3/bin/../lib/gcc/arm-none-eabi/4.9.3/armv6-m\libgcc.a(_fixunsdfsi.o)
 .ARM.attributes
                0x00000611       0x2c c:/program files (x86)/cypress/psoc creator/3.3/psoc creator/import/gnu/arm/4.9.3/bin/../lib/gcc/arm-none-eabi/4.9.3/armv6-m\libgcc.a(bpabi.o)
 .ARM.attributes
                0x0000063d       0x2c c:/program files (x86)/cypress/psoc creator/3.3/psoc creator/import/gnu/arm/4.9.3/bin/../lib/gcc/arm-none-eabi/4.9.3/armv6-m\libgcc.a(muldf3.o)
 .ARM.attributes
                0x00000669       0x2c c:/program files (x86)/cypress/psoc creator/3.3/psoc creator/import/gnu/arm/4.9.3/bin/../lib/gcc/arm-none-eabi/4.9.3/armv6-m\libgcc.a(subdf3.o)
 .ARM.attributes
                0x00000695       0x2c c:/program files (x86)/cypress/psoc creator/3.3/psoc creator/import/gnu/arm/4.9.3/bin/../lib/gcc/arm-none-eabi/4.9.3/armv6-m\libgcc.a(fixdfsi.o)
 .ARM.attributes
                0x000006c1       0x2c c:/program files (x86)/cypress/psoc creator/3.3/psoc creator/import/gnu/arm/4.9.3/bin/../lib/gcc/arm-none-eabi/4.9.3/armv6-m\libgcc.a(floatsidf.o)
 .ARM.attributes
                0x000006ed       0x1e c:/program files (x86)/cypress/psoc creator/3.3/psoc creator/import/gnu/arm/4.9.3/bin/../lib/gcc/arm-none-eabi/4.9.3/armv6-m\libgcc.a(_arm_cmpdf2.o)
 .ARM.attributes
                0x0000070b       0x1e c:/program files (x86)/cypress/psoc creator/3.3/psoc creator/import/gnu/arm/4.9.3/bin/../lib/gcc/arm-none-eabi/4.9.3/armv6-m\libgcc.a(_clzsi2.o)
 .ARM.attributes
                0x00000729       0x2c c:/program files (x86)/cypress/psoc creator/3.3/psoc creator/import/gnu/arm/4.9.3/bin/../lib/gcc/arm-none-eabi/4.9.3/armv6-m\libgcc.a(_muldi3.o)
 .ARM.attributes
                0x00000755       0x2c c:/program files (x86)/cypress/psoc creator/3.3/psoc creator/import/gnu/arm/4.9.3/bin/../lib/gcc/arm-none-eabi/4.9.3/armv6-m\libgcc.a(_divdi3.o)
 .ARM.attributes
                0x00000781       0x2c c:/program files (x86)/cypress/psoc creator/3.3/psoc creator/import/gnu/arm/4.9.3/bin/../lib/gcc/arm-none-eabi/4.9.3/armv6-m\libgcc.a(_udivdi3.o)
 .ARM.attributes
                0x000007ad       0x2c c:/program files (x86)/cypress/psoc creator/3.3/psoc creator/import/gnu/arm/4.9.3/bin/../lib/gcc/arm-none-eabi/4.9.3/armv6-m\libgcc.a(eqdf2.o)
 .ARM.attributes
                0x000007d9       0x2c c:/program files (x86)/cypress/psoc creator/3.3/psoc creator/import/gnu/arm/4.9.3/bin/../lib/gcc/arm-none-eabi/4.9.3/armv6-m\libgcc.a(gedf2.o)
 .ARM.attributes
                0x00000805       0x2c c:/program files (x86)/cypress/psoc creator/3.3/psoc creator/import/gnu/arm/4.9.3/bin/../lib/gcc/arm-none-eabi/4.9.3/armv6-m\libgcc.a(ledf2.o)
 .ARM.attributes
                0x00000831       0x1e c:/program files (x86)/cypress/psoc creator/3.3/psoc creator/import/gnu/arm/4.9.3/bin/../lib/gcc/arm-none-eabi/4.9.3/armv6-m\libgcc.a(_clzdi2.o)
 .ARM.attributes
                0x0000084f       0x2c c:/program files (x86)/cypress/psoc creator/3.3/psoc creator/import/gnu/arm/4.9.3/bin/../lib/gcc/arm-none-eabi/4.9.3/../../../../arm-none-eabi/lib/armv6-m\libg_nano.a(lib_a-errno.o)
 .ARM.attributes
                0x0000087b       0x2c c:/program files (x86)/cypress/psoc creator/3.3/psoc creator/import/gnu/arm/4.9.3/bin/../lib/gcc/arm-none-eabi/4.9.3/../../../../arm-none-eabi/lib/armv6-m\libg_nano.a(lib_a-exit.o)
 .ARM.attributes
                0x000008a7       0x2c c:/program files (x86)/cypress/psoc creator/3.3/psoc creator/import/gnu/arm/4.9.3/bin/../lib/gcc/arm-none-eabi/4.9.3/../../../../arm-none-eabi/lib/armv6-m\libg_nano.a(lib_a-impure.o)
 .ARM.attributes
                0x000008d3       0x2c c:/program files (x86)/cypress/psoc creator/3.3/psoc creator/import/gnu/arm/4.9.3/bin/../lib/gcc/arm-none-eabi/4.9.3/../../../../arm-none-eabi/lib/armv6-m\libg_nano.a(lib_a-init.o)
 .ARM.attributes
                0x000008ff       0x2c c:/program files (x86)/cypress/psoc creator/3.3/psoc creator/import/gnu/arm/4.9.3/bin/../lib/gcc/arm-none-eabi/4.9.3/../../../../arm-none-eabi/lib/armv6-m\libg_nano.a(lib_a-memcpy.o)
 .ARM.attributes
                0x0000092b       0x2c c:/program files (x86)/cypress/psoc creator/3.3/psoc creator/import/gnu/arm/4.9.3/bin/../lib/gcc/arm-none-eabi/4.9.3/../../../../arm-none-eabi/lib/armv6-m\libg_nano.a(lib_a-memset.o)
 .ARM.attributes
                0x00000957       0x2c c:/program files (x86)/cypress/psoc creator/3.3/psoc creator/import/gnu/arm/4.9.3/bin/../lib/gcc/arm-none-eabi/4.9.3/../../../../arm-none-eabi/lib/armv6-m\libg_nano.a(lib_a-rand.o)
 .ARM.attributes
                0x00000983       0x2c c:/program files (x86)/cypress/psoc creator/3.3/psoc creator/import/gnu/arm/4.9.3/bin/../lib/gcc/arm-none-eabi/4.9.3/../../../../arm-none-eabi/lib/armv6-m\libg_nano.a(lib_a-sprintf.o)
 .ARM.attributes
                0x000009af       0x2c c:/program files (x86)/cypress/psoc creator/3.3/psoc creator/import/gnu/arm/4.9.3/bin/../lib/gcc/arm-none-eabi/4.9.3/../../../../arm-none-eabi/lib/armv6-m\libg_nano.a(lib_a-strcat.o)
 .ARM.attributes
                0x000009db       0x2c c:/program files (x86)/cypress/psoc creator/3.3/psoc creator/import/gnu/arm/4.9.3/bin/../lib/gcc/arm-none-eabi/4.9.3/../../../../arm-none-eabi/lib/armv6-m\libg_nano.a(lib_a-strncat.o)
 .ARM.attributes
                0x00000a07       0x2c c:/program files (x86)/cypress/psoc creator/3.3/psoc creator/import/gnu/arm/4.9.3/bin/../lib/gcc/arm-none-eabi/4.9.3/../../../../arm-none-eabi/lib/armv6-m\libg_nano.a(lib_a-malloc.o)
 .ARM.attributes
                0x00000a33       0x2c c:/program files (x86)/cypress/psoc creator/3.3/psoc creator/import/gnu/arm/4.9.3/bin/../lib/gcc/arm-none-eabi/4.9.3/../../../../arm-none-eabi/lib/armv6-m\libg_nano.a(lib_a-nano-freer.o)
 .ARM.attributes
                0x00000a5f       0x2c c:/program files (x86)/cypress/psoc creator/3.3/psoc creator/import/gnu/arm/4.9.3/bin/../lib/gcc/arm-none-eabi/4.9.3/../../../../arm-none-eabi/lib/armv6-m\libg_nano.a(lib_a-nano-mallocr.o)
 .ARM.attributes
                0x00000a8b       0x2c c:/program files (x86)/cypress/psoc creator/3.3/psoc creator/import/gnu/arm/4.9.3/bin/../lib/gcc/arm-none-eabi/4.9.3/../../../../arm-none-eabi/lib/armv6-m\libg_nano.a(lib_a-nano-svfprintf.o)
 .ARM.attributes
                0x00000ab7       0x2c c:/program files (x86)/cypress/psoc creator/3.3/psoc creator/import/gnu/arm/4.9.3/bin/../lib/gcc/arm-none-eabi/4.9.3/../../../../arm-none-eabi/lib/armv6-m\libg_nano.a(lib_a-nano-vfprintf_i.o)
 .ARM.attributes
                0x00000ae3       0x2c c:/program files (x86)/cypress/psoc creator/3.3/psoc creator/import/gnu/arm/4.9.3/bin/../lib/gcc/arm-none-eabi/4.9.3/../../../../arm-none-eabi/lib/armv6-m\libg_nano.a(lib_a-sbrkr.o)
 .ARM.attributes