Archive member included because of file (symbol)

.\CortexM0\ARM_GCC_493\Debug\Expo_Controller2.a(cyfitter_cfg.o)
                              .\CortexM0\ARM_GCC_493\Debug\Cm0Start.o (cyfitter_cfg)
.\CortexM0\ARM_GCC_493\Debug\Expo_Controller2.a(I2C.o)
                              .\CortexM0\ARM_GCC_493\Debug\main.o (I2C_Start)
.\CortexM0\ARM_GCC_493\Debug\Expo_Controller2.a(I2C_I2C.o)
                              .\CortexM0\ARM_GCC_493\Debug\Expo_Controller2.a(I2C.o) (I2C_I2CInit)
.\CortexM0\ARM_GCC_493\Debug\Expo_Controller2.a(I2C_I2C_MASTER.o)
                              .\CortexM0\ARM_GCC_493\Debug\OPT3001.o (I2C_I2CMasterSendStart)
.\CortexM0\ARM_GCC_493\Debug\Expo_Controller2.a(UART.o)
                              .\CortexM0\ARM_GCC_493\Debug\main.o (UART_Start)
.\CortexM0\ARM_GCC_493\Debug\Expo_Controller2.a(UART_SPI_UART.o)
                              .\CortexM0\ARM_GCC_493\Debug\main.o (UART_SpiUartReadRxData)
.\CortexM0\ARM_GCC_493\Debug\Expo_Controller2.a(UART_UART.o)
                              .\CortexM0\ARM_GCC_493\Debug\Expo_Controller2.a(UART.o) (UART_UartInit)
.\CortexM0\ARM_GCC_493\Debug\Expo_Controller2.a(RTC.o)
                              .\CortexM0\ARM_GCC_493\Debug\main.o (RTC_SetPeriod)
.\CortexM0\ARM_GCC_493\Debug\Expo_Controller2.a(I2C_sda.o)
                              .\CortexM0\ARM_GCC_493\Debug\Expo_Controller2.a(I2C_I2C_MASTER.o) (I2C_sda_Read)
.\CortexM0\ARM_GCC_493\Debug\Expo_Controller2.a(I2C_scl.o)
                              .\CortexM0\ARM_GCC_493\Debug\Expo_Controller2.a(I2C_I2C_MASTER.o) (I2C_scl_Write)
.\CortexM0\ARM_GCC_493\Debug\Expo_Controller2.a(CyLib.o)
                              .\CortexM0\ARM_GCC_493\Debug\Expo_Controller2.a(cyfitter_cfg.o) (CyIntSetVector)
.\CortexM0\ARM_GCC_493\Debug\Expo_Controller2.a(CyLFClk.o)
                              .\CortexM0\ARM_GCC_493\Debug\Expo_Controller2.a(cyfitter_cfg.o) (CySysWdtIsr)
.\CortexM0\ARM_GCC_493\Debug\Expo_Controller2.a(PWM.o)
                              .\CortexM0\ARM_GCC_493\Debug\main.o (PWM_Start)
.\CortexM0\ARM_GCC_493\Debug\Expo_Controller2.a(LCD.o)
                              .\CortexM0\ARM_GCC_493\Debug\WS0010.o (LCD_PutChar)
.\CortexM0\ARM_GCC_493\Debug\Expo_Controller2.a(Timer_RTOS_ISR.o)
                              .\CortexM0\ARM_GCC_493\Debug\TaskDispatcher.o (Timer_RTOS_ISR_StartEx)
.\CortexM0\ARM_GCC_493\Debug\Expo_Controller2.a(Timer_RTOS.o)
                              .\CortexM0\ARM_GCC_493\Debug\main.o (Timer_RTOS_Start)
.\CortexM0\ARM_GCC_493\Debug\Expo_Controller2.a(Bootloader_En.o)
                              .\CortexM0\ARM_GCC_493\Debug\main.o (Bootloader_En_Read)
.\CortexM0\ARM_GCC_493\Debug\Expo_Controller2.a(Bootloadable.o)
                              .\CortexM0\ARM_GCC_493\Debug\main.o (Bootloadable_Load)
.\CortexM0\ARM_GCC_493\Debug\Expo_Controller2.a(I2C_I2C_INT.o)
                              .\CortexM0\ARM_GCC_493\Debug\Expo_Controller2.a(I2C_I2C.o) (I2C_I2C_ISR)
.\CortexM0\ARM_GCC_493\Debug\Expo_Controller2.a(CyBootAsmGnu.o)
                              .\CortexM0\ARM_GCC_493\Debug\Expo_Controller2.a(CyLib.o) (CyDelayCycles)
.\CortexM0\ARM_GCC_493\Debug\Expo_Controller2.a(CyFlash.o)
                              .\CortexM0\ARM_GCC_493\Debug\Expo_Controller2.a(Bootloadable.o) (CySysFlashWriteRow)
c:/program files/cypress/psoc creator/3.3/psoc creator/import/gnu/arm/4.9.3/bin/../lib/gcc/arm-none-eabi/4.9.3/armv6-m\libgcc.a(_thumb1_case_uqi.o)
                              .\CortexM0\ARM_GCC_493\Debug\main.o (__gnu_thumb1_case_uqi)
c:/program files/cypress/psoc creator/3.3/psoc creator/import/gnu/arm/4.9.3/bin/../lib/gcc/arm-none-eabi/4.9.3/armv6-m\libgcc.a(_udivsi3.o)
                              .\CortexM0\ARM_GCC_493\Debug\main.o (__aeabi_uidiv)
c:/program files/cypress/psoc creator/3.3/psoc creator/import/gnu/arm/4.9.3/bin/../lib/gcc/arm-none-eabi/4.9.3/armv6-m\libgcc.a(_divsi3.o)
                              .\CortexM0\ARM_GCC_493\Debug\WS0010.o (__aeabi_idivmod)
c:/program files/cypress/psoc creator/3.3/psoc creator/import/gnu/arm/4.9.3/bin/../lib/gcc/arm-none-eabi/4.9.3/armv6-m\libgcc.a(_dvmd_tls.o)
                              c:/program files/cypress/psoc creator/3.3/psoc creator/import/gnu/arm/4.9.3/bin/../lib/gcc/arm-none-eabi/4.9.3/armv6-m\libgcc.a(_udivsi3.o) (__aeabi_idiv0)
c:/program files/cypress/psoc creator/3.3/psoc creator/import/gnu/arm/4.9.3/bin/../lib/gcc/arm-none-eabi/4.9.3/armv6-m\libgcc.a(_aeabi_uldivmod.o)
                              .\CortexM0\ARM_GCC_493\Debug\Expo_Controller2.a(RTC.o) (__aeabi_uldivmod)
c:/program files/cypress/psoc creator/3.3/psoc creator/import/gnu/arm/4.9.3/bin/../lib/gcc/arm-none-eabi/4.9.3/armv6-m\libgcc.a(_fixunsdfsi.o)
                              .\CortexM0\ARM_GCC_493\Debug\main.o (__aeabi_d2uiz)
c:/program files/cypress/psoc creator/3.3/psoc creator/import/gnu/arm/4.9.3/bin/../lib/gcc/arm-none-eabi/4.9.3/armv6-m\libgcc.a(bpabi.o)
[...]
Memory Configuration

Name             Origin             Length             Attributes
rom              0x00000000         0x00008000         xr
ram              0x20000000         0x00001000         xrw
*default*        0x00000000         0xffffffff

Linker script and memory map

LOAD c:/program files/cypress/psoc creator/3.3/psoc creator/import/gnu/arm/4.9.3/bin/../lib/gcc/arm-none-eabi/4.9.3/armv6-m/crti.o
LOAD c:/program files/cypress/psoc creator/3.3/psoc creator/import/gnu/arm/4.9.3/bin/../lib/gcc/arm-none-eabi/4.9.3/armv6-m/crtbegin.o
LOAD c:/program files/cypress/psoc creator/3.3/psoc creator/import/gnu/arm/4.9.3/bin/../lib/gcc/arm-none-eabi/4.9.3/../../../../arm-none-eabi/lib/armv6-m/crt0.o
START GROUP
LOAD .\CortexM0\ARM_GCC_493\Debug\main.o
LOAD .\CortexM0\ARM_GCC_493\Debug\OPT3001.o
LOAD .\CortexM0\ARM_GCC_493\Debug\WS0010.o
LOAD .\CortexM0\ARM_GCC_493\Debug\TaskDispatcher.o
LOAD .\CortexM0\ARM_GCC_493\Debug\bcd.o
LOAD .\CortexM0\ARM_GCC_493\Debug\cymetadata.o
LOAD .\CortexM0\ARM_GCC_493\Debug\Cm0Start.o
LOAD .\CortexM0\ARM_GCC_493\Debug\cybootloader.o
LOAD .\CortexM0\ARM_GCC_493\Debug\Expo_Controller2.a
LOAD C:\Program Files\Cypress\PSoC Creator\3.3\PSoC Creator\psoc\content\cycomponentlibrary\CyComponentLibrary.cylib\CortexM0\ARM_GCC_493\Debug\CyComponentLibrary.a
LOAD c:/program files/cypress/psoc creator/3.3/psoc creator/import/gnu/arm/4.9.3/bin/../lib/gcc/arm-none-eabi/4.9.3/../../../../arm-none-eabi/lib/armv6-m\libm.a
END GROUP
START GROUP
LOAD c:/program files/cypress/psoc creator/3.3/psoc creator/import/gnu/arm/4.9.3/bin/../lib/gcc/arm-none-eabi/4.9.3/armv6-m\libgcc.a
LOAD c:/program files/cypress/psoc creator/3.3/psoc creator/import/gnu/arm/4.9.3/bin/../lib/gcc/arm-none-eabi/4.9.3/../../../../arm-none-eabi/lib/armv6-m\libg_nano.a
LOAD c:/program files/cypress/psoc creator/3.3/psoc creator/import/gnu/arm/4.9.3/bin/../lib/gcc/arm-none-eabi/4.9.3/../../../../arm-none-eabi/lib/armv6-m\libc_nano.a
END GROUP
START GROUP
LOAD c:/program files/cypress/psoc creator/3.3/psoc creator/import/gnu/arm/4.9.3/bin/../lib/gcc/arm-none-eabi/4.9.3/armv6-m\libgcc.a
LOAD c:/program files/cypress/psoc creator/3.3/psoc creator/import/gnu/arm/4.9.3/bin/../lib/gcc/arm-none-eabi/4.9.3/../../../../arm-none-eabi/lib/armv6-m\libc_nano.a
END GROUP
LOAD c:/program files/cypress/psoc creator/3.3/psoc creator/import/gnu/arm/4.9.3/bin/../lib/gcc/arm-none-eabi/4.9.3/armv6-m/crtend.o
LOAD c:/program files/cypress/psoc creator/3.3/psoc creator/import/gnu/arm/4.9.3/bin/../lib/gcc/arm-none-eabi/4.9.3/armv6-m/crtn.o
START GROUP
LOAD c:/program files/cypress/psoc creator/3.3/psoc creator/import/gnu/arm/4.9.3/bin/../lib/gcc/arm-none-eabi/4.9.3/armv6-m\libgcc.a
LOAD c:/program files/cypress/psoc creator/3.3/psoc creator/import/gnu/arm/4.9.3/bin/../lib/gcc/arm-none-eabi/4.9.3/../../../../arm-none-eabi/lib/armv6-m\libc.a
LOAD c:/program files/cypress/psoc creator/3.3/psoc creator/import/gnu/arm/4.9.3/bin/../lib/gcc/arm-none-eabi/4.9.3/../../../../arm-none-eabi/lib/armv6-m\libnosys.a
END GROUP
                0x00000000                CY_APPL_ORIGIN = 0x0
                0x00000080                CY_FLASH_ROW_SIZE = 0x80
                0x00000001                CY_APPL_NUM = 0x1
                0x00000001                CY_APPL_MAX = 0x1
                0x00000040                CY_METADATA_SIZE = 0x40
                0x00000001                CY_APPL_LOADABLE = 0x1
                0x00000000                CY_CHECKSUM_EXCLUDE_SIZE = ALIGN (0x0, CY_FLASH_ROW_SIZE)
                0x00000000                CY_APP_FOR_STACK_AND_COPIER = 0x0
                0x200003e0                PROVIDE (__cy_heap_start, _end)
                0x00000001                PROVIDE (__cy_region_num, ((__cy_regions_end - __cy_regions) / 0x10))
                0x20001000                PROVIDE (__cy_stack, (ORIGIN (ram) + 0x1000))
                0x20000c00                PROVIDE (__cy_heap_end, (__cy_stack - 0x400))

.cybootloader   0x00000000      0xf00
 *(.cybootloader)
 .cybootloader  0x00000000      0xf00 .\CortexM0\ARM_GCC_493\Debug\cybootloader.o
                0x00000000                cy_bootloader
                0x00000f00                appl1_start = CY_APPL_ORIGIN?CY_APPL_ORIGIN:ALIGN (CY_FLASH_ROW_SIZE)
                0x00004700                appl2_start = (appl1_start + ALIGN ((((0x8000 - appl1_start) - (0x2 * CY_FLASH_ROW_SIZE)) / 0x2), CY_FLASH_ROW_SIZE))
                0x00000f00                appl_start = (CY_APPL_NUM == 0x1)?appl1_start:appl2_start
                0x00000000                cy_project_type_bootloader = (appl_start == 0x0)?0x1:0x0
                0x00000000                cy_project_type_app_for_stack_and_copier = (CY_APP_FOR_STACK_AND_COPIER == 0x1)?0x1:0x0

.text           0x00000f00     0x46e8
 CREATE_OBJECT_SYMBOLS
                0x00000f00                PROVIDE (__cy_interrupt_vector, RomVectors)
 *(.romvectors)
 .romvectors    0x00000f00       0x10 .\CortexM0\ARM_GCC_493\Debug\Cm0Start.o
                0x00000f00                RomVectors
                0x00000001                ASSERT ((. != __cy_interrupt_vector), No interrupt vector)
                0x00000001                ASSERT (CY_APPL_ORIGIN?(SIZEOF (.cybootloader) <= CY_APPL_ORIGIN):0x1, Wrong image location)
                0x00000f10                PROVIDE (__cy_reset, Reset)
 *(.text.Reset)
 .text.Reset    0x00000f10       0x10 .\CortexM0\ARM_GCC_493\Debug\Cm0Start.o
                0x00000f10                Reset
                0x00000001                ASSERT ((. != __cy_reset), No reset code)
 *(.psocinit)
 .psocinit      0x00000f20      0x250 .\CortexM0\ARM_GCC_493\Debug\Expo_Controller2.a(cyfitter_cfg.o)
                0x00000f20                cyfitter_cfg
                0x00001170                . = MAX (., 0x100)
 *(.text .text.* .gnu.linkonce.t.*)
 .text          0x00001170       0x60 c:/program files/cypress/psoc creator/3.3/psoc creator/import/gnu/arm/4.9.3/bin/../lib/gcc/arm-none-eabi/4.9.3/armv6-m/crtbegin.o
 .text.RTC_GetSecond
                0x000011d0       0x10 .\CortexM0\ARM_GCC_493\Debug\main.o
 .text.RTC_GetMinutes
                0x000011e0       0x10 .\CortexM0\ARM_GCC_493\Debug\main.o
 .text.WaitPowerStab
                0x000011f0       0x14 .\CortexM0\ARM_GCC_493\Debug\main.o
                0x000011f0                WaitPowerStab
 .text.Start_Display
                0x00001204       0x24 .\CortexM0\ARM_GCC_493\Debug\main.o
                0x00001204                Start_Display
 .text.Display_Controll
                0x00001228       0x34 .\CortexM0\ARM_GCC_493\Debug\main.o
                0x00001228                Display_Controll
 .text.Brightles_PID_Controll
                0x0000125c       0x80 .\CortexM0\ARM_GCC_493\Debug\main.o
                0x0000125c                Brightles_PID_Controll
 .text.Check_OPT
                0x000012dc       0x64 .\CortexM0\ARM_GCC_493\Debug\main.o
                0x000012dc                Check_OPT
 .text.OPT_Get_Result
                0x00001340       0x6c .\CortexM0\ARM_GCC_493\Debug\main.o
                0x00001340                OPT_Get_Result
 .text.Check_Boot
                0x000013ac       0x10 .\CortexM0\ARM_GCC_493\Debug\main.o
                0x000013ac                Check_Boot
 .text.Get_RealTimeString
                0x000013bc       0x54 .\CortexM0\ARM_GCC_493\Debug\main.o
                0x000013bc                Get_RealTimeString
 .text.ScreenSaver_Display
                0x00001410        0xc .\CortexM0\ARM_GCC_493\Debug\main.o
                0x00001410                ScreenSaver_Display
 .text.Get_AlarmTimeString
                0x0000141c       0xcc .\CortexM0\ARM_GCC_493\Debug\main.o
                0x0000141c                Get_AlarmTimeString
 .text.Main_Display_Print
                0x000014e8      0x10c .\CortexM0\ARM_GCC_493\Debug\main.o
                0x000014e8                Main_Display_Print
 .text.Initial  0x000015f4       0x64 .\CortexM0\ARM_GCC_493\Debug\main.o
                0x000015f4                Initial
 .text.startup.main
                0x00001658        0xc .\CortexM0\ARM_GCC_493\Debug\main.o
                0x00001658                main
 .text.I2C_ReadRegister
                0x00001664       0x72 .\CortexM0\ARM_GCC_493\Debug\OPT3001.o
                0x00001664                I2C_ReadRegister
 .text.OPT_IsReady
                0x000016d6       0x1a .\CortexM0\ARM_GCC_493\Debug\OPT3001.o
                0x000016d6                OPT_IsReady
 .text.I2C_WriteRegister
                0x000016f0       0x72 .\CortexM0\ARM_GCC_493\Debug\OPT3001.o
                0x000016f0                I2C_WriteRegister
 .text.OPT_ReadResult
                0x00001762       0x7e .\CortexM0\ARM_GCC_493\Debug\OPT3001.o
                0x00001762                OPT_ReadResult
 .text.OPT_StartConvert
                0x000017e0       0x30 .\CortexM0\ARM_GCC_493\Debug\OPT3001.o
                0x000017e0                OPT_StartConvert
 .text.OPT_GetResultString
                0x00001810       0xf4 .\CortexM0\ARM_GCC_493\Debug\OPT3001.o
                0x00001810                OPT_GetResultString
 .text.Enable_Frame_DDR
                0x00001904       0x30 .\CortexM0\ARM_GCC_493\Debug\WS0010.o
                0x00001904                Enable_Frame_DDR
 .text.LCD_WS0010Start
                0x00001934       0x3e .\CortexM0\ARM_GCC_493\Debug\WS0010.o
                0x00001934                LCD_WS0010Start
 *fill*         0x00001972        0x2 
 .text.Add_To_DDR
                0x00001974       0x94 .\CortexM0\ARM_GCC_493\Debug\WS0010.o
                0x00001974                Add_To_DDR
 .text.Print_DDR
                0x00001a08       0x30 .\CortexM0\ARM_GCC_493\Debug\WS0010.o
                0x00001a08                Print_DDR
 .text.Idle     0x00001a38        0x2 .\CortexM0\ARM_GCC_493\Debug\TaskDispatcher.o
                0x00001a38                Idle
 *fill*         0x00001a3a        0x2 
 .text.TaskManager
                0x00001a3c       0x34 .\CortexM0\ARM_GCC_493\Debug\TaskDispatcher.o
                0x00001a3c                TaskManager
 .text.SetTask  0x00001a70       0x28 .\CortexM0\ARM_GCC_493\Debug\TaskDispatcher.o
                0x00001a70                SetTask
 .text.SetTimerTask
                0x00001a98       0x4c .\CortexM0\ARM_GCC_493\Debug\TaskDispatcher.o
                0x00001a98                SetTimerTask
 .text.InitRTOS
                0x00001ae4       0x34 .\CortexM0\ARM_GCC_493\Debug\TaskDispatcher.o
                0x00001ae4                InitRTOS
 .text.RTOS_Start
                0x00001b18       0x14 .\CortexM0\ARM_GCC_493\Debug\TaskDispatcher.o
                0x00001b18                RTOS_Start
 .text.TimerService
                0x00001b2c       0x3c .\CortexM0\ARM_GCC_493\Debug\TaskDispatcher.o
                0x00001b2c                TimerService
 .text.TaskDispatcher_ISR
                0x00001b68        0xc .\CortexM0\ARM_GCC_493\Debug\TaskDispatcher.o
                0x00001b68                TaskDispatcher_ISR
 .text.BCD_GetPointerBuf
                0x00001b74        0x8 .\CortexM0\ARM_GCC_493\Debug\bcd.o
                0x00001b74                BCD_GetPointerBuf
 .text.BCD_Ulong
                0x00001b7c      0x168 .\CortexM0\ARM_GCC_493\Debug\bcd.o
                0x00001b7c                BCD_Ulong
 .text.IntDefaultHandler
                0x00001ce4        0x2 .\CortexM0\ARM_GCC_493\Debug\Cm0Start.o
                0x00001ce4                IntDefaultHandler
 *fill*         0x00001ce6        0x2 
 .text._sbrk    0x00001ce8       0x2c .\CortexM0\ARM_GCC_493\Debug\Cm0Start.o
                0x00001ce8                _sbrk
 .text.Start_c  0x00001d14       0x4c .\CortexM0\ARM_GCC_493\Debug\Cm0Start.o
                0x00001d14                Start_c
 .text.startup.initialize_psoc
                0x00001d60       0x50 .\CortexM0\ARM_GCC_493\Debug\Cm0Start.o
                0x00001d60                initialize_psoc
 .text.SetAnalogRoutingPumps
                0x00001db0       0x1c .\CortexM0\ARM_GCC_493\Debug\Expo_Controller2.a(cyfitter_cfg.o)
                0x00001db0                SetAnalogRoutingPumps
 .text.I2C_Enable
                0x00001dcc       0x1c .\CortexM0\ARM_GCC_493\Debug\Expo_Controller2.a(I2C.o)
                0x00001dcc                I2C_Enable
 .text.I2C_Start
                0x00001de8       0x1c .\CortexM0\ARM_GCC_493\Debug\Expo_Controller2.a(I2C.o)
                0x00001de8                I2C_Start
 .text.I2C_I2CInit
                0x00001e04       0xcc .\CortexM0\ARM_GCC_493\Debug\Expo_Controller2.a(I2C_I2C.o)
                0x00001e04                I2C_I2CInit
 .text.I2C_I2CMasterSendStart
                0x00001ed0       0xb8 .\CortexM0\ARM_GCC_493\Debug\Expo_Controller2.a(I2C_I2C_MASTER.o)
                0x00001ed0                I2C_I2CMasterSendStart
 .text.I2C_I2CMasterSendStop
                0x00001f88       0x7c .\CortexM0\ARM_GCC_493\Debug\Expo_Controller2.a(I2C_I2C_MASTER.o)
                0x00001f88                I2C_I2CMasterSendStop
 .text.I2C_I2CMasterWriteByte
                0x00002004       0x7c .\CortexM0\ARM_GCC_493\Debug\Expo_Controller2.a(I2C_I2C_MASTER.o)
                0x00002004                I2C_I2CMasterWriteByte
 .text.I2C_I2CMasterReadByte
                0x00002080       0x80 .\CortexM0\ARM_GCC_493\Debug\Expo_Controller2.a(I2C_I2C_MASTER.o)
                0x00002080                I2C_I2CMasterReadByte
 .text.I2C_I2CReStartGeneration
                0x00002100       0x8c .\CortexM0\ARM_GCC_493\Debug\Expo_Controller2.a(I2C_I2C_MASTER.o)
                0x00002100                I2C_I2CReStartGeneration
 .text.I2C_I2CMasterSendRestart
                0x0000218c       0xa8 .\CortexM0\ARM_GCC_493\Debug\Expo_Controller2.a(I2C_I2C_MASTER.o)
                0x0000218c                I2C_I2CMasterSendRestart
 .text.UART_Enable
                0x00002234       0x18 .\CortexM0\ARM_GCC_493\Debug\Expo_Controller2.a(UART.o)
                0x00002234                UART_Enable
 .text.UART_Start
                0x0000224c       0x1c .\CortexM0\ARM_GCC_493\Debug\Expo_Controller2.a(UART.o)
                0x0000224c                UART_Start
 .text.UART_UartInit
                0x00002268       0x90 .\CortexM0\ARM_GCC_493\Debug\Expo_Controller2.a(UART_UART.o)
                0x00002268                UART_UartInit
 .text.UART_UartPostEnable
                0x000022f8       0x1c .\CortexM0\ARM_GCC_493\Debug\Expo_Controller2.a(UART_UART.o)
                0x000022f8                UART_UartPostEnable
 .text.RTC_LeapYear
                0x00002314       0x24 .\CortexM0\ARM_GCC_493\Debug\Expo_Controller2.a(RTC.o)
 .text.RTC_GetMinutes
                0x00002338       0x10 .\CortexM0\ARM_GCC_493\Debug\Expo_Controller2.a(RTC.o)
 .text.RTC_GetHours
                0x00002348       0x10 .\CortexM0\ARM_GCC_493\Debug\Expo_Controller2.a(RTC.o)
 .text.RTC_GetDay
                0x00002358       0x10 .\CortexM0\ARM_GCC_493\Debug\Expo_Controller2.a(RTC.o)
 .text.RTC_GetMonth
                0x00002368       0x10 .\CortexM0\ARM_GCC_493\Debug\Expo_Controller2.a(RTC.o)
 .text.RTC_GetYear
                0x00002378       0x2a .\CortexM0\ARM_GCC_493\Debug\Expo_Controller2.a(RTC.o)
 .text.RTC_SetYear
                0x000023a2       0x52 .\CortexM0\ARM_GCC_493\Debug\Expo_Controller2.a(RTC.o)
 .text.RTC_ConstructDate
                0x000023f4       0x82 .\CortexM0\ARM_GCC_493\Debug\Expo_Controller2.a(RTC.o)
 .text.RTC_GetDayOfWeek
                0x00002476       0x4c .\CortexM0\ARM_GCC_493\Debug\Expo_Controller2.a(RTC.o)
 *fill*         0x000024c2        0x2 
 .text.RTC_SetPeriod
                0x000024c4        0xc .\CortexM0\ARM_GCC_493\Debug\Expo_Controller2.a(RTC.o)
                0x000024c4                RTC_SetPeriod
 .text.RTC_GetAlarmDateAndTime
                0x000024d0       0x14 .\CortexM0\ARM_GCC_493\Debug\Expo_Controller2.a(RTC.o)
                0x000024d0                RTC_GetAlarmDateAndTime
 .text.RTC_DateTimeToUnix
                0x000024e4       0xf8 .\CortexM0\ARM_GCC_493\Debug\Expo_Controller2.a(RTC.o)
                0x000024e4                RTC_DateTimeToUnix
 .text.RTC_DaysInMonth
                0x000025dc       0x20 .\CortexM0\ARM_GCC_493\Debug\Expo_Controller2.a(RTC.o)
                0x000025dc                RTC_DaysInMonth
 .text.RTC_UnixToDateTime
                0x000025fc      0x1ac .\CortexM0\ARM_GCC_493\Debug\Expo_Controller2.a(RTC.o)
                0x000025fc                RTC_UnixToDateTime
 .text.RTC_GetTime
                0x000027a8       0x30 .\CortexM0\ARM_GCC_493\Debug\Expo_Controller2.a(RTC.o)
                0x000027a8                RTC_GetTime
 .text.RTC_GetNexAlarmTime
                0x000027d8      0x1c0 .\CortexM0\ARM_GCC_493\Debug\Expo_Controller2.a(RTC.o)
                0x000027d8                RTC_GetNexAlarmTime
 .text.RTC_Update
                0x00002998       0x8c .\CortexM0\ARM_GCC_493\Debug\Expo_Controller2.a(RTC.o)
                0x00002998                RTC_Update
 .text.RTC_ConstructUnixAlarmTime
                0x00002a24      0x288 .\CortexM0\ARM_GCC_493\Debug\Expo_Controller2.a(RTC.o)
                0x00002a24                RTC_ConstructUnixAlarmTime
 .text.RTC_SetDateAndTime
                0x00002cac       0x68 .\CortexM0\ARM_GCC_493\Debug\Expo_Controller2.a(RTC.o)
                0x00002cac                RTC_SetDateAndTime
 .text.RTC_Init
                0x00002d14       0x40 .\CortexM0\ARM_GCC_493\Debug\Expo_Controller2.a(RTC.o)
                0x00002d14                RTC_Init
 .text.RTC_Start
                0x00002d54       0x14 .\CortexM0\ARM_GCC_493\Debug\Expo_Controller2.a(RTC.o)
                0x00002d54                RTC_Start
 .text.I2C_sda_Read
                0x00002d68       0x10 .\CortexM0\ARM_GCC_493\Debug\Expo_Controller2.a(I2C_sda.o)
                0x00002d68                I2C_sda_Read
 .text.I2C_scl_Write
                0x00002d78       0x18 .\CortexM0\ARM_GCC_493\Debug\Expo_Controller2.a(I2C_scl.o)
                0x00002d78                I2C_scl_Write
 .text.I2C_scl_Read
                0x00002d90       0x10 .\CortexM0\ARM_GCC_493\Debug\Expo_Controller2.a(I2C_scl.o)
                0x00002d90                I2C_scl_Read
 .text.CyIntSetVector
                0x00002da0       0x18 .\CortexM0\ARM_GCC_493\Debug\Expo_Controller2.a(CyLib.o)
                0x00002da0                CyIntSetVector
 .text.CyIntSetPriority
                0x00002db8       0x3c .\CortexM0\ARM_GCC_493\Debug\Expo_Controller2.a(CyLib.o)
                0x00002db8                CyIntSetPriority
 .text.CyIntEnable
                0x00002df4       0x14 .\CortexM0\ARM_GCC_493\Debug\Expo_Controller2.a(CyLib.o)
                0x00002df4                CyIntEnable
 .text.CyIntDisable
                0x00002e08       0x14 .\CortexM0\ARM_GCC_493\Debug\Expo_Controller2.a(CyLib.o)
                0x00002e08                CyIntDisable
 .text.CySoftwareReset
                0x00002e1c       0x18 .\CortexM0\ARM_GCC_493\Debug\Expo_Controller2.a(CyLib.o)
                0x00002e1c                CySoftwareReset
 .text.CyDelayUs
                0x00002e34       0x14 .\CortexM0\ARM_GCC_493\Debug\Expo_Controller2.a(CyLib.o)
                0x00002e34                CyDelayUs
 .text.CySysClkWriteImoFreq
                0x00002e48      0x128 .\CortexM0\ARM_GCC_493\Debug\Expo_Controller2.a(CyLib.o)
                0x00002e48                CySysClkWriteImoFreq
 .text.CySysWdtLock
                0x00002f70       0x1c .\CortexM0\ARM_GCC_493\Debug\Expo_Controller2.a(CyLFClk.o)
                0x00002f70                CySysWdtLock
 .text.CySysWdtUnlock
                0x00002f8c       0x30 .\CortexM0\ARM_GCC_493\Debug\Expo_Controller2.a(CyLFClk.o)
                0x00002f8c                CySysWdtUnlock
 .text.CySysWdtClearInterrupt
                0x00002fbc       0x54 .\CortexM0\ARM_GCC_493\Debug\Expo_Controller2.a(CyLFClk.o)
                0x00002fbc                CySysWdtClearInterrupt
 .text.CySysWdtIsr
                0x00003010       0xa0 .\CortexM0\ARM_GCC_493\Debug\Expo_Controller2.a(CyLFClk.o)
                0x00003010                CySysWdtIsr
 .text.PWM_Enable
                0x000030b0       0x10 .\CortexM0\ARM_GCC_493\Debug\Expo_Controller2.a(PWM.o)
                0x000030b0                PWM_Enable
 .text.PWM_ClearFIFO
                0x000030c0       0x18 .\CortexM0\ARM_GCC_493\Debug\Expo_Controller2.a(PWM.o)
                0x000030c0                PWM_ClearFIFO
 .text.PWM_Init
                0x000030d8       0x68 .\CortexM0\ARM_GCC_493\Debug\Expo_Controller2.a(PWM.o)
                0x000030d8                PWM_Init
 .text.PWM_Start
                0x00003140       0x1c .\CortexM0\ARM_GCC_493\Debug\Expo_Controller2.a(PWM.o)
                0x00003140                PWM_Start
 .text.PWM_WriteCompare1
                0x0000315c        0xc .\CortexM0\ARM_GCC_493\Debug\Expo_Controller2.a(PWM.o)
                0x0000315c                PWM_WriteCompare1
 .text.LCD_WrCntrlNib
                0x00003168       0x30 .\CortexM0\ARM_GCC_493\Debug\Expo_Controller2.a(LCD.o)
 .text.LCD_WrDatNib
                0x00003198       0x44 .\CortexM0\ARM_GCC_493\Debug\Expo_Controller2.a(LCD.o)
 .text.LCD_IsReady
                0x000031dc       0xac .\CortexM0\ARM_GCC_493\Debug\Expo_Controller2.a(LCD.o)
                0x000031dc                LCD_IsReady
 .text.LCD_WriteData
                0x00003288       0x18 .\CortexM0\ARM_GCC_493\Debug\Expo_Controller2.a(LCD.o)
                0x00003288                LCD_WriteData
 .text.LCD_PutChar
                0x000032a0        0x8 .\CortexM0\ARM_GCC_493\Debug\Expo_Controller2.a(LCD.o)
                0x000032a0                LCD_PutChar
 .text.LCD_WriteControl
                0x000032a8       0x18 .\CortexM0\ARM_GCC_493\Debug\Expo_Controller2.a(LCD.o)
                0x000032a8                LCD_WriteControl
 .text.LCD_Position
                0x000032c0       0x24 .\CortexM0\ARM_GCC_493\Debug\Expo_Controller2.a(LCD.o)
                0x000032c0                LCD_Position
 .text.Timer_RTOS_ISR_SetPriority
                0x000032e4       0x20 .\CortexM0\ARM_GCC_493\Debug\Expo_Controller2.a(Timer_RTOS_ISR.o)
                0x000032e4                Timer_RTOS_ISR_SetPriority
 .text.Timer_RTOS_ISR_StartEx
                0x00003304       0x24 .\CortexM0\ARM_GCC_493\Debug\Expo_Controller2.a(Timer_RTOS_ISR.o)
                0x00003304                Timer_RTOS_ISR_StartEx
 .text.Timer_RTOS_Init
                0x00003328       0x38 .\CortexM0\ARM_GCC_493\Debug\Expo_Controller2.a(Timer_RTOS.o)
                0x00003328                Timer_RTOS_Init
 .text.Timer_RTOS_TriggerCommand
                0x00003360       0x1c .\CortexM0\ARM_GCC_493\Debug\Expo_Controller2.a(Timer_RTOS.o)
                0x00003360                Timer_RTOS_TriggerCommand
 .text.Timer_RTOS_Enable
                0x0000337c       0x24 .\CortexM0\ARM_GCC_493\Debug\Expo_Controller2.a(Timer_RTOS.o)
                0x0000337c                Timer_RTOS_Enable
 .text.Timer_RTOS_Start
                0x000033a0       0x1c .\CortexM0\ARM_GCC_493\Debug\Expo_Controller2.a(Timer_RTOS.o)
                0x000033a0                Timer_RTOS_Start
 .text.Bootloader_En_Read
                0x000033bc       0x10 .\CortexM0\ARM_GCC_493\Debug\Expo_Controller2.a(Bootloader_En.o)
                0x000033bc                Bootloader_En_Read
 .text.Bootloadable_Load
                0x000033cc       0x14 .\CortexM0\ARM_GCC_493\Debug\Expo_Controller2.a(Bootloadable.o)
                0x000033cc                Bootloadable_Load
 .text.I2C_I2C_ISR
                0x000033e0      0x354 .\CortexM0\ARM_GCC_493\Debug\Expo_Controller2.a(I2C_I2C_INT.o)
                0x000033e0                I2C_I2C_ISR
 *fill*         0x00003734        0x4 
 .text          0x00003738       0x28 .\CortexM0\ARM_GCC_493\Debug\Expo_Controller2.a(CyBootAsmGnu.o)
                0x00003738                CyDelayCycles
                0x0000374c                CyEnterCriticalSection
                0x00003754                CyExitCriticalSection
 .text          0x00003760       0x14 c:/program files/cypress/psoc creator/3.3/psoc creator/import/gnu/arm/4.9.3/bin/../lib/gcc/arm-none-eabi/4.9.3/armv6-m\libgcc.a(_thumb1_case_uqi.o)
                0x00003760                __gnu_thumb1_case_uqi
 .text          0x00003774      0x120 c:/program files/cypress/psoc creator/3.3/psoc creator/import/gnu/arm/4.9.3/bin/../lib/gcc/arm-none-eabi/4.9.3/armv6-m\libgcc.a(_udivsi3.o)
                0x00003774                __aeabi_uidiv
                0x00003774                __udivsi3
                0x00003880                __aeabi_uidivmod
 .text          0x00003894        0x4 c:/program files/cypress/psoc creator/3.3/psoc creator/import/gnu/arm/4.9.3/bin/../lib/gcc/arm-none-eabi/4.9.3/armv6-m\libgcc.a(_dvmd_tls.o)
                0x00003894                __aeabi_idiv0
                0x00003894                __aeabi_ldiv0
 .text          0x00003898       0x40 c:/program files/cypress/psoc creator/3.3/psoc creator/import/gnu/arm/4.9.3/bin/../lib/gcc/arm-none-eabi/4.9.3/armv6-m\libgcc.a(_aeabi_uldivmod.o)
                0x00003898                __aeabi_uldivmod
 .text          0x000038d8       0x3c c:/program files/cypress/psoc creator/3.3/psoc creator/import/gnu/arm/4.9.3/bin/../lib/gcc/arm-none-eabi/4.9.3/armv6-m\libgcc.a(_fixunsdfsi.o)
                0x000038d8                __aeabi_d2uiz
                0x000038d8                __fixunsdfsi
 .text          0x00003914       0x6c c:/program files/cypress/psoc creator/3.3/psoc creator/import/gnu/arm/4.9.3/bin/../lib/gcc/arm-none-eabi/4.9.3/armv6-m\libgcc.a(bpabi.o)
                0x00003914                __gnu_ldivmod_helper
                0x0000394c                __gnu_uldivmod_helper
 .text          0x00003980      0x534 c:/program files/cypress/psoc creator/3.3/psoc creator/import/gnu/arm/4.9.3/bin/../lib/gcc/arm-none-eabi/4.9.3/armv6-m\libgcc.a(muldf3.o)
                0x00003980                __aeabi_dmul
 .text          0x00003eb4      0x6f4 c:/program files/cypress/psoc creator/3.3/psoc creator/import/gnu/arm/4.9.3/bin/../lib/gcc/arm-none-eabi/4.9.3/armv6-m\libgcc.a(subdf3.o)
                0x00003eb4                __aeabi_dsub
 .text          0x000045a8       0x6c c:/program files/cypress/psoc creator/3.3/psoc creator/import/gnu/arm/4.9.3/bin/../lib/gcc/arm-none-eabi/4.9.3/armv6-m\libgcc.a(fixdfsi.o)
                0x000045a8                __aeabi_d2iz
 .text          0x00004614       0x78 c:/program files/cypress/psoc creator/3.3/psoc creator/import/gnu/arm/4.9.3/bin/../lib/gcc/arm-none-eabi/4.9.3/armv6-m\libgcc.a(floatsidf.o)
                0x00004614                __aeabi_i2d
 .text          0x0000468c       0x7c c:/program files/cypress/psoc creator/3.3/psoc creator/import/gnu/arm/4.9.3/bin/../lib/gcc/arm-none-eabi/4.9.3/armv6-m\libgcc.a(_arm_cmpdf2.o)
                0x0000468c                __aeabi_cdrcmple
                0x0000469c                __aeabi_cdcmple
                0x0000469c                __aeabi_cdcmpeq
                0x000046ac                __aeabi_dcmpeq
                0x000046b8                __aeabi_dcmplt
                0x000046cc                __aeabi_dcmple
                0x000046e0                __aeabi_dcmpgt
                0x000046f4                __aeabi_dcmpge
 .text          0x00004708       0x3c c:/program files/cypress/psoc creator/3.3/psoc creator/import/gnu/arm/4.9.3/bin/../lib/gcc/arm-none-eabi/4.9.3/armv6-m\libgcc.a(_clzsi2.o)
                0x00004708                __clzsi2
 .text          0x00004744       0x54 c:/program files/cypress/psoc creator/3.3/psoc creator/import/gnu/arm/4.9.3/bin/../lib/gcc/arm-none-eabi/4.9.3/armv6-m\libgcc.a(_muldi3.o)
                0x00004744                __muldi3
                0x00004744                __aeabi_lmul
 .text          0x00004798      0x1f0 c:/program files/cypress/psoc creator/3.3/psoc creator/import/gnu/arm/4.9.3/bin/../lib/gcc/arm-none-eabi/4.9.3/armv6-m\libgcc.a(_divdi3.o)
                0x00004798                __divdi3
 .text          0x00004988      0x158 c:/program files/cypress/psoc creator/3.3/psoc creator/import/gnu/arm/4.9.3/bin/../lib/gcc/arm-none-eabi/4.9.3/armv6-m\libgcc.a(_udivdi3.o)
                0x00004988                __udivdi3
 .text          0x00004ae0       0x88 c:/program files/cypress/psoc creator/3.3/psoc creator/import/gnu/arm/4.9.3/bin/../lib/gcc/arm-none-eabi/4.9.3/armv6-m\libgcc.a(eqdf2.o)
                0x00004ae0                __nedf2
                0x00004ae0                __eqdf2
 .text          0x00004b68       0xe0 c:/program files/cypress/psoc creator/3.3/psoc creator/import/gnu/arm/4.9.3/bin/../lib/gcc/arm-none-eabi/4.9.3/armv6-m\libgcc.a(gedf2.o)
                0x00004b68                __gedf2
                0x00004b68                __gtdf2
 .text          0x00004c48       0xcc c:/program files/cypress/psoc creator/3.3/psoc creator/import/gnu/arm/4.9.3/bin/../lib/gcc/arm-none-eabi/4.9.3/armv6-m\libgcc.a(ledf2.o)
                0x00004c48                __ledf2
                0x00004c48                __ltdf2
 .text          0x00004d14       0x18 c:/program files/cypress/psoc creator/3.3/psoc creator/import/gnu/arm/4.9.3/bin/../lib/gcc/arm-none-eabi/4.9.3/armv6-m\libgcc.a(_clzdi2.o)
                0x00004d14                __clzdi2
 .text.__errno  0x00004d2c        0xc c:/program files/cypress/psoc creator/3.3/psoc creator/import/gnu/arm/4.9.3/bin/../lib/gcc/arm-none-eabi/4.9.3/../../../../arm-none-eabi/lib/armv6-m\libg_nano.a(lib_a-errno.o)
                0x00004d2c                __errno
 .text.__libc_init_array
                0x00004d38       0x4c c:/program files/cypress/psoc creator/3.3/psoc creator/import/gnu/arm/4.9.3/bin/../lib/gcc/arm-none-eabi/4.9.3/../../../../arm-none-eabi/lib/armv6-m\libg_nano.a(lib_a-init.o)
                0x00004d38                __libc_init_array
 .text.memcpy   0x00004d84       0x12 c:/program files/cypress/psoc creator/3.3/psoc creator/import/gnu/arm/4.9.3/bin/../lib/gcc/arm-none-eabi/4.9.3/../../../../arm-none-eabi/lib/armv6-m\libg_nano.a(lib_a-memcpy.o)
                0x00004d84                memcpy
 .text.memset   0x00004d96       0x10 c:/program files/cypress/psoc creator/3.3/psoc creator/import/gnu/arm/4.9.3/bin/../lib/gcc/arm-none-eabi/4.9.3/../../../../arm-none-eabi/lib/armv6-m\libg_nano.a(lib_a-memset.o)
                0x00004d96                memset
 *fill*         0x00004da6        0x2 
 .text.sprintf  0x00004da8       0x44 c:/program files/cypress/psoc creator/3.3/psoc creator/import/gnu/arm/4.9.3/bin/../lib/gcc/arm-none-eabi/4.9.3/../../../../arm-none-eabi/lib/armv6-m\libg_nano.a(lib_a-sprintf.o)
                0x00004da8                siprintf
                0x00004da8                sprintf
 .text.strcat   0x00004dec       0x1a c:/program files/cypress/psoc creator/3.3/psoc creator/import/gnu/arm/4.9.3/bin/../lib/gcc/arm-none-eabi/4.9.3/../../../../arm-none-eabi/lib/armv6-m\libg_nano.a(lib_a-strcat.o)
                0x00004dec                strcat
 .text.strncat  0x00004e06       0x28 c:/program files/cypress/psoc creator/3.3/psoc creator/import/gnu/arm/4.9.3/bin/../lib/gcc/arm-none-eabi/4.9.3/../../../../arm-none-eabi/lib/armv6-m\libg_nano.a(lib_a-strncat.o)
                0x00004e06                strncat
 *fill*         0x00004e2e        0x2 
 .text._free_r  0x00004e30       0x8c c:/program files/cypress/psoc creator/3.3/psoc creator/import/gnu/arm/4.9.3/bin/../lib/gcc/arm-none-eabi/4.9.3/../../../../arm-none-eabi/lib/armv6-m\libg_nano.a(lib_a-nano-freer.o)
                0x00004e30                _free_r
 .text._malloc_r
                0x00004ebc       0xb0 c:/program files/cypress/psoc creator/3.3/psoc creator/import/gnu/arm/4.9.3/bin/../lib/gcc/arm-none-eabi/4.9.3/../../../../arm-none-eabi/lib/armv6-m\libg_nano.a(lib_a-nano-mallocr.o)
                0x00004ebc                _malloc_r
 .text.__ssputs_r
                0x00004f6c       0xc0 c:/program files/cypress/psoc creator/3.3/psoc creator/import/gnu/arm/4.9.3/bin/../lib/gcc/arm-none-eabi/4.9.3/../../../../arm-none-eabi/lib/armv6-m\libg_nano.a(lib_a-nano-svfprintf.o)
                0x00004f6c                __ssputs_r
 .text._svfprintf_r
                0x0000502c      0x1ec c:/program files/cypress/psoc creator/3.3/psoc creator/import/gnu/arm/4.9.3/bin/../lib/gcc/arm-none-eabi/4.9.3/../../../../arm-none-eabi/lib/armv6-m\libg_nano.a(lib_a-nano-svfprintf.o)
                0x0000502c                _svfiprintf_r
                0x0000502c                _svfprintf_r
 .text._printf_common
                0x00005218       0xdc c:/program files/cypress/psoc creator/3.3/psoc creator/import/gnu/arm/4.9.3/bin/../lib/gcc/arm-none-eabi/4.9.3/../../../../arm-none-eabi/lib/armv6-m\libg_nano.a(lib_a-nano-vfprintf_i.o)
                0x00005218                _printf_common
 .text._printf_i
                0x000052f4      0x230 c:/program files/cypress/psoc creator/3.3/psoc creator/import/gnu/arm/4.9.3/bin/../lib/gcc/arm-none-eabi/4.9.3/../../../../arm-none-eabi/lib/armv6-m\libg_nano.a(lib_a-nano-vfprintf_i.o)
                0x000052f4                _printf_i
 .text._sbrk_r  0x00005524       0x24 c:/program files/cypress/psoc creator/3.3/psoc creator/import/gnu/arm/4.9.3/bin/../lib/gcc/arm-none-eabi/4.9.3/../../../../arm-none-eabi/lib/armv6-m\libg_nano.a(lib_a-sbrkr.o)
                0x00005524                _sbrk_r
 .text.memchr   0x00005548       0x16 c:/program files/cypress/psoc creator/3.3/psoc creator/import/gnu/arm/4.9.3/bin/../lib/gcc/arm-none-eabi/4.9.3/../../../../arm-none-eabi/lib/armv6-m\libg_nano.a(lib_a-memchr.o)
                0x00005548                memchr
 .text.memmove  0x0000555e       0x28 c:/program files/cypress/psoc creator/3.3/psoc creator/import/gnu/arm/4.9.3/bin/../lib/gcc/arm-none-eabi/4.9.3/../../../../arm-none-eabi/lib/armv6-m\libg_nano.a(lib_a-memmove.o)
                0x0000555e                memmove
 .text._realloc_r
                0x00005586       0x4c c:/program files/cypress/psoc creator/3.3/psoc creator/import/gnu/arm/4.9.3/bin/../lib/gcc/arm-none-eabi/4.9.3/../../../../arm-none-eabi/lib/armv6-m\libg_nano.a(lib_a-nano-reallocr.o)
                0x00005586                _realloc_r
 .text._malloc_usable_size_r
                0x000055d2       0x16 c:/program files/cypress/psoc creator/3.3/psoc creator/import/gnu/arm/4.9.3/bin/../lib/gcc/arm-none-eabi/4.9.3/../../../../arm-none-eabi/lib/armv6-m\libg_nano.a(lib_a-nano-msizer.o)
                0x000055d2                _malloc_usable_size_r
 *(.plt)
 *(.gnu.warning)
 *(.glue_7t)
 .glue_7t       0x00000000        0x0 linker stubs
 *(.glue_7)
 .glue_7        0x00000000        0x0 linker stubs
 *(.vfp11_veneer)
 .vfp11_veneer  0x00000000        0x0 linker stubs
 *(.bootloader)
 *(.ARM.extab* .gnu.linkonce.armextab.*)
 *(.gcc_except_table)

.v4_bx          0x000055e8        0x0
 .v4_bx         0x00000000        0x0 linker stubs

.iplt           0x000055e8        0x0
 .iplt          0x00000000        0x0 c:/program files/cypress/psoc creator/3.3/psoc creator/import/gnu/arm/4.9.3/bin/../lib/gcc/arm-none-eabi/4.9.3/armv6-m/crtbegin.o

.eh_frame_hdr
 *(.eh_frame_hdr)

.eh_frame       0x000055e8        0x4
 *(.eh_frame)
 .eh_frame      0x000055e8        0x0 c:/program files/cypress/psoc creator/3.3/psoc creator/import/gnu/arm/4.9.3/bin/../lib/gcc/arm-none-eabi/4.9.3/armv6-m/crtbegin.o
 .eh_frame      0x000055e8        0x4 c:/program files/cypress/psoc creator/3.3/psoc creator/import/gnu/arm/4.9.3/bin/../lib/gcc/arm-none-eabi/4.9.3/armv6-m/crtend.o
                0x000055ec                PROVIDE (__exidx_start, .)

.ARM.exidx      0x000055ec        0x8
 *(.ARM.exidx* .gnu.linkonce.armexidx.*)
 .ARM.exidx     0x000055ec        0x8 c:/program files/cypress/psoc creator/3.3/psoc creator/import/gnu/arm/4.9.3/bin/../lib/gcc/arm-none-eabi/4.9.3/armv6-m\libgcc.a(_divdi3.o)
 .ARM.exidx     0x000055f4        0x0 c:/program files/cypress/psoc creator/3.3/psoc creator/import/gnu/arm/4.9.3/bin/../lib/gcc/arm-none-eabi/4.9.3/armv6-m\libgcc.a(_udivdi3.o)
                                  0x8 (size before relaxing)
                0x000055f4                __exidx_end = .

.rodata         0x000055f4      0x29c
 *(.rodata .rodata.* .gnu.linkonce.r.*)
 .rodata        0x000055f4       0x28 .\CortexM0\ARM_GCC_493\Debug\main.o
 .rodata.str1.1
                0x0000561c       0x53 .\CortexM0\ARM_GCC_493\Debug\main.o
                                 0x59 (size before relaxing)
 .rodata        0x0000566f       0x19 .\CortexM0\ARM_GCC_493\Debug\OPT3001.o
 .rodata.str1.1
                0x00005688       0x12 .\CortexM0\ARM_GCC_493\Debug\OPT3001.o
 *fill*         0x0000569a        0x2 
 .rodata        0x0000569c       0xf0 .\CortexM0\ARM_GCC_493\Debug\Expo_Controller2.a(cyfitter_cfg.o)
 .rodata        0x0000578c       0x24 .\CortexM0\ARM_GCC_493\Debug\Expo_Controller2.a(RTC.o)
                0x0000578c                RTC_daysBeforeMonthTbl
                0x000057a4                RTC_daysInMonthTbl
 .rodata        0x000057b0       0x2e .\CortexM0\ARM_GCC_493\Debug\Expo_Controller2.a(CyLib.o)
                0x000057b0                cyImoFreqMhz2Reg
 *fill*         0x000057de        0x2 
 .rodata        0x000057e0       0x40 c:/program files/cypress/psoc creator/3.3/psoc creator/import/gnu/arm/4.9.3/bin/../lib/gcc/arm-none-eabi/4.9.3/armv6-m\libgcc.a(muldf3.o)
 .rodata.str1.1
                0x00005820        0x2 c:/program files/cypress/psoc creator/3.3/psoc creator/import/gnu/arm/4.9.3/bin/../lib/gcc/arm-none-eabi/4.9.3/../../../../arm-none-eabi/lib/armv6-m\libg_nano.a(lib_a-impure.o)
 .rodata.str1.1
                0x00005822       0x11 c:/program files/cypress/psoc creator/3.3/psoc creator/import/gnu/arm/4.9.3/bin/../lib/gcc/arm-none-eabi/4.9.3/../../../../arm-none-eabi/lib/armv6-m\libg_nano.a(lib_a-nano-svfprintf.o)
 .rodata.str1.1
                0x00005833       0x22 c:/program files/cypress/psoc creator/3.3/psoc creator/import/gnu/arm/4.9.3/bin/../lib/gcc/arm-none-eabi/4.9.3/../../../../arm-none-eabi/lib/armv6-m\libg_nano.a(lib_a-nano-vfprintf_i.o)
                0x00005858                . = ALIGN (0x4)
 *fill*         0x00005855        0x3 
 *(.init)
 .init          0x00005858        0x4 c:/program files/cypress/psoc creator/3.3/psoc creator/import/gnu/arm/4.9.3/bin/../lib/gcc/arm-none-eabi/4.9.3/armv6-m/crti.o
                0x00005858                _init
 .init          0x0000585c        0x8 c:/program files/cypress/psoc creator/3.3/psoc creator/import/gnu/arm/4.9.3/bin/../lib/gcc/arm-none-eabi/4.9.3/armv6-m/crtn.o
                0x00005864                . = ALIGN (0x4)
                0x00005864                __preinit_array_start = .
 *(.preinit_array)
                0x00005864                __preinit_array_end = .
                0x00005864                . = ALIGN (0x4)
                0x00005864                __init_array_start = .
 *(SORT(.init_array.*))
 *(.init_array)
 .init_array    0x00005864        0x4 c:/program files/cypress/psoc creator/3.3/psoc creator/import/gnu/arm/4.9.3/bin/../lib/gcc/arm-none-eabi/4.9.3/armv6-m/crtbegin.o
 .init_array    0x00005868        0x4 .\CortexM0\ARM_GCC_493\Debug\Cm0Start.o
                0x0000586c                __init_array_end = .
                0x0000586c                . = ALIGN (0x4)
 *(.fini)
 .fini          0x0000586c        0x4 c:/program files/cypress/psoc creator/3.3/psoc creator/import/gnu/arm/4.9.3/bin/../lib/gcc/arm-none-eabi/4.9.3/armv6-m/crti.o
                0x0000586c                _fini
 .fini          0x00005870        0x8 c:/program files/cypress/psoc creator/3.3/psoc creator/import/gnu/arm/4.9.3/bin/../lib/gcc/arm-none-eabi/4.9.3/armv6-m/crtn.o
                0x00005878                . = ALIGN (0x4)
                0x00005878                __fini_array_start = .
 *(.fini_array)
 .fini_array    0x00005878        0x4 c:/program files/cypress/psoc creator/3.3/psoc creator/import/gnu/arm/4.9.3/bin/../lib/gcc/arm-none-eabi/4.9.3/armv6-m/crtbegin.o
 *(SORT(.fini_array.*))
                0x0000587c                __fini_array_end = .
                0x0000587c                . = ALIGN (0x4)
 *crtbegin.o(.ctors)
 *(EXCLUDE_FILE(*crtend.o) .ctors)
 *(SORT(.ctors.*))
 *crtend.o(.ctors)
                0x0000587c                . = ALIGN (0x4)
 *crtbegin.o(.dtors)
 *(EXCLUDE_FILE(*crtend.o) .dtors)
 *(SORT(.dtors.*))
 *crtend.o(.dtors)
                0x0000587c                . = ALIGN (0x4)
                0x0000587c                __cy_regions = .
                0x0000587c        0x4 LONG 0x5890 __cy_region_init_ram
                0x00005880        0x4 LONG 0x200000d0 __cy_region_start_data
                0x00005884        0x4 LONG 0x88 __cy_region_init_size_ram
                0x00005888        0x4 LONG 0x288 __cy_region_zero_size_ram
                0x0000588c                __cy_regions_end = .
                0x00005890                . = ALIGN (0x8)
 *fill*         0x0000588c        0x4 
                0x00005890                _etext = .

.ramvectors     0x20000000       0xc0
                0x20000000                __cy_region_start_ram = .
 *(.ramvectors)
 .ramvectors    0x20000000       0xc0 .\CortexM0\ARM_GCC_493\Debug\Cm0Start.o
                0x20000000                CyRamVectors

.btldr_run      0x200000c0        0x4
 *(.bootloaderruntype)
 .bootloaderruntype
                0x200000c0        0x4 .\CortexM0\ARM_GCC_493\Debug\Cm0Start.o
                0x200000c0                cyBtldrRunType

.noinit         0x200000c8        0x4
 *(.noinit)
 .noinit        0x200000c8        0x4 .\CortexM0\ARM_GCC_493\Debug\Cm0Start.o

.data           0x200000d0       0x88 load address 0x00005890
                0x200000d0                __cy_region_start_data = .
 *(.jcr)
 .jcr           0x200000d0        0x0 c:/program files/cypress/psoc creator/3.3/psoc creator/import/gnu/arm/4.9.3/bin/../lib/gcc/arm-none-eabi/4.9.3/armv6-m/crtbegin.o
 .jcr           0x200000d0        0x4 c:/program files/cypress/psoc creator/3.3/psoc creator/import/gnu/arm/4.9.3/bin/../lib/gcc/arm-none-eabi/4.9.3/armv6-m/crtend.o
 *(.got.plt)
 *(.got)
 *(.shdata)
 *(.data .data.* .gnu.linkonce.d.*)
 .data          0x200000d4        0x4 .\CortexM0\ARM_GCC_493\Debug\Cm0Start.o
 .data          0x200000d8        0x4 .\CortexM0\ARM_GCC_493\Debug\Expo_Controller2.a(RTC.o)
                0x200000d8                RTC_alarmCfgMask
 .data          0x200000dc       0x10 .\CortexM0\ARM_GCC_493\Debug\Expo_Controller2.a(CyLib.o)
                0x200000dc                cydelay32kMs
                0x200000e0                cydelayFreqKhz
                0x200000e4                cydelayFreqMhz
                0x200000e8                cydelayFreqHz
 .data          0x200000ec        0x4 .\CortexM0\ARM_GCC_493\Debug\Expo_Controller2.a(CyLFClk.o)
 .data.impure_data
                0x200000f0       0x60 c:/program files/cypress/psoc creator/3.3/psoc creator/import/gnu/arm/4.9.3/bin/../lib/gcc/arm-none-eabi/4.9.3/../../../../arm-none-eabi/lib/armv6-m\libg_nano.a(lib_a-impure.o)
 .data._impure_ptr
                0x20000150        0x4 c:/program files/cypress/psoc creator/3.3/psoc creator/import/gnu/arm/4.9.3/bin/../lib/gcc/arm-none-eabi/4.9.3/../../../../arm-none-eabi/lib/armv6-m\libg_nano.a(lib_a-impure.o)
                0x20000150                _impure_ptr
                0x20000158                . = ALIGN (0x8)
 *fill*         0x20000154        0x4 
 *(.ram)
                0x20000158                _edata = .

.igot.plt       0x20000158        0x0 load address 0x00005918
 .igot.plt      0x00000000        0x0 c:/program files/cypress/psoc creator/3.3/psoc creator/import/gnu/arm/4.9.3/bin/../lib/gcc/arm-none-eabi/4.9.3/armv6-m/crtbegin.o

.bss            0x20000158      0x288 load address 0x00005918
                0x20000158                PROVIDE (__bss_start__, .)
 *(.shbss)
 *(.bss .bss.* .gnu.linkonce.b.*)
 .bss           0x20000158       0x1c c:/program files/cypress/psoc creator/3.3/psoc creator/import/gnu/arm/4.9.3/bin/../lib/gcc/arm-none-eabi/4.9.3/armv6-m/crtbegin.o
 .bss           0x20000174       0xd4 .\CortexM0\ARM_GCC_493\Debug\TaskDispatcher.o
 .bss           0x20000248        0xd .\CortexM0\ARM_GCC_493\Debug\bcd.o
 *fill*         0x20000255        0x3 
 .bss           0x20000258        0x8 .\CortexM0\ARM_GCC_493\Debug\Expo_Controller2.a(I2C.o)
                0x20000258                I2C_initVar
                0x2000025c                I2C_customIntrHandler
 .bss           0x20000260        0x1 .\CortexM0\ARM_GCC_493\Debug\Expo_Controller2.a(UART.o)
                0x20000260                UART_initVar
 *fill*         0x20000261        0x7 
 .bss           0x20000268       0x20 .\CortexM0\ARM_GCC_493\Debug\Expo_Controller2.a(RTC.o)
                0x20000270                RTC_alarmCallbackPtr
 .bss           0x20000288       0x1c .\CortexM0\ARM_GCC_493\Debug\Expo_Controller2.a(CyLFClk.o)
 .bss           0x200002a4        0x1 .\CortexM0\ARM_GCC_493\Debug\Expo_Controller2.a(PWM.o)
                0x200002a4                PWM_initVar
 .bss           0x200002a5        0x1 .\CortexM0\ARM_GCC_493\Debug\Expo_Controller2.a(Timer_RTOS.o)
                0x200002a5                Timer_RTOS_initVar
 *fill*         0x200002a6        0x2 
 .bss.__malloc_sbrk_start
                0x200002a8        0x4 c:/program files/cypress/psoc creator/3.3/psoc creator/import/gnu/arm/4.9.3/bin/../lib/gcc/arm-none-eabi/4.9.3/../../../../arm-none-eabi/lib/armv6-m\libg_nano.a(lib_a-nano-mallocr.o)
                0x200002a8                __malloc_sbrk_start
 .bss.__malloc_free_list
                0x200002ac        0x4 c:/program files/cypress/psoc creator/3.3/psoc creator/import/gnu/arm/4.9.3/bin/../lib/gcc/arm-none-eabi/4.9.3/../../../../arm-none-eabi/lib/armv6-m\libg_nano.a(lib_a-nano-mallocr.o)
                0x200002ac                __malloc_free_list
 *(COMMON)
 COMMON         0x200002b0       0xc8 .\CortexM0\ARM_GCC_493\Debug\main.o
                0x200002b0                Frame_Tail
                0x200002b4                TimeStruct
                0x200002b8                System_Timer
                0x200002e0                OPT_Out_String
                0x200002fc                GlobalStruct
                0x20000310                System_Timer_Flag
                0x20000315                FrameDDR
                0x20000368                AlarmTime
 COMMON         0x20000378        0x1 .\CortexM0\ARM_GCC_493\Debug\Expo_Controller2.a(I2C_I2C.o)
                0x20000378                I2C_state
 *fill*         0x20000379        0x3 
 COMMON         0x2000037c       0x24 .\CortexM0\ARM_GCC_493\Debug\Expo_Controller2.a(I2C_I2C_MASTER.o)
                0x2000037c                I2C_mstrWrBufIndexTmp
                0x20000380                I2C_mstrWrBufIndex
                0x20000384                I2C_mstrWrBufSize
                0x20000388                I2C_mstrStatus
                0x2000038c                I2C_mstrRdBufPtr
                0x20000390                I2C_mstrControl
                0x20000394                I2C_mstrRdBufSize
                0x20000398                I2C_mstrRdBufIndex
                0x2000039c                I2C_mstrWrBufPtr
 COMMON         0x200003a0       0x38 .\CortexM0\ARM_GCC_493\Debug\Expo_Controller2.a(RTC.o)
                0x200003a0                RTC_initVar
                0x200003a4                RTC_alarmCfgTimeDate
                0x200003b4                RTC_currentTimeDate
                0x200003c4                RTC_alarmCurStatus
                0x200003c8                RTC_dstStatus
                0x200003d0                RTC_unixTime
 COMMON         0x200003d8        0x4 c:/program files/cypress/psoc creator/3.3/psoc creator/import/gnu/arm/4.9.3/bin/../lib/gcc/arm-none-eabi/4.9.3/../../../../arm-none-eabi/lib/armv6-m\libg_nano.a(lib_a-reent.o)
                0x200003d8                errno
                0x200003e0                . = ALIGN (0x8)
 *fill*         0x200003dc        0x4 
 *(.ram.b)
                0x200003e0                _end = .
                0x200003e0                __end = .
                0x200003e0                PROVIDE (end, .)
                0x200003e0                PROVIDE (__bss_end__, .)
                0x00005890                __cy_region_init_ram = LOADADDR (.data)
                0x00000088                __cy_region_init_size_ram = (_edata - ADDR (.data))
                0x00000288                __cy_region_zero_size_ram = (_end - _edata)

.heap           0x200003e0       0x80 load address 0x00005918
                0x200003e0                . = _end
                0x20000460                . = (. + 0x80)
 *fill*         0x200003e0       0x80 
                0x20000460                __cy_heap_limit = .

.stack          0x20000c00      0x400
                0x20000c00                __cy_stack_limit = .
                0x20001000                . = (. + 0x400)
 *fill*         0x20000c00      0x400 
                0x00000001                ASSERT ((__cy_stack_limit >= __cy_heap_limit), region RAM overflowed with stack)

.cy_checksum_exclude
                0x00007f80        0x0
 *(.cy_checksum_exclude)
                0x00000000                cy_checksum_exclude_size = (CY_APPL_LOADABLE == 0x1)?SIZEOF (.cy_checksum_exclude):0x0
                0x00000001                ASSERT ((cy_checksum_exclude_size <= CY_CHECKSUM_EXCLUDE_SIZE), CY_BOOT: Section .cy_checksum_exclude size exceedes specified limit.)
                0xf0000000                cyloadermeta_start = (cy_project_type_bootloader || cy_project_type_app_for_stack_and_copier)?(0x8000 - CY_METADATA_SIZE):0xf0000000

.cyloadermeta   0xf0000000       0x40
 *(.cyloadermeta)
 .cyloadermeta  0xf0000000       0x40 .\CortexM0\ARM_GCC_493\Debug\cybootloader.o
                0xf0000000                cy_meta_loader
                0x00007fc0                cyloadablemeta_start = cy_project_type_app_for_stack_and_copier?((0x8000 - CY_FLASH_ROW_SIZE) - CY_METADATA_SIZE):((0x8000 - (CY_FLASH_ROW_SIZE * (CY_APPL_NUM - 0x1))) - CY_METADATA_SIZE)

.cyloadablemeta
                0x00007fc0       0x40
 *(.cyloadablemeta)
 .cyloadablemeta
                0x00007fc0       0x40 .\CortexM0\ARM_GCC_493\Debug\cymetadata.o
                0x00007fc0                cy_meta_loadable

.cyflashprotect
                0x90400000       0x20
 *(.cyflashprotect)
 .cyflashprotect
                0x90400000       0x20 .\CortexM0\ARM_GCC_493\Debug\cybootloader.o
                0x90400000                cy_meta_flashprotect

.cymeta         0x90500000        0xc
 *(.cymeta)
 .cymeta        0x90500000        0xc .\CortexM0\ARM_GCC_493\Debug\cybootloader.o
                0x90500000                cy_metadata

.cychipprotect  0x90600000        0x1
 *(.cychipprotect)
 .cychipprotect
                0x90600000        0x1 .\CortexM0\ARM_GCC_493\Debug\cybootloader.o
                0x90600000                cy_meta_chipprotect

.rel.dyn        0x00008000        0x0 load address 0x90600004
 .rel.iplt      0x00000000        0x0 c:/program files/cypress/psoc creator/3.3/psoc creator/import/gnu/arm/4.9.3/bin/../lib/gcc/arm-none-eabi/4.9.3/armv6-m/crtbegin.o

.stab
 *(.stab)

.stabstr
 *(.stabstr)

.debug
 *(.debug)

.line
 *(.line)

.debug_srcinfo
 *(.debug_srcinfo)

.debug_sfnames
 *(.debug_sfnames)

.debug_aranges  0x00000000      0xcd0
 *(.debug_aranges)
 .debug_aranges
                0x00000000       0x98 .\CortexM0\ARM_GCC_493\Debug\main.o
 .debug_aranges
                0x00000098       0x48 .\CortexM0\ARM_GCC_493\Debug\OPT3001.o
 .debug_aranges
                0x000000e0       0x40 .\CortexM0\ARM_GCC_493\Debug\WS0010.o
 .debug_aranges
                0x00000120       0x58 .\CortexM0\ARM_GCC_493\Debug\TaskDispatcher.o
 .debug_aranges
                0x00000178       0x68 .\CortexM0\ARM_GCC_493\Debug\bcd.o
 .debug_aranges
                0x000001e0       0x18 .\CortexM0\ARM_GCC_493\Debug\cymetadata.o
 .debug_aranges
                0x000001f8       0x48 .\CortexM0\ARM_GCC_493\Debug\Cm0Start.o
 .debug_aranges
                0x00000240       0x18 .\CortexM0\ARM_GCC_493\Debug\cybootloader.o
 .debug_aranges
                0x00000258       0x38 .\CortexM0\ARM_GCC_493\Debug\Expo_Controller2.a(cyfitter_cfg.o)
 .debug_aranges
                0x00000290       0x58 .\CortexM0\ARM_GCC_493\Debug\Expo_Controller2.a(I2C.o)
 .debug_aranges
                0x000002e8       0x28 .\CortexM0\ARM_GCC_493\Debug\Expo_Controller2.a(I2C_I2C.o)
 .debug_aranges
                0x00000310       0x88 .\CortexM0\ARM_GCC_493\Debug\Expo_Controller2.a(I2C_I2C_MASTER.o)
 .debug_aranges
                0x00000398       0x50 .\CortexM0\ARM_GCC_493\Debug\Expo_Controller2.a(UART.o)
 .debug_aranges
                0x000003e8       0x60 .\CortexM0\ARM_GCC_493\Debug\Expo_Controller2.a(UART_SPI_UART.o)
 .debug_aranges
                0x00000448       0x60 .\CortexM0\ARM_GCC_493\Debug\Expo_Controller2.a(UART_UART.o)
 .debug_aranges
                0x000004a8      0x150 .\CortexM0\ARM_GCC_493\Debug\Expo_Controller2.a(RTC.o)
 .debug_aranges
                0x000005f8       0x40 .\CortexM0\ARM_GCC_493\Debug\Expo_Controller2.a(I2C_sda.o)
 .debug_aranges
                0x00000638       0x40 .\CortexM0\ARM_GCC_493\Debug\Expo_Controller2.a(I2C_scl.o)
 .debug_aranges
                0x00000678      0x170 .\CortexM0\ARM_GCC_493\Debug\Expo_Controller2.a(CyLib.o)
 .debug_aranges
                0x000007e8      0x100 .\CortexM0\ARM_GCC_493\Debug\Expo_Controller2.a(CyLFClk.o)
 .debug_aranges
                0x000008e8       0xa8 .\CortexM0\ARM_GCC_493\Debug\Expo_Controller2.a(PWM.o)
 .debug_aranges
                0x00000990       0x98 .\CortexM0\ARM_GCC_493\Debug\Expo_Controller2.a(LCD.o)
 .debug_aranges
                0x00000a28       0x80 .\CortexM0\ARM_GCC_493\Debug\Expo_Controller2.a(Timer_RTOS_ISR.o)
 .debug_aranges
                0x00000aa8      0x158 .\CortexM0\ARM_GCC_493\Debug\Expo_Controller2.a(Timer_RTOS.o)
 .debug_aranges
                0x00000c00       0x40 .\CortexM0\ARM_GCC_493\Debug\Expo_Controller2.a(Bootloader_En.o)
 .debug_aranges
                0x00000c40       0x28 .\CortexM0\ARM_GCC_493\Debug\Expo_Controller2.a(Bootloadable.o)
 .debug_aranges
                0x00000c68       0x20 .\CortexM0\ARM_GCC_493\Debug\Expo_Controller2.a(I2C_I2C_INT.o)
 .debug_aranges
                0x00000c88       0x20 .\CortexM0\ARM_GCC_493\Debug\Expo_Controller2.a(CyBootAsmGnu.o)
 .debug_aranges
                0x00000ca8       0x28 .\CortexM0\ARM_GCC_493\Debug\Expo_Controller2.a(CyFlash.o)

.debug_pubnames
 *(.debug_pubnames)

.debug_info     0x00000000     0x930e
 *(.debug_info .gnu.linkonce.wi.*)
 .debug_info    0x00000000      0xf70 .\CortexM0\ARM_GCC_493\Debug\main.o
 .debug_info    0x00000f70      0x7a2 .\CortexM0\ARM_GCC_493\Debug\OPT3001.o
 .debug_info    0x00001712      0x415 .\CortexM0\ARM_GCC_493\Debug\WS0010.o
 .debug_info    0x00001b27      0x353 .\CortexM0\ARM_GCC_493\Debug\TaskDispatcher.o
 .debug_info    0x00001e7a      0x342 .\CortexM0\ARM_GCC_493\Debug\bcd.o
 .debug_info    0x000021bc       0xb1 .\CortexM0\ARM_GCC_493\Debug\cymetadata.o
 .debug_info    0x0000226d      0x39b .\CortexM0\ARM_GCC_493\Debug\Cm0Start.o
 .debug_info    0x00002608      0x14d .\CortexM0\ARM_GCC_493\Debug\cybootloader.o
 .debug_info    0x00002755      0x493 .\CortexM0\ARM_GCC_493\Debug\Expo_Controller2.a(cyfitter_cfg.o)
 .debug_info    0x00002be8      0x2c0 .\CortexM0\ARM_GCC_493\Debug\Expo_Controller2.a(I2C.o)
 .debug_info    0x00002ea8      0x1a8 .\CortexM0\ARM_GCC_493\Debug\Expo_Controller2.a(I2C_I2C.o)
 .debug_info    0x00003050      0x682 .\CortexM0\ARM_GCC_493\Debug\Expo_Controller2.a(I2C_I2C_MASTER.o)
 .debug_info    0x000036d2      0x22f .\CortexM0\ARM_GCC_493\Debug\Expo_Controller2.a(UART.o)
 .debug_info    0x00003901      0x219 .\CortexM0\ARM_GCC_493\Debug\Expo_Controller2.a(UART_SPI_UART.o)
 .debug_info    0x00003b1a      0x2af .\CortexM0\ARM_GCC_493\Debug\Expo_Controller2.a(UART_UART.o)
 .debug_info    0x00003dc9     0x1952 .\CortexM0\ARM_GCC_493\Debug\Expo_Controller2.a(RTC.o)
 .debug_info    0x0000571b      0x14c .\CortexM0\ARM_GCC_493\Debug\Expo_Controller2.a(I2C_sda.o)
 .debug_info    0x00005867      0x151 .\CortexM0\ARM_GCC_493\Debug\Expo_Controller2.a(I2C_scl.o)
 .debug_info    0x000059b8      0xb69 .\CortexM0\ARM_GCC_493\Debug\Expo_Controller2.a(CyLib.o)
 .debug_info    0x00006521      0xd73 .\CortexM0\ARM_GCC_493\Debug\Expo_Controller2.a(CyLFClk.o)
 .debug_info    0x00007294      0x406 .\CortexM0\ARM_GCC_493\Debug\Expo_Controller2.a(PWM.o)
 .debug_info    0x0000769a      0x747 .\CortexM0\ARM_GCC_493\Debug\Expo_Controller2.a(LCD.o)
 .debug_info    0x00007de1      0x34e .\CortexM0\ARM_GCC_493\Debug\Expo_Controller2.a(Timer_RTOS_ISR.o)
 .debug_info    0x0000812f      0x932 .\CortexM0\ARM_GCC_493\Debug\Expo_Controller2.a(Timer_RTOS.o)
 .debug_info    0x00008a61      0x151 .\CortexM0\ARM_GCC_493\Debug\Expo_Controller2.a(Bootloader_En.o)
 .debug_info    0x00008bb2      0x1ae .\CortexM0\ARM_GCC_493\Debug\Expo_Controller2.a(Bootloadable.o)
 .debug_info    0x00008d60      0x18a .\CortexM0\ARM_GCC_493\Debug\Expo_Controller2.a(I2C_I2C_INT.o)
 .debug_info    0x00008eea       0x9a .\CortexM0\ARM_GCC_493\Debug\Expo_Controller2.a(CyBootAsmGnu.o)
 .debug_info    0x00008f84      0x38a .\CortexM0\ARM_GCC_493\Debug\Expo_Controller2.a(CyFlash.o)

.debug_abbrev   0x00000000     0x2e9a
 *(.debug_abbrev)
 .debug_abbrev  0x00000000      0x39b .\CortexM0\ARM_GCC_493\Debug\main.o
 .debug_abbrev  0x0000039b      0x235 .\CortexM0\ARM_GCC_493\Debug\OPT3001.o
 .debug_abbrev  0x000005d0      0x179 .\CortexM0\ARM_GCC_493\Debug\WS0010.o
 .debug_abbrev  0x00000749      0x190 .\CortexM0\ARM_GCC_493\Debug\TaskDispatcher.o
 .debug_abbrev  0x000008d9       0xba .\CortexM0\ARM_GCC_493\Debug\bcd.o
 .debug_abbrev  0x00000993       0x5d .\CortexM0\ARM_GCC_493\Debug\cymetadata.o
 .debug_abbrev  0x000009f0      0x20f .\CortexM0\ARM_GCC_493\Debug\Cm0Start.o
 .debug_abbrev  0x00000bff       0x77 .\CortexM0\ARM_GCC_493\Debug\cybootloader.o
 .debug_abbrev  0x00000c76      0x256 .\CortexM0\ARM_GCC_493\Debug\Expo_Controller2.a(cyfitter_cfg.o)
 .debug_abbrev  0x00000ecc      0x1a2 .\CortexM0\ARM_GCC_493\Debug\Expo_Controller2.a(I2C.o)
 .debug_abbrev  0x0000106e      0x100 .\CortexM0\ARM_GCC_493\Debug\Expo_Controller2.a(I2C_I2C.o)
 .debug_abbrev  0x0000116e      0x189 .\CortexM0\ARM_GCC_493\Debug\Expo_Controller2.a(I2C_I2C_MASTER.o)
 .debug_abbrev  0x000012f7      0x134 .\CortexM0\ARM_GCC_493\Debug\Expo_Controller2.a(UART.o)
 .debug_abbrev  0x0000142b      0x176 .\CortexM0\ARM_GCC_493\Debug\Expo_Controller2.a(UART_SPI_UART.o)
 .debug_abbrev  0x000015a1      0x148 .\CortexM0\ARM_GCC_493\Debug\Expo_Controller2.a(UART_UART.o)
 .debug_abbrev  0x000016e9      0x357 .\CortexM0\ARM_GCC_493\Debug\Expo_Controller2.a(RTC.o)
 .debug_abbrev  0x00001a40       0xc4 .\CortexM0\ARM_GCC_493\Debug\Expo_Controller2.a(I2C_sda.o)
 .debug_abbrev  0x00001b04       0xc6 .\CortexM0\ARM_GCC_493\Debug\Expo_Controller2.a(I2C_scl.o)
 .debug_abbrev  0x00001bca      0x338 .\CortexM0\ARM_GCC_493\Debug\Expo_Controller2.a(CyLib.o)
 .debug_abbrev  0x00001f02      0x35f .\CortexM0\ARM_GCC_493\Debug\Expo_Controller2.a(CyLFClk.o)
 .debug_abbrev  0x00002261      0x1d1 .\CortexM0\ARM_GCC_493\Debug\Expo_Controller2.a(PWM.o)
 .debug_abbrev  0x00002432      0x1f3 .\CortexM0\ARM_GCC_493\Debug\Expo_Controller2.a(LCD.o)
 .debug_abbrev  0x00002625      0x26b .\CortexM0\ARM_GCC_493\Debug\Expo_Controller2.a(Timer_RTOS_ISR.o)
 .debug_abbrev  0x00002890      0x1a9 .\CortexM0\ARM_GCC_493\Debug\Expo_Controller2.a(Timer_RTOS.o)
 .debug_abbrev  0x00002a39       0xc6 .\CortexM0\ARM_GCC_493\Debug\Expo_Controller2.a(Bootloader_En.o)
 .debug_abbrev  0x00002aff      0x116 .\CortexM0\ARM_GCC_493\Debug\Expo_Controller2.a(Bootloadable.o)
 .debug_abbrev  0x00002c15       0x95 .\CortexM0\ARM_GCC_493\Debug\Expo_Controller2.a(I2C_I2C_INT.o)
 .debug_abbrev  0x00002caa       0x14 .\CortexM0\ARM_GCC_493\Debug\Expo_Controller2.a(CyBootAsmGnu.o)
 .debug_abbrev  0x00002cbe      0x1dc .\CortexM0\ARM_GCC_493\Debug\Expo_Controller2.a(CyFlash.o)

.debug_line     0x00000000     0x40cf
 *(.debug_line)
 .debug_line    0x00000000      0x3ad .\CortexM0\ARM_GCC_493\Debug\main.o
 .debug_line    0x000003ad      0x2ed .\CortexM0\ARM_GCC_493\Debug\OPT3001.o
 .debug_line    0x0000069a      0x233 .\CortexM0\ARM_GCC_493\Debug\WS0010.o
 .debug_line    0x000008cd      0x17b .\CortexM0\ARM_GCC_493\Debug\TaskDispatcher.o
 .debug_line    0x00000a48      0x5e4 .\CortexM0\ARM_GCC_493\Debug\bcd.o
 .debug_line    0x0000102c       0x53 .\CortexM0\ARM_GCC_493\Debug\cymetadata.o
 .debug_line    0x0000107f      0x22b .\CortexM0\ARM_GCC_493\Debug\Cm0Start.o
 .debug_line    0x000012aa       0x55 .\CortexM0\ARM_GCC_493\Debug\cybootloader.o
 .debug_line    0x000012ff      0x1c6 .\CortexM0\ARM_GCC_493\Debug\Expo_Controller2.a(cyfitter_cfg.o)
 .debug_line    0x000014c5      0x164 .\CortexM0\ARM_GCC_493\Debug\Expo_Controller2.a(I2C.o)
 .debug_line    0x00001629       0xdd .\CortexM0\ARM_GCC_493\Debug\Expo_Controller2.a(I2C_I2C.o)
 .debug_line    0x00001706      0x30d .\CortexM0\ARM_GCC_493\Debug\Expo_Controller2.a(I2C_I2C_MASTER.o)
 .debug_line    0x00001a13      0x140 .\CortexM0\ARM_GCC_493\Debug\Expo_Controller2.a(UART.o)
 .debug_line    0x00001b53      0x13d .\CortexM0\ARM_GCC_493\Debug\Expo_Controller2.a(UART_SPI_UART.o)
 .debug_line    0x00001c90      0x176 .\CortexM0\ARM_GCC_493\Debug\Expo_Controller2.a(UART_UART.o)
 .debug_line    0x00001e06      0x969 .\CortexM0\ARM_GCC_493\Debug\Expo_Controller2.a(RTC.o)
 .debug_line    0x0000276f       0xb9 .\CortexM0\ARM_GCC_493\Debug\Expo_Controller2.a(I2C_sda.o)
 .debug_line    0x00002828       0xb6 .\CortexM0\ARM_GCC_493\Debug\Expo_Controller2.a(I2C_scl.o)
 .debug_line    0x000028de      0x4c2 .\CortexM0\ARM_GCC_493\Debug\Expo_Controller2.a(CyLib.o)
 .debug_line    0x00002da0      0x496 .\CortexM0\ARM_GCC_493\Debug\Expo_Controller2.a(CyLFClk.o)
 .debug_line    0x00003236      0x1fe .\CortexM0\ARM_GCC_493\Debug\Expo_Controller2.a(PWM.o)
 .debug_line    0x00003434      0x248 .\CortexM0\ARM_GCC_493\Debug\Expo_Controller2.a(LCD.o)
 .debug_line    0x0000367c      0x1d1 .\CortexM0\ARM_GCC_493\Debug\Expo_Controller2.a(Timer_RTOS_ISR.o)
 .debug_line    0x0000384d      0x3e8 .\CortexM0\ARM_GCC_493\Debug\Expo_Controller2.a(Timer_RTOS.o)
 .debug_line    0x00003c35       0xbc .\CortexM0\ARM_GCC_493\Debug\Expo_Controller2.a(Bootloader_En.o)
 .debug_line    0x00003cf1       0xc2 .\CortexM0\ARM_GCC_493\Debug\Expo_Controller2.a(Bootloadable.o)
 .debug_line    0x00003db3      0x15c .\CortexM0\ARM_GCC_493\Debug\Expo_Controller2.a(I2C_I2C_INT.o)
 .debug_line    0x00003f0f       0x69 .\CortexM0\ARM_GCC_493\Debug\Expo_Controller2.a(CyBootAsmGnu.o)
 .debug_line    0x00003f78      0x157 .\CortexM0\ARM_GCC_493\Debug\Expo_Controller2.a(CyFlash.o)

.debug_frame    0x00000000     0x275c
 *(.debug_frame)
 .debug_frame   0x00000000      0x1fc .\CortexM0\ARM_GCC_493\Debug\main.o
 .debug_frame   0x000001fc       0xf0 .\CortexM0\ARM_GCC_493\Debug\OPT3001.o
 .debug_frame   0x000002ec       0xb4 .\CortexM0\ARM_GCC_493\Debug\WS0010.o
 .debug_frame   0x000003a0       0xf0 .\CortexM0\ARM_GCC_493\Debug\TaskDispatcher.o
 .debug_frame   0x00000490       0xf8 .\CortexM0\ARM_GCC_493\Debug\bcd.o
 .debug_frame   0x00000588       0xb0 .\CortexM0\ARM_GCC_493\Debug\Cm0Start.o
 .debug_frame   0x00000638       0x68 .\CortexM0\ARM_GCC_493\Debug\Expo_Controller2.a(cyfitter_cfg.o)
 .debug_frame   0x000006a0       0xc0 .\CortexM0\ARM_GCC_493\Debug\Expo_Controller2.a(I2C.o)
 .debug_frame   0x00000760       0x3c .\CortexM0\ARM_GCC_493\Debug\Expo_Controller2.a(I2C_I2C.o)
 .debug_frame   0x0000079c      0x1b4 .\CortexM0\ARM_GCC_493\Debug\Expo_Controller2.a(I2C_I2C_MASTER.o)
 .debug_frame   0x00000950       0xb0 .\CortexM0\ARM_GCC_493\Debug\Expo_Controller2.a(UART.o)
 .debug_frame   0x00000a00       0xb0 .\CortexM0\ARM_GCC_493\Debug\Expo_Controller2.a(UART_SPI_UART.o)
 .debug_frame   0x00000ab0       0xdc .\CortexM0\ARM_GCC_493\Debug\Expo_Controller2.a(UART_UART.o)
 .debug_frame   0x00000b8c      0x47c .\CortexM0\ARM_GCC_493\Debug\Expo_Controller2.a(RTC.o)
 .debug_frame   0x00001008       0x60 .\CortexM0\ARM_GCC_493\Debug\Expo_Controller2.a(I2C_sda.o)
 .debug_frame   0x00001068       0x60 .\CortexM0\ARM_GCC_493\Debug\Expo_Controller2.a(I2C_scl.o)
 .debug_frame   0x000010c8      0x36c .\CortexM0\ARM_GCC_493\Debug\Expo_Controller2.a(CyLib.o)
 .debug_frame   0x00001434      0x308 .\CortexM0\ARM_GCC_493\Debug\Expo_Controller2.a(CyLFClk.o)
 .debug_frame   0x0000173c      0x148 .\CortexM0\ARM_GCC_493\Debug\Expo_Controller2.a(PWM.o)
 .debug_frame   0x00001884      0x204 .\CortexM0\ARM_GCC_493\Debug\Expo_Controller2.a(LCD.o)
 .debug_frame   0x00001a88      0x104 .\CortexM0\ARM_GCC_493\Debug\Expo_Controller2.a(Timer_RTOS_ISR.o)
 .debug_frame   0x00001b8c      0x384 .\CortexM0\ARM_GCC_493\Debug\Expo_Controller2.a(Timer_RTOS.o)
 .debug_frame   0x00001f10       0x60 .\CortexM0\ARM_GCC_493\Debug\Expo_Controller2.a(Bootloader_En.o)
 .debug_frame   0x00001f70       0x54 .\CortexM0\ARM_GCC_493\Debug\Expo_Controller2.a(Bootloadable.o)
 .debug_frame   0x00001fc4       0x38 .\CortexM0\ARM_GCC_493\Debug\Expo_Controller2.a(I2C_I2C_INT.o)
 .debug_frame   0x00001ffc       0x54 .\CortexM0\ARM_GCC_493\Debug\Expo_Controller2.a(CyFlash.o)
 .debug_frame   0x00002050       0x20 c:/program files/cypress/psoc creator/3.3/psoc creator/import/gnu/arm/4.9.3/bin/../lib/gcc/arm-none-eabi/4.9.3/armv6-m\libgcc.a(_udivsi3.o)
 .debug_frame   0x00002070       0x20 c:/program files/cypress/psoc creator/3.3/psoc creator/import/gnu/arm/4.9.3/bin/../lib/gcc/arm-none-eabi/4.9.3/armv6-m\libgcc.a(_divsi3.o)
 .debug_frame   0x00002090       0x2c c:/program files/cypress/psoc creator/3.3/psoc creator/import/gnu/arm/4.9.3/bin/../lib/gcc/arm-none-eabi/4.9.3/armv6-m\libgcc.a(_fixunsdfsi.o)
 .debug_frame   0x000020bc       0x50 c:/program files/cypress/psoc creator/3.3/psoc creator/import/gnu/arm/4.9.3/bin/../lib/gcc/arm-none-eabi/4.9.3/armv6-m\libgcc.a(bpabi.o)
 .debug_frame   0x0000210c       0x3c c:/program files/cypress/psoc creator/3.3/psoc creator/import/gnu/arm/4.9.3/bin/../lib/gcc/arm-none-eabi/4.9.3/armv6-m\libgcc.a(muldf3.o)
 .debug_frame   0x00002148       0x3c c:/program files/cypress/psoc creator/3.3/psoc creator/import/gnu/arm/4.9.3/bin/../lib/gcc/arm-none-eabi/4.9.3/armv6-m\libgcc.a(subdf3.o)
 .debug_frame   0x00002184       0x2c c:/program files/cypress/psoc creator/3.3/psoc creator/import/gnu/arm/4.9.3/bin/../lib/gcc/arm-none-eabi/4.9.3/armv6-m\libgcc.a(fixdfsi.o)
 .debug_frame   0x000021b0       0x2c c:/program files/cypress/psoc creator/3.3/psoc creator/import/gnu/arm/4.9.3/bin/../lib/gcc/arm-none-eabi/4.9.3/armv6-m\libgcc.a(floatsidf.o)
 .debug_frame   0x000021dc       0x34 c:/program files/cypress/psoc creator/3.3/psoc creator/import/gnu/arm/4.9.3/bin/../lib/gcc/arm-none-eabi/4.9.3/armv6-m\libgcc.a(_muldi3.o)
 .debug_frame   0x00002210       0x3c c:/program files/cypress/psoc creator/3.3/psoc creator/import/gnu/arm/4.9.3/bin/../lib/gcc/arm-none-eabi/4.9.3/armv6-m\libgcc.a(_divdi3.o)
 .debug_frame   0x0000224c       0x3c c:/program files/cypress/psoc creator/3.3/psoc creator/import/gnu/arm/4.9.3/bin/../lib/gcc/arm-none-eabi/4.9.3/armv6-m\libgcc.a(_udivdi3.o)
 .debug_frame   0x00002288       0x38 c:/program files/cypress/psoc creator/3.3/psoc creator/import/gnu/arm/4.9.3/bin/../lib/gcc/arm-none-eabi/4.9.3/armv6-m\libgcc.a(eqdf2.o)
 .debug_frame   0x000022c0       0x38 c:/program files/cypress/psoc creator/3.3/psoc creator/import/gnu/arm/4.9.3/bin/../lib/gcc/arm-none-eabi/4.9.3/armv6-m\libgcc.a(gedf2.o)
 .debug_frame   0x000022f8       0x38 c:/program files/cypress/psoc creator/3.3/psoc creator/import/gnu/arm/4.9.3/bin/../lib/gcc/arm-none-eabi/4.9.3/armv6-m\libgcc.a(ledf2.o)
 .debug_frame   0x00002330       0x20 c:/program files/cypress/psoc creator/3.3/psoc creator/import/gnu/arm/4.9.3/bin/../lib/gcc/arm-none-eabi/4.9.3/../../../../arm-none-eabi/lib/armv6-m\libg_nano.a(lib_a-errno.o)
 .debug_frame   0x00002350       0x28 c:/program files/cypress/psoc creator/3.3/psoc creator/import/gnu/arm/4.9.3/bin/../lib/gcc/arm-none-eabi/4.9.3/../../../../arm-none-eabi/lib/armv6-m\libg_nano.a(lib_a-exit.o)
 .debug_frame   0x00002378       0x2c c:/program files/cypress/psoc creator/3.3/psoc creator/import/gnu/arm/4.9.3/bin/../lib/gcc/arm-none-eabi/4.9.3/../../../../arm-none-eabi/lib/armv6-m\libg_nano.a(lib_a-init.o)
 .debug_frame   0x000023a4       0x28 c:/program files/cypress/psoc creator/3.3/psoc creator/import/gnu/arm/4.9.3/bin/../lib/gcc/arm-none-eabi/4.9.3/../../../../arm-none-eabi/lib/armv6-m\libg_nano.a(lib_a-memcpy.o)
 .debug_frame   0x000023cc       0x20 c:/program files/cypress/psoc creator/3.3/psoc creator/import/gnu/arm/4.9.3/bin/../lib/gcc/arm-none-eabi/4.9.3/../../../../arm-none-eabi/lib/armv6-m\libg_nano.a(lib_a-memset.o)
 .debug_frame   0x000023ec       0x44 c:/program files/cypress/psoc creator/3.3/psoc creator/import/gnu/arm/4.9.3/bin/../lib/gcc/arm-none-eabi/4.9.3/../../../../arm-none-eabi/lib/armv6-m\libg_nano.a(lib_a-rand.o)
 .debug_frame   0x00002430       0x50 c:/program files/cypress/psoc creator/3.3/psoc creator/import/gnu/arm/4.9.3/bin/../lib/gcc/arm-none-eabi/4.9.3/../../../../arm-none-eabi/lib/armv6-m\libg_nano.a(lib_a-sprintf.o)
 .debug_frame   0x00002480       0x28 c:/program files/cypress/psoc creator/3.3/psoc creator/import/gnu/arm/4.9.3/bin/../lib/gcc/arm-none-eabi/4.9.3/../../../../arm-none-eabi/lib/armv6-m\libg_nano.a(lib_a-strcat.o)
 .debug_frame   0x000024a8       0x20 c:/program files/cypress/psoc creator/3.3/psoc creator/import/gnu/arm/4.9.3/bin/../lib/gcc/arm-none-eabi/4.9.3/../../../../arm-none-eabi/lib/armv6-m\libg_nano.a(lib_a-strlen.o)
 .debug_frame   0x000024c8       0x28 c:/program files/cypress/psoc creator/3.3/psoc creator/import/gnu/arm/4.9.3/bin/../lib/gcc/arm-none-eabi/4.9.3/../../../../arm-none-eabi/lib/armv6-m\libg_nano.a(lib_a-strncat.o)
 .debug_frame   0x000024f0       0x40 c:/program files/cypress/psoc creator/3.3/psoc creator/import/gnu/arm/4.9.3/bin/../lib/gcc/arm-none-eabi/4.9.3/../../../../arm-none-eabi/lib/armv6-m\libg_nano.a(lib_a-malloc.o)
 .debug_frame   0x00002530       0x2c c:/program files/cypress/psoc creator/3.3/psoc creator/import/gnu/arm/4.9.3/bin/../lib/gcc/arm-none-eabi/4.9.3/../../../../arm-none-eabi/lib/armv6-m\libg_nano.a(lib_a-nano-freer.o)
 .debug_frame   0x0000255c       0x2c c:/program files/cypress/psoc creator/3.3/psoc creator/import/gnu/arm/4.9.3/bin/../lib/gcc/arm-none-eabi/4.9.3/../../../../arm-none-eabi/lib/armv6-m\libg_nano.a(lib_a-nano-mallocr.o)
 .debug_frame   0x00002588       0x74 c:/program files/cypress/psoc creator/3.3/psoc creator/import/gnu/arm/4.9.3/bin/../lib/gcc/arm-none-eabi/4.9.3/../../../../arm-none-eabi/lib/armv6-m\libg_nano.a(lib_a-nano-svfprintf.o)
 .debug_frame   0x000025fc       0x54 c:/program files/cypress/psoc creator/3.3/psoc creator/import/gnu/arm/4.9.3/bin/../lib/gcc/arm-none-eabi/4.9.3/../../../../arm-none-eabi/lib/armv6-m\libg_nano.a(lib_a-nano-vfprintf_i.o)
 .debug_frame   0x00002650       0x2c c:/program files/cypress/psoc creator/3.3/psoc creator/import/gnu/arm/4.9.3/bin/../lib/gcc/arm-none-eabi/4.9.3/../../../../arm-none-eabi/lib/armv6-m\libg_nano.a(lib_a-sbrkr.o)
 .debug_frame   0x0000267c       0x20 c:/program files/cypress/psoc creator/3.3/psoc creator/import/gnu/arm/4.9.3/bin/../lib/gcc/arm-none-eabi/4.9.3/../../../../arm-none-eabi/lib/armv6-m\libg_nano.a(lib_a-memchr.o)
 .debug_frame   0x0000269c       0x28 c:/program files/cypress/psoc creator/3.3/psoc creator/import/gnu/arm/4.9.3/bin/../lib/gcc/arm-none-eabi/4.9.3/../../../../arm-none-eabi/lib/armv6-m\libg_nano.a(lib_a-memmove.o)
 .debug_frame   0x000026c4       0x30 c:/program files/cypress/psoc creator/3.3/psoc creator/import/gnu/arm/4.9.3/bin/../lib/gcc/arm-none-eabi/4.9.3/../../../../arm-none-eabi/lib/armv6-m\libg_nano.a(lib_a-nano-reallocr.o)
 .debug_frame   0x000026f4       0x48 c:/program files/cypress/psoc creator/3.3/psoc creator/import/gnu/arm/4.9.3/bin/../lib/gcc/arm-none-eabi/4.9.3/../../../../arm-none-eabi/lib/armv6-m\libg_nano.a(lib_a-reent.o)
 .debug_frame   0x0000273c       0x20 c:/program files/cypress/psoc creator/3.3/psoc creator/import/gnu/arm/4.9.3/bin/../lib/gcc/arm-none-eabi/4.9.3/../../../../arm-none-eabi/lib/armv6-m\libg_nano.a(lib_a-nano-msizer.o)

.debug_str      0x00000000     0x2c1f
 *(.debug_str)
 .debug_str     0x00000000      0x54a .\CortexM0\ARM_GCC_493\Debug\main.o
                                0x5c7 (size before relaxing)
 .debug_str     0x0000054a      0x12a .\CortexM0\ARM_GCC_493\Debug\OPT3001.o
                                0x345 (size before relaxing)
 .debug_str     0x00000674       0x88 .\CortexM0\ARM_GCC_493\Debug\WS0010.o
                                0x257 (size before relaxing)
 .debug_str     0x000006fc       0x86 .\CortexM0\ARM_GCC_493\Debug\TaskDispatcher.o
                                0x28e (size before relaxing)
 .debug_str     0x00000782       0x59 .\CortexM0\ARM_GCC_493\Debug\bcd.o
                                0x214 (size before relaxing)
 .debug_str     0x000007db       0x37 .\CortexM0\ARM_GCC_493\Debug\cymetadata.o
                                0x1b4 (size before relaxing)
 .debug_str     0x00000812      0x157 .\CortexM0\ARM_GCC_493\Debug\Cm0Start.o
                                0x30e (size before relaxing)
 .debug_str     0x00000969       0x7a .\CortexM0\ARM_GCC_493\Debug\cybootloader.o
                                0x1f7 (size before relaxing)
 .debug_str     0x000009e3      0x13c .\CortexM0\ARM_GCC_493\Debug\Expo_Controller2.a(cyfitter_cfg.o)
                                0x324 (size before relaxing)
 .debug_str     0x00000b1f      0x14d .\CortexM0\ARM_GCC_493\Debug\Expo_Controller2.a(I2C.o)
                                0x2ed (size before relaxing)
 .debug_str     0x00000c6c       0x73 .\CortexM0\ARM_GCC_493\Debug\Expo_Controller2.a(I2C_I2C.o)
                                0x245 (size before relaxing)
 .debug_str     0x00000cdf      0x1f0 .\CortexM0\ARM_GCC_493\Debug\Expo_Controller2.a(I2C_I2C_MASTER.o)
                                0x453 (size before relaxing)
 .debug_str     0x00000ecf       0xfc .\CortexM0\ARM_GCC_493\Debug\Expo_Controller2.a(UART.o)
                                0x2ad (size before relaxing)
 .debug_str     0x00000fcb      0x104 .\CortexM0\ARM_GCC_493\Debug\Expo_Controller2.a(UART_SPI_UART.o)
                                0x2cc (size before relaxing)
 .debug_str     0x000010cf       0xbb .\CortexM0\ARM_GCC_493\Debug\Expo_Controller2.a(UART_UART.o)
                                0x2e9 (size before relaxing)
 .debug_str     0x0000118a      0x622 .\CortexM0\ARM_GCC_493\Debug\Expo_Controller2.a(RTC.o)
                                0x873 (size before relaxing)
 .debug_str     0x000017ac       0x84 .\CortexM0\ARM_GCC_493\Debug\Expo_Controller2.a(I2C_sda.o)
                                0x21d (size before relaxing)
 .debug_str     0x00001830       0x63 .\CortexM0\ARM_GCC_493\Debug\Expo_Controller2.a(I2C_scl.o)
                                0x21d (size before relaxing)
 .debug_str     0x00001893      0x409 .\CortexM0\ARM_GCC_493\Debug\Expo_Controller2.a(CyLib.o)
                                0x653 (size before relaxing)
 .debug_str     0x00001c9c      0x468 .\CortexM0\ARM_GCC_493\Debug\Expo_Controller2.a(CyLFClk.o)
                                0x65d (size before relaxing)
 .debug_str     0x00002104      0x183 .\CortexM0\ARM_GCC_493\Debug\Expo_Controller2.a(PWM.o)
                                0x34e (size before relaxing)
 .debug_str     0x00002287      0x12f .\CortexM0\ARM_GCC_493\Debug\Expo_Controller2.a(LCD.o)
                                0x32a (size before relaxing)
 .debug_str     0x000023b6      0x15e .\CortexM0\ARM_GCC_493\Debug\Expo_Controller2.a(Timer_RTOS_ISR.o)
                                0x366 (size before relaxing)
 .debug_str     0x00002514      0x49a .\CortexM0\ARM_GCC_493\Debug\Expo_Controller2.a(Timer_RTOS.o)
                                0x681 (size before relaxing)
 .debug_str     0x000029ae       0x8f .\CortexM0\ARM_GCC_493\Debug\Expo_Controller2.a(Bootloader_En.o)
                                0x241 (size before relaxing)
 .debug_str     0x00002a3d       0x74 .\CortexM0\ARM_GCC_493\Debug\Expo_Controller2.a(Bootloadable.o)
                                0x241 (size before relaxing)
 .debug_str     0x00002ab1       0x49 .\CortexM0\ARM_GCC_493\Debug\Expo_Controller2.a(I2C_I2C_INT.o)
                                0x2a8 (size before relaxing)
 .debug_str     0x00002afa      0x125 .\CortexM0\ARM_GCC_493\Debug\Expo_Controller2.a(CyFlash.o)
                                0x32c (size before relaxing)

.debug_loc      0x00000000     0x5c67
 *(.debug_loc)
 .debug_loc     0x00000000      0x39e .\CortexM0\ARM_GCC_493\Debug\main.o
 .debug_loc     0x0000039e      0x211 .\CortexM0\ARM_GCC_493\Debug\OPT3001.o
 .debug_loc     0x000005af      0x2a4 .\CortexM0\ARM_GCC_493\Debug\WS0010.o
 .debug_loc     0x00000853      0x160 .\CortexM0\ARM_GCC_493\Debug\TaskDispatcher.o
 .debug_loc     0x000009b3      0x8c7 .\CortexM0\ARM_GCC_493\Debug\bcd.o
 .debug_loc     0x0000127a      0x1e9 .\CortexM0\ARM_GCC_493\Debug\Cm0Start.o
 .debug_loc     0x00001463      0x11a .\CortexM0\ARM_GCC_493\Debug\Expo_Controller2.a(cyfitter_cfg.o)
 .debug_loc     0x0000157d       0x7e .\CortexM0\ARM_GCC_493\Debug\Expo_Controller2.a(I2C.o)
 .debug_loc     0x000015fb      0x5a2 .\CortexM0\ARM_GCC_493\Debug\Expo_Controller2.a(I2C_I2C_MASTER.o)
 .debug_loc     0x00001b9d       0x7e .\CortexM0\ARM_GCC_493\Debug\Expo_Controller2.a(UART.o)
 .debug_loc     0x00001c1b       0xee .\CortexM0\ARM_GCC_493\Debug\Expo_Controller2.a(UART_SPI_UART.o)
 .debug_loc     0x00001d09      0x194 .\CortexM0\ARM_GCC_493\Debug\Expo_Controller2.a(UART_UART.o)
 .debug_loc     0x00001e9d     0x208d .\CortexM0\ARM_GCC_493\Debug\Expo_Controller2.a(RTC.o)
 .debug_loc     0x00003f2a       0x63 .\CortexM0\ARM_GCC_493\Debug\Expo_Controller2.a(I2C_sda.o)
 .debug_loc     0x00003f8d       0x21 .\CortexM0\ARM_GCC_493\Debug\Expo_Controller2.a(I2C_scl.o)
 .debug_loc     0x00003fae      0x55e .\CortexM0\ARM_GCC_493\Debug\Expo_Controller2.a(CyLib.o)
 .debug_loc     0x0000450c      0x918 .\CortexM0\ARM_GCC_493\Debug\Expo_Controller2.a(CyLFClk.o)
 .debug_loc     0x00004e24       0x2b .\CortexM0\ARM_GCC_493\Debug\Expo_Controller2.a(PWM.o)
 .debug_loc     0x00004e4f      0x3ea .\CortexM0\ARM_GCC_493\Debug\Expo_Controller2.a(LCD.o)
 .debug_loc     0x00005239       0xaa .\CortexM0\ARM_GCC_493\Debug\Expo_Controller2.a(Timer_RTOS_ISR.o)
 .debug_loc     0x000052e3      0x53c .\CortexM0\ARM_GCC_493\Debug\Expo_Controller2.a(Timer_RTOS.o)
 .debug_loc     0x0000581f       0x21 .\CortexM0\ARM_GCC_493\Debug\Expo_Controller2.a(Bootloader_En.o)
 .debug_loc     0x00005840       0xd8 .\CortexM0\ARM_GCC_493\Debug\Expo_Controller2.a(Bootloadable.o)
 .debug_loc     0x00005918       0xe9 .\CortexM0\ARM_GCC_493\Debug\Expo_Controller2.a(I2C_I2C_INT.o)
 .debug_loc     0x00005a01      0x266 .\CortexM0\ARM_GCC_493\Debug\Expo_Controller2.a(CyFlash.o)

.debug_macinfo
 *(.debug_macinfo)

.debug_ranges   0x00000000      0xee0
 *(.debug_ranges)
 .debug_ranges  0x00000000       0xc0 .\CortexM0\ARM_GCC_493\Debug\main.o
 .debug_ranges  0x000000c0       0x38 .\CortexM0\ARM_GCC_493\Debug\OPT3001.o
 .debug_ranges  0x000000f8       0x30 .\CortexM0\ARM_GCC_493\Debug\WS0010.o
 .debug_ranges  0x00000128       0x48 .\CortexM0\ARM_GCC_493\Debug\TaskDispatcher.o
 .debug_ranges  0x00000170       0x58 .\CortexM0\ARM_GCC_493\Debug\bcd.o
 .debug_ranges  0x000001c8       0x38 .\CortexM0\ARM_GCC_493\Debug\Cm0Start.o
 .debug_ranges  0x00000200       0xa0 .\CortexM0\ARM_GCC_493\Debug\Expo_Controller2.a(cyfitter_cfg.o)
 .debug_ranges  0x000002a0       0x48 .\CortexM0\ARM_GCC_493\Debug\Expo_Controller2.a(I2C.o)
 .debug_ranges  0x000002e8       0x18 .\CortexM0\ARM_GCC_493\Debug\Expo_Controller2.a(I2C_I2C.o)
 .debug_ranges  0x00000300       0x78 .\CortexM0\ARM_GCC_493\Debug\Expo_Controller2.a(I2C_I2C_MASTER.o)
 .debug_ranges  0x00000378       0x40 .\CortexM0\ARM_GCC_493\Debug\Expo_Controller2.a(UART.o)
 .debug_ranges  0x000003b8       0x50 .\CortexM0\ARM_GCC_493\Debug\Expo_Controller2.a(UART_SPI_UART.o)
 .debug_ranges  0x00000408       0x50 .\CortexM0\ARM_GCC_493\Debug\Expo_Controller2.a(UART_UART.o)
 .debug_ranges  0x00000458      0x2b8 .\CortexM0\ARM_GCC_493\Debug\Expo_Controller2.a(RTC.o)
 .debug_ranges  0x00000710       0x30 .\CortexM0\ARM_GCC_493\Debug\Expo_Controller2.a(I2C_sda.o)
 .debug_ranges  0x00000740       0x30 .\CortexM0\ARM_GCC_493\Debug\Expo_Controller2.a(I2C_scl.o)
 .debug_ranges  0x00000770      0x1d0 .\CortexM0\ARM_GCC_493\Debug\Expo_Controller2.a(CyLib.o)
 .debug_ranges  0x00000940      0x1c0 .\CortexM0\ARM_GCC_493\Debug\Expo_Controller2.a(CyLFClk.o)
 .debug_ranges  0x00000b00       0x98 .\CortexM0\ARM_GCC_493\Debug\Expo_Controller2.a(PWM.o)
 .debug_ranges  0x00000b98       0x88 .\CortexM0\ARM_GCC_493\Debug\Expo_Controller2.a(LCD.o)
 .debug_ranges  0x00000c20       0xf0 .\CortexM0\ARM_GCC_493\Debug\Expo_Controller2.a(Timer_RTOS_ISR.o)
 .debug_ranges  0x00000d10      0x148 .\CortexM0\ARM_GCC_493\Debug\Expo_Controller2.a(Timer_RTOS.o)
 .debug_ranges  0x00000e58       0x30 .\CortexM0\ARM_GCC_493\Debug\Expo_Controller2.a(Bootloader_En.o)
 .debug_ranges  0x00000e88       0x18 .\CortexM0\ARM_GCC_493\Debug\Expo_Controller2.a(Bootloadable.o)
 .debug_ranges  0x00000ea0       0x10 .\CortexM0\ARM_GCC_493\Debug\Expo_Controller2.a(I2C_I2C_INT.o)
 .debug_ranges  0x00000eb0       0x30 .\CortexM0\ARM_GCC_493\Debug\Expo_Controller2.a(CyFlash.o)

.comment        0x00000000       0x70
 .comment       0x00000000       0x70 .\CortexM0\ARM_GCC_493\Debug\main.o
                                 0x71 (size before relaxing)
 .comment       0x00000000       0x71 .\CortexM0\ARM_GCC_493\Debug\OPT3001.o
 .comment       0x00000000       0x71 .\CortexM0\ARM_GCC_493\Debug\WS0010.o
 .comment       0x00000000       0x71 .\CortexM0\ARM_GCC_493\Debug\TaskDispatcher.o
 .comment       0x00000000       0x71 .\CortexM0\ARM_GCC_493\Debug\bcd.o
 .comment       0x00000000       0x71 .\CortexM0\ARM_GCC_493\Debug\cymetadata.o
 .comment       0x00000000       0x71 .\CortexM0\ARM_GCC_493\Debug\Cm0Start.o
 .comment       0x00000000       0x71 .\CortexM0\ARM_GCC_493\Debug\cybootloader.o
 .comment       0x00000000       0x71 .\CortexM0\ARM_GCC_493\Debug\Expo_Controller2.a(cyfitter_cfg.o)
 .comment       0x00000000       0x71 .\CortexM0\ARM_GCC_493\Debug\Expo_Controller2.a(I2C.o)
 .comment       0x00000000       0x71 .\CortexM0\ARM_GCC_493\Debug\Expo_Controller2.a(I2C_I2C.o)
 .comment       0x00000000       0x71 .\CortexM0\ARM_GCC_493\Debug\Expo_Controller2.a(I2C_I2C_MASTER.o)
 .comment       0x00000000       0x71 .\CortexM0\ARM_GCC_493\Debug\Expo_Controller2.a(UART.o)
 .comment       0x00000000       0x71 .\CortexM0\ARM_GCC_493\Debug\Expo_Controller2.a(UART_SPI_UART.o)
 .comment       0x00000000       0x71 .\CortexM0\ARM_GCC_493\Debug\Expo_Controller2.a(UART_UART.o)
 .comment       0x00000000       0x71 .\CortexM0\ARM_GCC_493\Debug\Expo_Controller2.a(RTC.o)
 .comment       0x00000000       0x71 .\CortexM0\ARM_GCC_493\Debug\Expo_Controller2.a(I2C_sda.o)
 .comment       0x00000000       0x71 .\CortexM0\ARM_GCC_493\Debug\Expo_Controller2.a(I2C_scl.o)
 .comment       0x00000000       0x71 .\CortexM0\ARM_GCC_493\Debug\Expo_Controller2.a(CyLib.o)
 .comment       0x00000000       0x71 .\CortexM0\ARM_GCC_493\Debug\Expo_Controller2.a(CyLFClk.o)
 .comment       0x00000000       0x71 .\CortexM0\ARM_GCC_493\Debug\Expo_Controller2.a(PWM.o)
 .comment       0x00000000       0x71 .\CortexM0\ARM_GCC_493\Debug\Expo_Controller2.a(LCD.o)
 .comment       0x00000000       0x71 .\CortexM0\ARM_GCC_493\Debug\Expo_Controller2.a(Timer_RTOS_ISR.o)
 .comment       0x00000000       0x71 .\CortexM0\ARM_GCC_493\Debug\Expo_Controller2.a(Timer_RTOS.o)
 .comment       0x00000000       0x71 .\CortexM0\ARM_GCC_493\Debug\Expo_Controller2.a(Bootloader_En.o)
 .comment       0x00000000       0x71 .\CortexM0\ARM_GCC_493\Debug\Expo_Controller2.a(Bootloadable.o)
 .comment       0x00000000       0x71 .\CortexM0\ARM_GCC_493\Debug\Expo_Controller2.a(I2C_I2C_INT.o)
 .comment       0x00000000       0x71 .\CortexM0\ARM_GCC_493\Debug\Expo_Controller2.a(CyFlash.o)

.debug_weaknames
 *(.debug_weaknames)

.debug_funcnames
 *(.debug_funcnames)

.debug_typenames
 *(.debug_typenames)

.debug_varnames
 *(.debug_varnames)

.note.gnu.arm.ident
 *(.note.gnu.arm.ident)

.ARM.attributes
                0x00000000       0x28
 *(.ARM.attributes)
 .ARM.attributes
                0x00000000       0x1e c:/program files/cypress/psoc creator/3.3/psoc creator/import/gnu/arm/4.9.3/bin/../lib/gcc/arm-none-eabi/4.9.3/armv6-m/crti.o
 .ARM.attributes
                0x0000001e       0x2c c:/program files/cypress/psoc creator/3.3/psoc creator/import/gnu/arm/4.9.3/bin/../lib/gcc/arm-none-eabi/4.9.3/armv6-m/crtbegin.o
 .ARM.attributes
                0x0000004a       0x1b c:/program files/cypress/psoc creator/3.3/psoc creator/import/gnu/arm/4.9.3/bin/../lib/gcc/arm-none-eabi/4.9.3/../../../../arm-none-eabi/lib/armv6-m/crt0.o
 .ARM.attributes
                0x00000065       0x31 .\CortexM0\ARM_GCC_493\Debug\main.o
 .ARM.attributes
                0x00000096       0x31 .\CortexM0\ARM_GCC_493\Debug\OPT3001.o
 .ARM.attributes
                0x000000c7       0x31 .\CortexM0\ARM_GCC_493\Debug\WS0010.o
 .ARM.attributes
                0x000000f8       0x31 .\CortexM0\ARM_GCC_493\Debug\TaskDispatcher.o
 .ARM.attributes
                0x00000129       0x31 .\CortexM0\ARM_GCC_493\Debug\bcd.o
 .ARM.attributes
                0x0000015a       0x31 .\CortexM0\ARM_GCC_493\Debug\cymetadata.o
 .ARM.attributes
                0x0000018b       0x31 .\CortexM0\ARM_GCC_493\Debug\Cm0Start.o
 .ARM.attributes
                0x000001bc       0x31 .\CortexM0\ARM_GCC_493\Debug\cybootloader.o
 .ARM.attributes
                0x000001ed       0x31 .\CortexM0\ARM_GCC_493\Debug\Expo_Controller2.a(cyfitter_cfg.o)
 .ARM.attributes
                0x0000021e       0x31 .\CortexM0\ARM_GCC_493\Debug\Expo_Controller2.a(I2C.o)
 .ARM.attributes
                0x0000024f       0x31 .\CortexM0\ARM_GCC_493\Debug\Expo_Controller2.a(I2C_I2C.o)
 .ARM.attributes
                0x00000280       0x31 .\CortexM0\ARM_GCC_493\Debug\Expo_Controller2.a(I2C_I2C_MASTER.o)
 .ARM.attributes
                0x000002b1       0x31 .\CortexM0\ARM_GCC_493\Debug\Expo_Controller2.a(UART.o)
 .ARM.attributes
                0x000002e2       0x31 .\CortexM0\ARM_GCC_493\Debug\Expo_Controller2.a(UART_SPI_UART.o)
 .ARM.attributes
                0x00000313       0x31 .\CortexM0\ARM_GCC_493\Debug\Expo_Controller2.a(UART_UART.o)
 .ARM.attributes
                0x00000344       0x31 .\CortexM0\ARM_GCC_493\Debug\Expo_Controller2.a(RTC.o)
 .ARM.attributes
                0x00000375       0x31 .\CortexM0\ARM_GCC_493\Debug\Expo_Controller2.a(I2C_sda.o)
 .ARM.attributes
                0x000003a6       0x31 .\CortexM0\ARM_GCC_493\Debug\Expo_Controller2.a(I2C_scl.o)
 .ARM.attributes
                0x000003d7       0x31 .\CortexM0\ARM_GCC_493\Debug\Expo_Controller2.a(CyLib.o)
 .ARM.attributes
                0x00000408       0x31 .\CortexM0\ARM_GCC_493\Debug\Expo_Controller2.a(CyLFClk.o)
 .ARM.attributes
                0x00000439       0x31 .\CortexM0\ARM_GCC_493\Debug\Expo_Controller2.a(PWM.o)
 .ARM.attributes
                0x0000046a       0x31 .\CortexM0\ARM_GCC_493\Debug\Expo_Controller2.a(LCD.o)
 .ARM.attributes
                0x0000049b       0x31 .\CortexM0\ARM_GCC_493\Debug\Expo_Controller2.a(Timer_RTOS_ISR.o)
 .ARM.attributes
                0x000004cc       0x31 .\CortexM0\ARM_GCC_493\Debug\Expo_Controller2.a(Timer_RTOS.o)
 .ARM.attributes
                0x000004fd       0x31 .\CortexM0\ARM_GCC_493\Debug\Expo_Controller2.a(Bootloader_En.o)
 .ARM.attributes
                0x0000052e       0x31 .\CortexM0\ARM_GCC_493\Debug\Expo_Controller2.a(Bootloadable.o)
 .ARM.attributes
                0x0000055f       0x31 .\CortexM0\ARM_GCC_493\Debug\Expo_Controller2.a(I2C_I2C_INT.o)
 .ARM.attributes
                0x00000590       0x21 .\CortexM0\ARM_GCC_493\Debug\Expo_Controller2.a(CyBootAsmGnu.o)
 .ARM.attributes
                0x000005b1       0x31 .\CortexM0\ARM_GCC_493\Debug\Expo_Controller2.a(CyFlash.o)
 .ARM.attributes
                0x000005e2       0x1e c:/program files/cypress/psoc creator/3.3/psoc creator/import/gnu/arm/4.9.3/bin/../lib/gcc/arm-none-eabi/4.9.3/armv6-m\libgcc.a(_thumb1_case_uqi.o)
 .ARM.attributes
                0x00000600       0x1e c:/program files/cypress/psoc creator/3.3/psoc creator/import/gnu/arm/4.9.3/bin/../lib/gcc/arm-none-eabi/4.9.3/armv6-m\libgcc.a(_udivsi3.o)
 .ARM.attributes
                0x0000061e       0x1e c:/program files/cypress/psoc creator/3.3/psoc creator/import/gnu/arm/4.9.3/bin/../lib/gcc/arm-none-eabi/4.9.3/armv6-m\libgcc.a(_divsi3.o)
 .ARM.attributes
                0x0000063c       0x1e c:/program files/cypress/psoc creator/3.3/psoc creator/import/gnu/arm/4.9.3/bin/../lib/gcc/arm-none-eabi/4.9.3/armv6-m\libgcc.a(_dvmd_tls.o)
 .ARM.attributes
                0x0000065a       0x1e c:/program files/cypress/psoc creator/3.3/psoc creator/import/gnu/arm/4.9.3/bin/../lib/gcc/arm-none-eabi/4.9.3/armv6-m\libgcc.a(_aeabi_uldivmod.o)
 .ARM.attributes
                0x00000678       0x2c c:/program files/cypress/psoc creator/3.3/psoc creator/import/gnu/arm/4.9.3/bin/../lib/gcc/arm-none-eabi/4.9.3/armv6-m\libgcc.a(_fixunsdfsi.o)
 .ARM.attributes
                0x000006a4       0x2c c:/program files/cypress/psoc creator/3.3/psoc creator/import/gnu/arm/4.9.3/bin/../lib/gcc/arm-none-eabi/4.9.3/armv6-m\libgcc.a(bpabi.o)
 .ARM.attributes
                0x000006d0       0x2c c:/program files/cypress/psoc creator/3.3/psoc creator/import/gnu/arm/4.9.3/bin/../lib/gcc/arm-none-eabi/4.9.3/armv6-m\libgcc.a(muldf3.o)
 .ARM.attributes
                0x000006fc       0x2c c:/program files/cypress/psoc creator/3.3/psoc creator/import/gnu/arm/4.9.3/bin/../lib/gcc/arm-none-eabi/4.9.3/armv6-m\libgcc.a(subdf3.o)
 .ARM.attributes
                0x00000728       0x2c c:/program files/cypress/psoc creator/3.3/psoc creator/import/gnu/arm/4.9.3/bin/../lib/gcc/arm-none-eabi/4.9.3/armv6-m\libgcc.a(fixdfsi.o)
 .ARM.attributes
                0x00000754       0x2c c:/program files/cypress/psoc creator/3.3/psoc creator/import/gnu/arm/4.9.3/bin/../lib/gcc/arm-none-eabi/4.9.3/armv6-m\libgcc.a(floatsidf.o)
 .ARM.attributes
                0x00000780       0x1e c:/program files/cypress/psoc creator/3.3/psoc creator/import/gnu/arm/4.9.3/bin/../lib/gcc/arm-none-eabi/4.9.3/armv6-m\libgcc.a(_arm_cmpdf2.o)
 .ARM.attributes
                0x0000079e       0x1e c:/program files/cypress/psoc creator/3.3/psoc creator/import/gnu/arm/4.9.3/bin/../lib/gcc/arm-none-eabi/4.9.3/armv6-m\libgcc.a(_clzsi2.o)
 .ARM.attributes
                0x000007bc       0x2c c:/program files/cypress/psoc creator/3.3/psoc creator/import/gnu/arm/4.9.3/bin/../lib/gcc/arm-none-eabi/4.9.3/armv6-m\libgcc.a(_muldi3.o)
 .ARM.attributes
                0x000007e8       0x2c c:/program files/cypress/psoc creator/3.3/psoc creator/import/gnu/arm/4.9.3/bin/../lib/gcc/arm-none-eabi/4.9.3/armv6-m\libgcc.a(_divdi3.o)
 .ARM.attributes
                0x00000814       0x2c c:/program files/cypress/psoc creator/3.3/psoc creator/import/gnu/arm/4.9.3/bin/../lib/gcc/arm-none-eabi/4.9.3/armv6-m\libgcc.a(_udivdi3.o)
 .ARM.attributes
                0x00000840       0x2c c:/program files/cypress/psoc creator/3.3/psoc creator/import/gnu/arm/4.9.3/bin/../lib/gcc/arm-none-eabi/4.9.3/armv6-m\libgcc.a(eqdf2.o)
 .ARM.attributes
                0x0000086c       0x2c c:/program files/cypress/psoc creator/3.3/psoc creator/import/gnu/arm/4.9.3/bin/../lib/gcc/arm-none-eabi/4.9.3/armv6-m\libgcc.a(gedf2.o)
 .ARM.attributes
                0x00000898       0x2c c:/program files/cypress/psoc creator/3.3/psoc creator/import/gnu/arm/4.9.3/bin/../lib/gcc/arm-none-eabi/4.9.3/armv6-m\libgcc.a(ledf2.o)
 .ARM.attributes
                0x000008c4       0x1e c:/program files/cypress/psoc creator/3.3/psoc creator/import/gnu/arm/4.9.3/bin/../lib/gcc/arm-none-eabi/4.9.3/armv6-m\libgcc.a(_clzdi2.o)
 .ARM.attributes
                0x000008e2       0x2c c:/program files/cypress/psoc creator/3.3/psoc creator/import/gnu/arm/4.9.3/bin/../lib/gcc/arm-none-eabi/4.9.3/../../../../arm-none-eabi/lib/armv6-m\libg_nano.a(lib_a-errno.o)
 .ARM.attributes
                0x0000090e       0x2c c:/program files/cypress/psoc creator/3.3/psoc creator/import/gnu/arm/4.9.3/bin/../lib/gcc/arm-none-eabi/4.9.3/../../../../arm-none-eabi/lib/armv6-m\libg_nano.a(lib_a-exit.o)
 .ARM.attributes
                0x0000093a       0x2c c:/program files/cypress/psoc creator/3.3/psoc creator/import/gnu/arm/4.9.3/bin/../lib/gcc/arm-none-eabi/4.9.3/../../../../arm-none-eabi/lib/armv6-m\libg_nano.a(lib_a-impure.o)
 .ARM.attributes
                0x00000966       0x2c c:/program files/cypress/psoc creator/3.3/psoc creator/import/gnu/arm/4.9.3/bin/../lib/gcc/arm-none-eabi/4.9.3/../../../../arm-none-eabi/lib/armv6-m\libg_nano.a(lib_a-init.o)
 .ARM.attributes
                0x00000992       0x2c c:/program files/cypress/psoc creator/3.3/psoc creator/import/gnu/arm/4.9.3/bin/../lib/gcc/arm-none-eabi/4.9.3/../../../../arm-none-eabi/lib/armv6-m\libg_nano.a(lib_a-memcpy.o)
 .ARM.attributes