Archive member included because of file (symbol)

.\CortexM0\ARM_GCC_493\Debug\Bootloader_PSoC4_Example01.a(cyfitter_cfg.o)
                              .\CortexM0\ARM_GCC_493\Debug\Cm0Start.o (cyfitter_cfg)
.\CortexM0\ARM_GCC_493\Debug\Bootloader_PSoC4_Example01.a(Bootloader.o)
                              .\CortexM0\ARM_GCC_493\Debug\Cm0Start.o (CyBtldr_CheckLaunch)
.\CortexM0\ARM_GCC_493\Debug\Bootloader_PSoC4_Example01.a(Bootloader_Status.o)
                              .\CortexM0\ARM_GCC_493\Debug\main.o (Bootloader_Status_Write)
.\CortexM0\ARM_GCC_493\Debug\Bootloader_PSoC4_Example01.a(CyFlash.o)
                              .\CortexM0\ARM_GCC_493\Debug\Bootloader_PSoC4_Example01.a(Bootloader.o) (CySysFlashWriteRow)
.\CortexM0\ARM_GCC_493\Debug\Bootloader_PSoC4_Example01.a(CyLib.o)
                              .\CortexM0\ARM_GCC_493\Debug\Cm0Start.o (CyHalt)
.\CortexM0\ARM_GCC_493\Debug\Bootloader_PSoC4_Example01.a(UART_UART_BOOT.o)
                              .\CortexM0\ARM_GCC_493\Debug\Bootloader_PSoC4_Example01.a(Bootloader.o) (UART_UartCyBtldrCommStart)
.\CortexM0\ARM_GCC_493\Debug\Bootloader_PSoC4_Example01.a(CyBootAsmGnu.o)
                              .\CortexM0\ARM_GCC_493\Debug\Bootloader_PSoC4_Example01.a(CyLib.o) (CyDelayCycles)
.\CortexM0\ARM_GCC_493\Debug\Bootloader_PSoC4_Example01.a(UART.o)
                              .\CortexM0\ARM_GCC_493\Debug\Bootloader_PSoC4_Example01.a(UART_UART_BOOT.o) (UART_Start)
.\CortexM0\ARM_GCC_493\Debug\Bootloader_PSoC4_Example01.a(UART_SPI_UART.o)
                              .\CortexM0\ARM_GCC_493\Debug\Bootloader_PSoC4_Example01.a(UART_UART_BOOT.o) (UART_SpiUartReadRxData)
.\CortexM0\ARM_GCC_493\Debug\Bootloader_PSoC4_Example01.a(UART_UART.o)
                              .\CortexM0\ARM_GCC_493\Debug\Bootloader_PSoC4_Example01.a(UART.o) (UART_UartInit)
c:/program files (x86)/cypress/psoc creator/3.3/psoc creator/import/gnu/arm/4.9.3/bin/../lib/gcc/arm-none-eabi/4.9.3/armv6-m\libgcc.a(_thumb1_case_uqi.o)
                              .\CortexM0\ARM_GCC_493\Debug\Bootloader_PSoC4_Example01.a(Bootloader.o) (__gnu_thumb1_case_uqi)
c:/program files (x86)/cypress/psoc creator/3.3/psoc creator/import/gnu/arm/4.9.3/bin/../lib/gcc/arm-none-eabi/4.9.3/armv6-m\libgcc.a(_thumb1_case_shi.o)
                              .\CortexM0\ARM_GCC_493\Debug\Bootloader_PSoC4_Example01.a(Bootloader.o) (__gnu_thumb1_case_shi)
c:/program files (x86)/cypress/psoc creator/3.3/psoc creator/import/gnu/arm/4.9.3/bin/../lib/gcc/arm-none-eabi/4.9.3/armv6-m\libgcc.a(_udivsi3.o)
                              .\CortexM0\ARM_GCC_493\Debug\Bootloader_PSoC4_Example01.a(CyLib.o) (__aeabi_uidiv)
c:/program files (x86)/cypress/psoc creator/3.3/psoc creator/import/gnu/arm/4.9.3/bin/../lib/gcc/arm-none-eabi/4.9.3/armv6-m\libgcc.a(_dvmd_tls.o)
                              c:/program files (x86)/cypress/psoc creator/3.3/psoc creator/import/gnu/arm/4.9.3/bin/../lib/gcc/arm-none-eabi/4.9.3/armv6-m\libgcc.a(_udivsi3.o) (__aeabi_idiv0)
c:/program files (x86)/cypress/psoc creator/3.3/psoc creator/import/gnu/arm/4.9.3/bin/../lib/gcc/arm-none-eabi/4.9.3/../../../../arm-none-eabi/lib/armv6-m\libg_nano.a(lib_a-errno.o)
                              .\CortexM0\ARM_GCC_493\Debug\Cm0Start.o (__errno)
c:/program files (x86)/cypress/psoc creator/3.3/psoc creator/import/gnu/arm/4.9.3/bin/../lib/gcc/arm-none-eabi/4.9.3/../../../../arm-none-eabi/lib/armv6-m\libg_nano.a(lib_a-exit.o)
                              c:/program files (x86)/cypress/psoc creator/3.3/psoc creator/import/gnu/arm/4.9.3/bin/../lib/gcc/arm-none-eabi/4.9.3/../../../../arm-none-eabi/lib/armv6-m/crt0.o (exit)
c:/program files (x86)/cypress/psoc creator/3.3/psoc creator/import/gnu/arm/4.9.3/bin/../lib/gcc/arm-none-eabi/4.9.3/../../../../arm-none-eabi/lib/armv6-m\libg_nano.a(lib_a-impure.o)
                              c:/program files (x86)/cypress/psoc creator/3.3/psoc creator/import/gnu/arm/4.9.3/bin/../lib/gcc/arm-none-eabi/4.9.3/../../../../arm-none-eabi/lib/armv6-m\libg_nano.a(lib_a-exit.o) (_global_impure_ptr)
c:/program files (x86)/cypress/psoc creator/3.3/psoc creator/import/gnu/arm/4.9.3/bin/../lib/gcc/arm-none-eabi/4.9.3/../../../../arm-none-eabi/lib/armv6-m\libg_nano.a(lib_a-init.o)
                              c:/program files (x86)/cypress/psoc creator/3.3/psoc creator/import/gnu/arm/4.9.3/bin/../lib/gcc/arm-none-eabi/4.9.3/../../../../arm-none-eabi/lib/armv6-m/crt0.o (__libc_init_array)
c:/program files (x86)/cypress/psoc creator/3.3/psoc creator/import/gnu/arm/4.9.3/bin/../lib/gcc/arm-none-eabi/4.9.3/../../../../arm-none-eabi/lib/armv6-m\libg_nano.a(lib_a-memcpy.o)
                              .\CortexM0\ARM_GCC_493\Debug\Bootloader_PSoC4_Example01.a(Bootloader.o) (memcpy)
c:/program files (x86)/cypress/psoc creator/3.3/psoc creator/import/gnu/arm/4.9.3/bin/../lib/gcc/arm-none-eabi/4.9.3/../../../../arm-none-eabi/lib/armv6-m\libg_nano.a(lib_a-memset.o)
                              c:/program files (x86)/cypress/psoc creator/3.3/psoc creator/import/gnu/arm/4.9.3/bin/../lib/gcc/arm-none-eabi/4.9.3/../../../../arm-none-eabi/lib/armv6-m/crt0.o (memset)

Discarded input sections

 .text          0x00000000        0x0 c:/program files (x86)/cypress/psoc creator/3.3/psoc creator/import/gnu/arm/4.9.3/bin/../lib/gcc/arm-none-eabi/4.9.3/armv6-m/crti.o
 .data          0x00000000        0x0 c:/program files (x86)/cypress/psoc creator/3.3/psoc creator/import/gnu/arm/4.9.3/bin/../lib/gcc/arm-none-eabi/4.9.3/armv6-m/crti.o
 .bss           0x00000000        0x0 c:/program files (x86)/cypress/psoc creator/3.3/psoc creator/import/gnu/arm/4.9.3/bin/../lib/gcc/arm-none-eabi/4.9.3/armv6-m/crti.o
 .data          0x00000000        0x4 c:/program files (x86)/cypress/psoc creator/3.3/psoc creator/import/gnu/arm/4.9.3/bin/../lib/gcc/arm-none-eabi/4.9.3/armv6-m/crtbegin.o
 .text          0x00000000       0x78 c:/program files (x86)/cypress/psoc creator/3.3/psoc creator/import/gnu/arm/4.9.3/bin/../lib/gcc/arm-none-eabi/4.9.3/../../../../arm-none-eabi/lib/armv6-m/crt0.o
 .data          0x00000000        0x0 c:/program files (x86)/cypress/psoc creator/3.3/psoc creator/import/gnu/arm/4.9.3/bin/../lib/gcc/arm-none-eabi/4.9.3/../../../../arm-none-eabi/lib/armv6-m/crt0.o
 .bss           0x00000000        0x0 c:/program files (x86)/cypress/psoc creator/3.3/psoc creator/import/gnu/arm/4.9.3/bin/../lib/gcc/arm-none-eabi/4.9.3/../../../../arm-none-eabi/lib/armv6-m/crt0.o
 .ARM.extab     0x00000000        0x0 c:/program files (x86)/cypress/psoc creator/3.3/psoc creator/import/gnu/arm/4.9.3/bin/../lib/gcc/arm-none-eabi/4.9.3/../../../../arm-none-eabi/lib/armv6-m/crt0.o
 .ARM.exidx     0x00000000        0x8 c:/program files (x86)/cypress/psoc creator/3.3/psoc creator/import/gnu/arm/4.9.3/bin/../lib/gcc/arm-none-eabi/4.9.3/../../../../arm-none-eabi/lib/armv6-m/crt0.o
 .text          0x00000000        0x0 .\CortexM0\ARM_GCC_493\Debug\main.o
 .data          0x00000000        0x0 .\CortexM0\ARM_GCC_493\Debug\main.o
 .bss           0x00000000        0x0 .\CortexM0\ARM_GCC_493\Debug\main.o
 .text          0x00000000        0x0 .\CortexM0\ARM_GCC_493\Debug\cymetadata.o
 .data          0x00000000        0x0 .\CortexM0\ARM_GCC_493\Debug\cymetadata.o
 .bss           0x00000000        0x0 .\CortexM0\ARM_GCC_493\Debug\cymetadata.o
 .text          0x00000000        0x0 .\CortexM0\ARM_GCC_493\Debug\Cm0Start.o
 .data          0x00000000        0x4 .\CortexM0\ARM_GCC_493\Debug\Cm0Start.o
 .bss           0x00000000        0x0 .\CortexM0\ARM_GCC_493\Debug\Cm0Start.o
 .text._exit    0x00000000        0xa .\CortexM0\ARM_GCC_493\Debug\Cm0Start.o
 .text._sbrk    0x00000000       0x30 .\CortexM0\ARM_GCC_493\Debug\Cm0Start.o
 .text          0x00000000        0x0 .\CortexM0\ARM_GCC_493\Debug\Bootloader_PSoC4_Example01.a(cyfitter_cfg.o)
 .data          0x00000000        0x0 .\CortexM0\ARM_GCC_493\Debug\Bootloader_PSoC4_Example01.a(cyfitter_cfg.o)
 .bss           0x00000000        0x0 .\CortexM0\ARM_GCC_493\Debug\Bootloader_PSoC4_Example01.a(cyfitter_cfg.o)
 .text          0x00000000        0x0 .\CortexM0\ARM_GCC_493\Debug\Bootloader_PSoC4_Example01.a(Bootloader.o)
 .text.Bootloader_InitCallback
                0x00000000        0xc .\CortexM0\ARM_GCC_493\Debug\Bootloader_PSoC4_Example01.a(Bootloader.o)
 .text.Bootloader_Exit
                0x00000000       0x34 .\CortexM0\ARM_GCC_493\Debug\Bootloader_PSoC4_Example01.a(Bootloader.o)
 .text          0x00000000        0x0 .\CortexM0\ARM_GCC_493\Debug\Bootloader_PSoC4_Example01.a(Bootloader_Status.o)
 .data          0x00000000        0x0 .\CortexM0\ARM_GCC_493\Debug\Bootloader_PSoC4_Example01.a(Bootloader_Status.o)
 .bss           0x00000000        0x0 .\CortexM0\ARM_GCC_493\Debug\Bootloader_PSoC4_Example01.a(Bootloader_Status.o)
 .text.Bootloader_Status_SetDriveMode
                0x00000000       0x18 .\CortexM0\ARM_GCC_493\Debug\Bootloader_PSoC4_Example01.a(Bootloader_Status.o)
 .text.Bootloader_Status_Read
                0x00000000       0x10 .\CortexM0\ARM_GCC_493\Debug\Bootloader_PSoC4_Example01.a(Bootloader_Status.o)
 .text.Bootloader_Status_ReadDataReg
                0x00000000       0x10 .\CortexM0\ARM_GCC_493\Debug\Bootloader_PSoC4_Example01.a(Bootloader_Status.o)
 .text.Bootloader_Status_ClearInterrupt
                0x00000000       0x14 .\CortexM0\ARM_GCC_493\Debug\Bootloader_PSoC4_Example01.a(Bootloader_Status.o)
 .text          0x00000000        0x0 .\CortexM0\ARM_GCC_493\Debug\Bootloader_PSoC4_Example01.a(CyFlash.o)
 .data          0x00000000        0x0 .\CortexM0\ARM_GCC_493\Debug\Bootloader_PSoC4_Example01.a(CyFlash.o)
 .text.CySysFlashSetWaitCycles
                0x00000000       0x30 .\CortexM0\ARM_GCC_493\Debug\Bootloader_PSoC4_Example01.a(CyFlash.o)
 .text          0x00000000        0x0 .\CortexM0\ARM_GCC_493\Debug\Bootloader_PSoC4_Example01.a(CyLib.o)
 .bss           0x00000000       0x18 .\CortexM0\ARM_GCC_493\Debug\Bootloader_PSoC4_Example01.a(CyLib.o)
 .text.CySysClkImoStart
                0x00000000       0x14 .\CortexM0\ARM_GCC_493\Debug\Bootloader_PSoC4_Example01.a(CyLib.o)
 .text.CySysClkImoStop
                0x00000000       0x10 .\CortexM0\ARM_GCC_493\Debug\Bootloader_PSoC4_Example01.a(CyLib.o)
 .text.CySysClkWriteHfclkDirect
                0x00000000       0x24 .\CortexM0\ARM_GCC_493\Debug\Bootloader_PSoC4_Example01.a(CyLib.o)
 .text.CySysClkWriteSysclkDiv
                0x00000000       0x28 .\CortexM0\ARM_GCC_493\Debug\Bootloader_PSoC4_Example01.a(CyLib.o)
 .text.CySysLvdDisable
                0x00000000       0x20 .\CortexM0\ARM_GCC_493\Debug\Bootloader_PSoC4_Example01.a(CyLib.o)
 .text.CySysLvdGetInterruptSource
                0x00000000       0x10 .\CortexM0\ARM_GCC_493\Debug\Bootloader_PSoC4_Example01.a(CyLib.o)
 .text.CySysLvdClearInterrupt
                0x00000000        0xc .\CortexM0\ARM_GCC_493\Debug\Bootloader_PSoC4_Example01.a(CyLib.o)
 .text.CySysGetResetReason
                0x00000000       0x14 .\CortexM0\ARM_GCC_493\Debug\Bootloader_PSoC4_Example01.a(CyLib.o)
 .text.CyDisableInts
                0x00000000       0x10 .\CortexM0\ARM_GCC_493\Debug\Bootloader_PSoC4_Example01.a(CyLib.o)
 .text.CyEnableInts
                0x00000000        0xc .\CortexM0\ARM_GCC_493\Debug\Bootloader_PSoC4_Example01.a(CyLib.o)
 .text.CyIntSetSysVector
                0x00000000       0x14 .\CortexM0\ARM_GCC_493\Debug\Bootloader_PSoC4_Example01.a(CyLib.o)
 .text.CyIntGetSysVector
                0x00000000       0x12 .\CortexM0\ARM_GCC_493\Debug\Bootloader_PSoC4_Example01.a(CyLib.o)
 .text.CyIntSetVector
                0x00000000       0x18 .\CortexM0\ARM_GCC_493\Debug\Bootloader_PSoC4_Example01.a(CyLib.o)
 .text.CyIntGetVector
                0x00000000       0x14 .\CortexM0\ARM_GCC_493\Debug\Bootloader_PSoC4_Example01.a(CyLib.o)
 .text.CyIntSetPriority
                0x00000000       0x3c .\CortexM0\ARM_GCC_493\Debug\Bootloader_PSoC4_Example01.a(CyLib.o)
 .text.CyIntGetPriority
                0x00000000       0x28 .\CortexM0\ARM_GCC_493\Debug\Bootloader_PSoC4_Example01.a(CyLib.o)
 .text.CyIntEnable
                0x00000000       0x14 .\CortexM0\ARM_GCC_493\Debug\Bootloader_PSoC4_Example01.a(CyLib.o)
 .text.CyIntGetState
                0x00000000       0x18 .\CortexM0\ARM_GCC_493\Debug\Bootloader_PSoC4_Example01.a(CyLib.o)
 .text.CyIntDisable
                0x00000000       0x14 .\CortexM0\ARM_GCC_493\Debug\Bootloader_PSoC4_Example01.a(CyLib.o)
 .text.CyIntSetPending
                0x00000000       0x14 .\CortexM0\ARM_GCC_493\Debug\Bootloader_PSoC4_Example01.a(CyLib.o)
 .text.CyIntClearPending
                0x00000000       0x14 .\CortexM0\ARM_GCC_493\Debug\Bootloader_PSoC4_Example01.a(CyLib.o)
 .text.CySysLvdEnable
                0x00000000       0x44 .\CortexM0\ARM_GCC_493\Debug\Bootloader_PSoC4_Example01.a(CyLib.o)
 .text.CyDelayFreq
                0x00000000       0x48 .\CortexM0\ARM_GCC_493\Debug\Bootloader_PSoC4_Example01.a(CyLib.o)
 .text.CySysTickInit
                0x00000000       0x50 .\CortexM0\ARM_GCC_493\Debug\Bootloader_PSoC4_Example01.a(CyLib.o)
 .text.CySysTickStop
                0x00000000       0x10 .\CortexM0\ARM_GCC_493\Debug\Bootloader_PSoC4_Example01.a(CyLib.o)
 .text.CySysTickEnableInterrupt
                0x00000000       0x10 .\CortexM0\ARM_GCC_493\Debug\Bootloader_PSoC4_Example01.a(CyLib.o)
 .text.CySysTickEnable
                0x00000000       0x18 .\CortexM0\ARM_GCC_493\Debug\Bootloader_PSoC4_Example01.a(CyLib.o)
 .text.CySysTickStart
                0x00000000       0x1c .\CortexM0\ARM_GCC_493\Debug\Bootloader_PSoC4_Example01.a(CyLib.o)
 .text.CySysTickDisableInterrupt
                0x00000000       0x10 .\CortexM0\ARM_GCC_493\Debug\Bootloader_PSoC4_Example01.a(CyLib.o)
 .text.CySysTickSetReload
                0x00000000       0x10 .\CortexM0\ARM_GCC_493\Debug\Bootloader_PSoC4_Example01.a(CyLib.o)
 .text.CySysTickGetReload
                0x00000000       0x10 .\CortexM0\ARM_GCC_493\Debug\Bootloader_PSoC4_Example01.a(CyLib.o)
 .text.CySysTickGetValue
                0x00000000       0x10 .\CortexM0\ARM_GCC_493\Debug\Bootloader_PSoC4_Example01.a(CyLib.o)
 .text.CySysTickGetCountFlag
                0x00000000       0x10 .\CortexM0\ARM_GCC_493\Debug\Bootloader_PSoC4_Example01.a(CyLib.o)
 .text.CySysTickServiceCallbacks
                0x00000000       0x24 .\CortexM0\ARM_GCC_493\Debug\Bootloader_PSoC4_Example01.a(CyLib.o)
 .text.CySysTickClear
                0x00000000        0xc .\CortexM0\ARM_GCC_493\Debug\Bootloader_PSoC4_Example01.a(CyLib.o)
 .text.CySysTickSetCallback
                0x00000000       0x10 .\CortexM0\ARM_GCC_493\Debug\Bootloader_PSoC4_Example01.a(CyLib.o)
 .text.CySysTickGetCallback
                0x00000000        0xc .\CortexM0\ARM_GCC_493\Debug\Bootloader_PSoC4_Example01.a(CyLib.o)
 .text.CyGetUniqueId
                0x00000000       0x70 .\CortexM0\ARM_GCC_493\Debug\Bootloader_PSoC4_Example01.a(CyLib.o)
 .text          0x00000000        0x0 .\CortexM0\ARM_GCC_493\Debug\Bootloader_PSoC4_Example01.a(UART_UART_BOOT.o)
 .data          0x00000000        0x0 .\CortexM0\ARM_GCC_493\Debug\Bootloader_PSoC4_Example01.a(UART_UART_BOOT.o)
 .bss           0x00000000        0x0 .\CortexM0\ARM_GCC_493\Debug\Bootloader_PSoC4_Example01.a(UART_UART_BOOT.o)
 .text.UART_UartCyBtldrCommStop
                0x00000000        0x8 .\CortexM0\ARM_GCC_493\Debug\Bootloader_PSoC4_Example01.a(UART_UART_BOOT.o)
 .text.UART_UartCyBtldrCommReset
                0x00000000        0xc .\CortexM0\ARM_GCC_493\Debug\Bootloader_PSoC4_Example01.a(UART_UART_BOOT.o)
 .data          0x00000000        0x0 .\CortexM0\ARM_GCC_493\Debug\Bootloader_PSoC4_Example01.a(CyBootAsmGnu.o)
 .bss           0x00000000        0x0 .\CortexM0\ARM_GCC_493\Debug\Bootloader_PSoC4_Example01.a(CyBootAsmGnu.o)
 .text          0x00000000        0x0 .\CortexM0\ARM_GCC_493\Debug\Bootloader_PSoC4_Example01.a(UART.o)
 .data          0x00000000        0x0 .\CortexM0\ARM_GCC_493\Debug\Bootloader_PSoC4_Example01.a(UART.o)
 .text.UART_Init
                0x00000000        0x8 .\CortexM0\ARM_GCC_493\Debug\Bootloader_PSoC4_Example01.a(UART.o)
 .text.UART_Stop
                0x00000000       0x20 .\CortexM0\ARM_GCC_493\Debug\Bootloader_PSoC4_Example01.a(UART.o)
 .text.UART_SetRxFifoLevel
                0x00000000       0x14 .\CortexM0\ARM_GCC_493\Debug\Bootloader_PSoC4_Example01.a(UART.o)
 .text.UART_SetTxFifoLevel
                0x00000000       0x14 .\CortexM0\ARM_GCC_493\Debug\Bootloader_PSoC4_Example01.a(UART.o)
 .text.UART_I2CSlaveNackGeneration
                0x00000000       0x3c .\CortexM0\ARM_GCC_493\Debug\Bootloader_PSoC4_Example01.a(UART.o)
 .text          0x00000000        0x0 .\CortexM0\ARM_GCC_493\Debug\Bootloader_PSoC4_Example01.a(UART_SPI_UART.o)
 .data          0x00000000        0x0 .\CortexM0\ARM_GCC_493\Debug\Bootloader_PSoC4_Example01.a(UART_SPI_UART.o)
 .bss           0x00000000        0x0 .\CortexM0\ARM_GCC_493\Debug\Bootloader_PSoC4_Example01.a(UART_SPI_UART.o)
 .text.UART_SpiUartClearRxBuffer
                0x00000000       0x20 .\CortexM0\ARM_GCC_493\Debug\Bootloader_PSoC4_Example01.a(UART_SPI_UART.o)
 .text.UART_SpiUartGetTxBufferSize
                0x00000000       0x10 .\CortexM0\ARM_GCC_493\Debug\Bootloader_PSoC4_Example01.a(UART_SPI_UART.o)
 .text.UART_SpiUartClearTxBuffer
                0x00000000       0x20 .\CortexM0\ARM_GCC_493\Debug\Bootloader_PSoC4_Example01.a(UART_SPI_UART.o)
 .text.UART_SpiUartDisableIntRx
                0x00000000       0x10 .\CortexM0\ARM_GCC_493\Debug\Bootloader_PSoC4_Example01.a(UART_SPI_UART.o)
 .text.UART_SpiUartDisableIntTx
                0x00000000       0x10 .\CortexM0\ARM_GCC_493\Debug\Bootloader_PSoC4_Example01.a(UART_SPI_UART.o)
 .text          0x00000000        0x0 .\CortexM0\ARM_GCC_493\Debug\Bootloader_PSoC4_Example01.a(UART_UART.o)
 .data          0x00000000        0x0 .\CortexM0\ARM_GCC_493\Debug\Bootloader_PSoC4_Example01.a(UART_UART.o)
 .bss           0x00000000        0x0 .\CortexM0\ARM_GCC_493\Debug\Bootloader_PSoC4_Example01.a(UART_UART.o)
 .text.UART_UartStop
                0x00000000       0x14 .\CortexM0\ARM_GCC_493\Debug\Bootloader_PSoC4_Example01.a(UART_UART.o)
 .text.UART_UartSetRxAddress
                0x00000000       0x14 .\CortexM0\ARM_GCC_493\Debug\Bootloader_PSoC4_Example01.a(UART_UART.o)
 .text.UART_UartSetRxAddressMask
                0x00000000       0x18 .\CortexM0\ARM_GCC_493\Debug\Bootloader_PSoC4_Example01.a(UART_UART.o)
 .text.UART_UartGetChar
                0x00000000       0x28 .\CortexM0\ARM_GCC_493\Debug\Bootloader_PSoC4_Example01.a(UART_UART.o)
 .text.UART_UartGetByte
                0x00000000       0x30 .\CortexM0\ARM_GCC_493\Debug\Bootloader_PSoC4_Example01.a(UART_UART.o)
 .text.UART_UartPutString
                0x00000000       0x16 .\CortexM0\ARM_GCC_493\Debug\Bootloader_PSoC4_Example01.a(UART_UART.o)
 .text.UART_UartPutCRLF
                0x00000000       0x14 .\CortexM0\ARM_GCC_493\Debug\Bootloader_PSoC4_Example01.a(UART_UART.o)
 .data          0x00000000        0x0 c:/program files (x86)/cypress/psoc creator/3.3/psoc creator/import/gnu/arm/4.9.3/bin/../lib/gcc/arm-none-eabi/4.9.3/armv6-m\libgcc.a(_thumb1_case_uqi.o)
 .bss           0x00000000        0x0 c:/program files (x86)/cypress/psoc creator/3.3/psoc creator/import/gnu/arm/4.9.3/bin/../lib/gcc/arm-none-eabi/4.9.3/armv6-m\libgcc.a(_thumb1_case_uqi.o)
 .data          0x00000000        0x0 c:/program files (x86)/cypress/psoc creator/3.3/psoc creator/import/gnu/arm/4.9.3/bin/../lib/gcc/arm-none-eabi/4.9.3/armv6-m\libgcc.a(_thumb1_case_shi.o)
 .bss           0x00000000        0x0 c:/program files (x86)/cypress/psoc creator/3.3/psoc creator/import/gnu/arm/4.9.3/bin/../lib/gcc/arm-none-eabi/4.9.3/armv6-m\libgcc.a(_thumb1_case_shi.o)
 .text          0x00000000      0x120 c:/program files (x86)/cypress/psoc creator/3.3/psoc creator/import/gnu/arm/4.9.3/bin/../lib/gcc/arm-none-eabi/4.9.3/armv6-m\libgcc.a(_udivsi3.o)
 .data          0x00000000        0x0 c:/program files (x86)/cypress/psoc creator/3.3/psoc creator/import/gnu/arm/4.9.3/bin/../lib/gcc/arm-none-eabi/4.9.3/armv6-m\libgcc.a(_udivsi3.o)
 .bss           0x00000000        0x0 c:/program files (x86)/cypress/psoc creator/3.3/psoc creator/import/gnu/arm/4.9.3/bin/../lib/gcc/arm-none-eabi/4.9.3/armv6-m\libgcc.a(_udivsi3.o)
 .text          0x00000000        0x4 c:/program files (x86)/cypress/psoc creator/3.3/psoc creator/import/gnu/arm/4.9.3/bin/../lib/gcc/arm-none-eabi/4.9.3/armv6-m\libgcc.a(_dvmd_tls.o)
 .data          0x00000000        0x0 c:/program files (x86)/cypress/psoc creator/3.3/psoc creator/import/gnu/arm/4.9.3/bin/../lib/gcc/arm-none-eabi/4.9.3/armv6-m\libgcc.a(_dvmd_tls.o)
 .bss           0x00000000        0x0 c:/program files (x86)/cypress/psoc creator/3.3/psoc creator/import/gnu/arm/4.9.3/bin/../lib/gcc/arm-none-eabi/4.9.3/armv6-m\libgcc.a(_dvmd_tls.o)
 .text          0x00000000        0x0 c:/program files (x86)/cypress/psoc creator/3.3/psoc creator/import/gnu/arm/4.9.3/bin/../lib/gcc/arm-none-eabi/4.9.3/../../../../arm-none-eabi/lib/armv6-m\libg_nano.a(lib_a-errno.o)
 .data          0x00000000        0x0 c:/program files (x86)/cypress/psoc creator/3.3/psoc creator/import/gnu/arm/4.9.3/bin/../lib/gcc/arm-none-eabi/4.9.3/../../../../arm-none-eabi/lib/armv6-m\libg_nano.a(lib_a-errno.o)
 .bss           0x00000000        0x0 c:/program files (x86)/cypress/psoc creator/3.3/psoc creator/import/gnu/arm/4.9.3/bin/../lib/gcc/arm-none-eabi/4.9.3/../../../../arm-none-eabi/lib/armv6-m\libg_nano.a(lib_a-errno.o)
 .text.__errno  0x00000000        0xc c:/program files (x86)/cypress/psoc creator/3.3/psoc creator/import/gnu/arm/4.9.3/bin/../lib/gcc/arm-none-eabi/4.9.3/../../../../arm-none-eabi/lib/armv6-m\libg_nano.a(lib_a-errno.o)
 .text          0x00000000        0x0 c:/program files (x86)/cypress/psoc creator/3.3/psoc creator/import/gnu/arm/4.9.3/bin/../lib/gcc/arm-none-eabi/4.9.3/../../../../arm-none-eabi/lib/armv6-m\libg_nano.a(lib_a-exit.o)
 .data          0x00000000        0x0 c:/program files (x86)/cypress/psoc creator/3.3/psoc creator/import/gnu/arm/4.9.3/bin/../lib/gcc/arm-none-eabi/4.9.3/../../../../arm-none-eabi/lib/armv6-m\libg_nano.a(lib_a-exit.o)
 .bss           0x00000000        0x0 c:/program files (x86)/cypress/psoc creator/3.3/psoc creator/import/gnu/arm/4.9.3/bin/../lib/gcc/arm-none-eabi/4.9.3/../../../../arm-none-eabi/lib/armv6-m\libg_nano.a(lib_a-exit.o)
 .text.exit     0x00000000       0x2c c:/program files (x86)/cypress/psoc creator/3.3/psoc creator/import/gnu/arm/4.9.3/bin/../lib/gcc/arm-none-eabi/4.9.3/../../../../arm-none-eabi/lib/armv6-m\libg_nano.a(lib_a-exit.o)
 .text          0x00000000        0x0 c:/program files (x86)/cypress/psoc creator/3.3/psoc creator/import/gnu/arm/4.9.3/bin/../lib/gcc/arm-none-eabi/4.9.3/../../../../arm-none-eabi/lib/armv6-m\libg_nano.a(lib_a-impure.o)
 .data          0x00000000        0x0 c:/program files (x86)/cypress/psoc creator/3.3/psoc creator/import/gnu/arm/4.9.3/bin/../lib/gcc/arm-none-eabi/4.9.3/../../../../arm-none-eabi/lib/armv6-m\libg_nano.a(lib_a-impure.o)
 .bss           0x00000000        0x0 c:/program files (x86)/cypress/psoc creator/3.3/psoc creator/import/gnu/arm/4.9.3/bin/../lib/gcc/arm-none-eabi/4.9.3/../../../../arm-none-eabi/lib/armv6-m\libg_nano.a(lib_a-impure.o)
 .data.impure_data
                0x00000000       0x60 c:/program files (x86)/cypress/psoc creator/3.3/psoc creator/import/gnu/arm/4.9.3/bin/../lib/gcc/arm-none-eabi/4.9.3/../../../../arm-none-eabi/lib/armv6-m\libg_nano.a(lib_a-impure.o)
 .data._impure_ptr
                0x00000000        0x4 c:/program files (x86)/cypress/psoc creator/3.3/psoc creator/import/gnu/arm/4.9.3/bin/../lib/gcc/arm-none-eabi/4.9.3/../../../../arm-none-eabi/lib/armv6-m\libg_nano.a(lib_a-impure.o)
 .rodata.str1.1
                0x00000000        0x2 c:/program files (x86)/cypress/psoc creator/3.3/psoc creator/import/gnu/arm/4.9.3/bin/../lib/gcc/arm-none-eabi/4.9.3/../../../../arm-none-eabi/lib/armv6-m\libg_nano.a(lib_a-impure.o)
 .rodata._global_impure_ptr
                0x00000000        0x4 c:/program files (x86)/cypress/psoc creator/3.3/psoc creator/import/gnu/arm/4.9.3/bin/../lib/gcc/arm-none-eabi/4.9.3/../../../../arm-none-eabi/lib/armv6-m\libg_nano.a(lib_a-impure.o)
 .text          0x00000000        0x0 c:/program files (x86)/cypress/psoc creator/3.3/psoc creator/import/gnu/arm/4.9.3/bin/../lib/gcc/arm-none-eabi/4.9.3/../../../../arm-none-eabi/lib/armv6-m\libg_nano.a(lib_a-init.o)
 .data          0x00000000        0x0 c:/program files (x86)/cypress/psoc creator/3.3/psoc creator/import/gnu/arm/4.9.3/bin/../lib/gcc/arm-none-eabi/4.9.3/../../../../arm-none-eabi/lib/armv6-m\libg_nano.a(lib_a-init.o)
 .bss           0x00000000        0x0 c:/program files (x86)/cypress/psoc creator/3.3/psoc creator/import/gnu/arm/4.9.3/bin/../lib/gcc/arm-none-eabi/4.9.3/../../../../arm-none-eabi/lib/armv6-m\libg_nano.a(lib_a-init.o)
 .text          0x00000000        0x0 c:/program files (x86)/cypress/psoc creator/3.3/psoc creator/import/gnu/arm/4.9.3/bin/../lib/gcc/arm-none-eabi/4.9.3/../../../../arm-none-eabi/lib/armv6-m\libg_nano.a(lib_a-memcpy.o)
 .data          0x00000000        0x0 c:/program files (x86)/cypress/psoc creator/3.3/psoc creator/import/gnu/arm/4.9.3/bin/../lib/gcc/arm-none-eabi/4.9.3/../../../../arm-none-eabi/lib/armv6-m\libg_nano.a(lib_a-memcpy.o)
 .bss           0x00000000        0x0 c:/program files (x86)/cypress/psoc creator/3.3/psoc creator/import/gnu/arm/4.9.3/bin/../lib/gcc/arm-none-eabi/4.9.3/../../../../arm-none-eabi/lib/armv6-m\libg_nano.a(lib_a-memcpy.o)
 .text          0x00000000        0x0 c:/program files (x86)/cypress/psoc creator/3.3/psoc creator/import/gnu/arm/4.9.3/bin/../lib/gcc/arm-none-eabi/4.9.3/../../../../arm-none-eabi/lib/armv6-m\libg_nano.a(lib_a-memset.o)
 .data          0x00000000        0x0 c:/program files (x86)/cypress/psoc creator/3.3/psoc creator/import/gnu/arm/4.9.3/bin/../lib/gcc/arm-none-eabi/4.9.3/../../../../arm-none-eabi/lib/armv6-m\libg_nano.a(lib_a-memset.o)
 .bss           0x00000000        0x0 c:/program files (x86)/cypress/psoc creator/3.3/psoc creator/import/gnu/arm/4.9.3/bin/../lib/gcc/arm-none-eabi/4.9.3/../../../../arm-none-eabi/lib/armv6-m\libg_nano.a(lib_a-memset.o)
 .text          0x00000000        0x0 c:/program files (x86)/cypress/psoc creator/3.3/psoc creator/import/gnu/arm/4.9.3/bin/../lib/gcc/arm-none-eabi/4.9.3/armv6-m/crtend.o
 .data          0x00000000        0x0 c:/program files (x86)/cypress/psoc creator/3.3/psoc creator/import/gnu/arm/4.9.3/bin/../lib/gcc/arm-none-eabi/4.9.3/armv6-m/crtend.o
 .bss           0x00000000        0x0 c:/program files (x86)/cypress/psoc creator/3.3/psoc creator/import/gnu/arm/4.9.3/bin/../lib/gcc/arm-none-eabi/4.9.3/armv6-m/crtend.o
 .text          0x00000000        0x0 c:/program files (x86)/cypress/psoc creator/3.3/psoc creator/import/gnu/arm/4.9.3/bin/../lib/gcc/arm-none-eabi/4.9.3/armv6-m/crtn.o
 .data          0x00000000        0x0 c:/program files (x86)/cypress/psoc creator/3.3/psoc creator/import/gnu/arm/4.9.3/bin/../lib/gcc/arm-none-eabi/4.9.3/armv6-m/crtn.o
 .bss           0x00000000        0x0 c:/program files (x86)/cypress/psoc creator/3.3/psoc creator/import/gnu/arm/4.9.3/bin/../lib/gcc/arm-none-eabi/4.9.3/armv6-m/crtn.o

Memory Configuration

Name             Origin             Length             Attributes
rom              0x00000000         0x00008000         xr
ram              0x20000000         0x00001000         xrw
*default*        0x00000000         0xffffffff

Linker script and memory map

LOAD c:/program files (x86)/cypress/psoc creator/3.3/psoc creator/import/gnu/arm/4.9.3/bin/../lib/gcc/arm-none-eabi/4.9.3/armv6-m/crti.o
LOAD c:/program files (x86)/cypress/psoc creator/3.3/psoc creator/import/gnu/arm/4.9.3/bin/../lib/gcc/arm-none-eabi/4.9.3/armv6-m/crtbegin.o
LOAD c:/program files (x86)/cypress/psoc creator/3.3/psoc creator/import/gnu/arm/4.9.3/bin/../lib/gcc/arm-none-eabi/4.9.3/../../../../arm-none-eabi/lib/armv6-m/crt0.o
START GROUP
LOAD .\CortexM0\ARM_GCC_493\Debug\main.o
LOAD .\CortexM0\ARM_GCC_493\Debug\cymetadata.o
LOAD .\CortexM0\ARM_GCC_493\Debug\Cm0Start.o
LOAD .\CortexM0\ARM_GCC_493\Debug\Bootloader_PSoC4_Example01.a
LOAD C:\Program Files (x86)\Cypress\PSoC Creator\3.3\PSoC Creator\psoc\content\cycomponentlibrary\CyComponentLibrary.cylib\CortexM0\ARM_GCC_493\Debug\CyComponentLibrary.a
END GROUP
START GROUP
LOAD c:/program files (x86)/cypress/psoc creator/3.3/psoc creator/import/gnu/arm/4.9.3/bin/../lib/gcc/arm-none-eabi/4.9.3/armv6-m\libgcc.a
LOAD c:/program files (x86)/cypress/psoc creator/3.3/psoc creator/import/gnu/arm/4.9.3/bin/../lib/gcc/arm-none-eabi/4.9.3/../../../../arm-none-eabi/lib/armv6-m\libg_nano.a
LOAD c:/program files (x86)/cypress/psoc creator/3.3/psoc creator/import/gnu/arm/4.9.3/bin/../lib/gcc/arm-none-eabi/4.9.3/../../../../arm-none-eabi/lib/armv6-m\libc_nano.a
END GROUP
START GROUP
LOAD c:/program files (x86)/cypress/psoc creator/3.3/psoc creator/import/gnu/arm/4.9.3/bin/../lib/gcc/arm-none-eabi/4.9.3/armv6-m\libgcc.a
LOAD c:/program files (x86)/cypress/psoc creator/3.3/psoc creator/import/gnu/arm/4.9.3/bin/../lib/gcc/arm-none-eabi/4.9.3/../../../../arm-none-eabi/lib/armv6-m\libc_nano.a
END GROUP
LOAD c:/program files (x86)/cypress/psoc creator/3.3/psoc creator/import/gnu/arm/4.9.3/bin/../lib/gcc/arm-none-eabi/4.9.3/armv6-m/crtend.o
LOAD c:/program files (x86)/cypress/psoc creator/3.3/psoc creator/import/gnu/arm/4.9.3/bin/../lib/gcc/arm-none-eabi/4.9.3/armv6-m/crtn.o
START GROUP
LOAD c:/program files (x86)/cypress/psoc creator/3.3/psoc creator/import/gnu/arm/4.9.3/bin/../lib/gcc/arm-none-eabi/4.9.3/armv6-m\libgcc.a
LOAD c:/program files (x86)/cypress/psoc creator/3.3/psoc creator/import/gnu/arm/4.9.3/bin/../lib/gcc/arm-none-eabi/4.9.3/../../../../arm-none-eabi/lib/armv6-m\libc.a
LOAD c:/program files (x86)/cypress/psoc creator/3.3/psoc creator/import/gnu/arm/4.9.3/bin/../lib/gcc/arm-none-eabi/4.9.3/../../../../arm-none-eabi/lib/armv6-m\libnosys.a
END GROUP
                0x00000000                CY_APPL_ORIGIN = 0x0
                0x00000080                CY_FLASH_ROW_SIZE = 0x80
                0x00000001                CY_APPL_NUM = 0x1
                0x00000001                CY_APPL_MAX = 0x1
                0x00000040                CY_METADATA_SIZE = 0x40
                0x00000000                CY_APPL_LOADABLE = 0x0
                0x00000000                CY_CHECKSUM_EXCLUDE_SIZE = ALIGN (0x0, CY_FLASH_ROW_SIZE)
                0x00000000                CY_APP_FOR_STACK_AND_COPIER = 0x0
                0x20000118                PROVIDE (__cy_heap_start, _end)
                0x00000001                PROVIDE (__cy_region_num, ((__cy_regions_end - __cy_regions) / 0x10))
                0x20001000                PROVIDE (__cy_stack, (ORIGIN (ram) + 0x1000))
                0x20000c00                PROVIDE (__cy_heap_end, (__cy_stack - 0x400))

.cybootloader   0x00000000        0x0
 *(.cybootloader)
                0x00000000                appl1_start = CY_APPL_ORIGIN?CY_APPL_ORIGIN:ALIGN (CY_FLASH_ROW_SIZE)
                0x00003f80                appl2_start = (appl1_start + ALIGN ((((0x8000 - appl1_start) - (0x2 * CY_FLASH_ROW_SIZE)) / 0x2), CY_FLASH_ROW_SIZE))
                0x00000000                appl_start = (CY_APPL_NUM == 0x1)?appl1_start:appl2_start
                0x00000001                cy_project_type_bootloader = (appl_start == 0x0)?0x1:0x0
                0x00000000                cy_project_type_app_for_stack_and_copier = (CY_APP_FOR_STACK_AND_COPIER == 0x1)?0x1:0x0

.text           0x00000000      0xe48
 CREATE_OBJECT_SYMBOLS
                0x00000000                PROVIDE (__cy_interrupt_vector, RomVectors)
 *(.romvectors)
 .romvectors    0x00000000       0x10 .\CortexM0\ARM_GCC_493\Debug\Cm0Start.o
                0x00000000                RomVectors
                0x00000001                ASSERT ((. != __cy_interrupt_vector), No interrupt vector)
                0x00000001                ASSERT (CY_APPL_ORIGIN?(SIZEOF (.cybootloader) <= CY_APPL_ORIGIN):0x1, Wrong image location)
                0x00000010                PROVIDE (__cy_reset, Reset)
 *(.text.Reset)
 .text.Reset    0x00000010        0xa .\CortexM0\ARM_GCC_493\Debug\Cm0Start.o
                0x00000010                Reset
                0x00000001                ASSERT ((. != __cy_reset), No reset code)
 *(.psocinit)
 *fill*         0x0000001a        0x2 
 .psocinit      0x0000001c      0x100 .\CortexM0\ARM_GCC_493\Debug\Bootloader_PSoC4_Example01.a(cyfitter_cfg.o)
                0x0000001c                cyfitter_cfg
                0x0000011c                . = MAX (., 0x100)
 *(.text .text.* .gnu.linkonce.t.*)
 .text          0x0000011c       0x60 c:/program files (x86)/cypress/psoc creator/3.3/psoc creator/import/gnu/arm/4.9.3/bin/../lib/gcc/arm-none-eabi/4.9.3/armv6-m/crtbegin.o
 .text.startup.main
                0x0000017c       0x10 .\CortexM0\ARM_GCC_493\Debug\main.o
                0x0000017c                main
 .text.IntDefaultHandler
                0x0000018c        0x2 .\CortexM0\ARM_GCC_493\Debug\Cm0Start.o
                0x0000018c                IntDefaultHandler
 *fill*         0x0000018e        0x2 
 .text.Start_c  0x00000190       0x4c .\CortexM0\ARM_GCC_493\Debug\Cm0Start.o
                0x00000190                Start_c
 .text.startup.initialize_psoc
                0x000001dc       0x50 .\CortexM0\ARM_GCC_493\Debug\Cm0Start.o
                0x000001dc                initialize_psoc
 .text.Bootloader_LaunchBootloadable
                0x0000022c        0x2 .\CortexM0\ARM_GCC_493\Debug\Bootloader_PSoC4_Example01.a(Bootloader.o)
 .text.Bootloader_Calc8BitSum
                0x0000022e       0x26 .\CortexM0\ARM_GCC_493\Debug\Bootloader_PSoC4_Example01.a(Bootloader.o)
                0x0000022e                Bootloader_Calc8BitSum
 .text.Bootloader_SetFlashByte
                0x00000254       0x3c .\CortexM0\ARM_GCC_493\Debug\Bootloader_PSoC4_Example01.a(Bootloader.o)
                0x00000254                Bootloader_SetFlashByte
 .text.Bootloader_GetMetadata
                0x00000290       0xac .\CortexM0\ARM_GCC_493\Debug\Bootloader_PSoC4_Example01.a(Bootloader.o)
                0x00000290                Bootloader_GetMetadata
 .text.CyBtldr_CheckLaunch
                0x0000033c       0x3c .\CortexM0\ARM_GCC_493\Debug\Bootloader_PSoC4_Example01.a(Bootloader.o)
                0x0000033c                CyBtldr_CheckLaunch
 .text.Bootloader_ValidateBootloadable
                0x00000378       0x80 .\CortexM0\ARM_GCC_493\Debug\Bootloader_PSoC4_Example01.a(Bootloader.o)
                0x00000378                Bootloader_ValidateBootloadable
 .text.Bootloader_HostLink
                0x000003f8      0x44c .\CortexM0\ARM_GCC_493\Debug\Bootloader_PSoC4_Example01.a(Bootloader.o)
 .text.Bootloader_Start
                0x00000844       0x68 .\CortexM0\ARM_GCC_493\Debug\Bootloader_PSoC4_Example01.a(Bootloader.o)
                0x00000844                Bootloader_Start
 .text.Bootloader_Status_Write
                0x000008ac       0x18 .\CortexM0\ARM_GCC_493\Debug\Bootloader_PSoC4_Example01.a(Bootloader_Status.o)
                0x000008ac                Bootloader_Status_Write
 .text.CySysFlashWriteRow
                0x000008c4      0x180 .\CortexM0\ARM_GCC_493\Debug\Bootloader_PSoC4_Example01.a(CyFlash.o)
                0x000008c4                CySysFlashWriteRow
 .text.CyHalt   0x00000a44        0x4 .\CortexM0\ARM_GCC_493\Debug\Bootloader_PSoC4_Example01.a(CyLib.o)
                0x00000a44                CyHalt
 .text.CySoftwareReset
                0x00000a48       0x18 .\CortexM0\ARM_GCC_493\Debug\Bootloader_PSoC4_Example01.a(CyLib.o)
                0x00000a48                CySoftwareReset
 .text.CyDelay  0x00000a60       0x2c .\CortexM0\ARM_GCC_493\Debug\Bootloader_PSoC4_Example01.a(CyLib.o)
                0x00000a60                CyDelay
 .text.CyDelayUs
                0x00000a8c       0x14 .\CortexM0\ARM_GCC_493\Debug\Bootloader_PSoC4_Example01.a(CyLib.o)
                0x00000a8c                CyDelayUs
 .text.CySysClkWriteImoFreq
                0x00000aa0      0x128 .\CortexM0\ARM_GCC_493\Debug\Bootloader_PSoC4_Example01.a(CyLib.o)
                0x00000aa0                CySysClkWriteImoFreq
 .text.UART_UartCyBtldrCommStart
                0x00000bc8        0x8 .\CortexM0\ARM_GCC_493\Debug\Bootloader_PSoC4_Example01.a(UART_UART_BOOT.o)
                0x00000bc8                UART_UartCyBtldrCommStart
 .text.UART_UartCyBtldrCommRead
                0x00000bd0       0x64 .\CortexM0\ARM_GCC_493\Debug\Bootloader_PSoC4_Example01.a(UART_UART_BOOT.o)
                0x00000bd0                UART_UartCyBtldrCommRead
 .text.UART_UartCyBtldrCommWrite
                0x00000c34       0x1c .\CortexM0\ARM_GCC_493\Debug\Bootloader_PSoC4_Example01.a(UART_UART_BOOT.o)
                0x00000c34                UART_UartCyBtldrCommWrite
 .text          0x00000c50       0x28 .\CortexM0\ARM_GCC_493\Debug\Bootloader_PSoC4_Example01.a(CyBootAsmGnu.o)
                0x00000c50                CyDelayCycles
                0x00000c64                CyEnterCriticalSection
                0x00000c6c                CyExitCriticalSection
 .text.UART_Enable
                0x00000c78       0x18 .\CortexM0\ARM_GCC_493\Debug\Bootloader_PSoC4_Example01.a(UART.o)
                0x00000c78                UART_Enable
 .text.UART_Start
                0x00000c90       0x1c .\CortexM0\ARM_GCC_493\Debug\Bootloader_PSoC4_Example01.a(UART.o)
                0x00000c90                UART_Start
 .text.UART_SpiUartReadRxData
                0x00000cac        0xc .\CortexM0\ARM_GCC_493\Debug\Bootloader_PSoC4_Example01.a(UART_SPI_UART.o)
                0x00000cac                UART_SpiUartReadRxData
 .text.UART_SpiUartGetRxBufferSize
                0x00000cb8       0x10 .\CortexM0\ARM_GCC_493\Debug\Bootloader_PSoC4_Example01.a(UART_SPI_UART.o)
                0x00000cb8                UART_SpiUartGetRxBufferSize
 .text.UART_SpiUartWriteTxData
                0x00000cc8       0x1c .\CortexM0\ARM_GCC_493\Debug\Bootloader_PSoC4_Example01.a(UART_SPI_UART.o)
                0x00000cc8                UART_SpiUartWriteTxData
 .text.UART_SpiUartPutArray
                0x00000ce4       0x16 .\CortexM0\ARM_GCC_493\Debug\Bootloader_PSoC4_Example01.a(UART_SPI_UART.o)
                0x00000ce4                UART_SpiUartPutArray
 *fill*         0x00000cfa        0x2 
 .text.UART_UartInit
                0x00000cfc       0x90 .\CortexM0\ARM_GCC_493\Debug\Bootloader_PSoC4_Example01.a(UART_UART.o)
                0x00000cfc                UART_UartInit
 .text.UART_UartPostEnable
                0x00000d8c       0x1c .\CortexM0\ARM_GCC_493\Debug\Bootloader_PSoC4_Example01.a(UART_UART.o)
                0x00000d8c                UART_UartPostEnable
 .text          0x00000da8       0x14 c:/program files (x86)/cypress/psoc creator/3.3/psoc creator/import/gnu/arm/4.9.3/bin/../lib/gcc/arm-none-eabi/4.9.3/armv6-m\libgcc.a(_thumb1_case_uqi.o)
                0x00000da8                __gnu_thumb1_case_uqi
 .text          0x00000dbc       0x14 c:/program files (x86)/cypress/psoc creator/3.3/psoc creator/import/gnu/arm/4.9.3/bin/../lib/gcc/arm-none-eabi/4.9.3/armv6-m\libgcc.a(_thumb1_case_shi.o)
                0x00000dbc                __gnu_thumb1_case_shi
 .text.__libc_init_array
                0x00000dd0       0x4c c:/program files (x86)/cypress/psoc creator/3.3/psoc creator/import/gnu/arm/4.9.3/bin/../lib/gcc/arm-none-eabi/4.9.3/../../../../arm-none-eabi/lib/armv6-m\libg_nano.a(lib_a-init.o)
                0x00000dd0                __libc_init_array
 .text.memcpy   0x00000e1c       0x12 c:/program files (x86)/cypress/psoc creator/3.3/psoc creator/import/gnu/arm/4.9.3/bin/../lib/gcc/arm-none-eabi/4.9.3/../../../../arm-none-eabi/lib/armv6-m\libg_nano.a(lib_a-memcpy.o)
                0x00000e1c                memcpy
 .text.memset   0x00000e2e       0x10 c:/program files (x86)/cypress/psoc creator/3.3/psoc creator/import/gnu/arm/4.9.3/bin/../lib/gcc/arm-none-eabi/4.9.3/../../../../arm-none-eabi/lib/armv6-m\libg_nano.a(lib_a-memset.o)
                0x00000e2e                memset
 *(.plt)
 *(.gnu.warning)
 *(.glue_7t)
 .glue_7t       0x00000000        0x0 linker stubs
 *(.glue_7)
 .glue_7        0x00000000        0x0 linker stubs
 *(.vfp11_veneer)
 .vfp11_veneer  0x00000000        0x0 linker stubs
 *(.bootloader)
 *fill*         0x00000e3e        0x2 
 .bootloader    0x00000e40        0x8 .\CortexM0\ARM_GCC_493\Debug\Bootloader_PSoC4_Example01.a(Bootloader.o)
                0x00000e40                Bootloader_SizeBytes
                0x00000e44                Bootloader_Checksum
 *(.ARM.extab* .gnu.linkonce.armextab.*)
 *(.gcc_except_table)

.v4_bx          0x00000e48        0x0
 .v4_bx         0x00000000        0x0 linker stubs

.iplt           0x00000e48        0x0
 .iplt          0x00000000        0x0 c:/program files (x86)/cypress/psoc creator/3.3/psoc creator/import/gnu/arm/4.9.3/bin/../lib/gcc/arm-none-eabi/4.9.3/armv6-m/crtbegin.o

.eh_frame_hdr
 *(.eh_frame_hdr)

.eh_frame       0x00000e48        0x4
 *(.eh_frame)
 .eh_frame      0x00000e48        0x0 c:/program files (x86)/cypress/psoc creator/3.3/psoc creator/import/gnu/arm/4.9.3/bin/../lib/gcc/arm-none-eabi/4.9.3/armv6-m/crtbegin.o
 .eh_frame      0x00000e48        0x4 c:/program files (x86)/cypress/psoc creator/3.3/psoc creator/import/gnu/arm/4.9.3/bin/../lib/gcc/arm-none-eabi/4.9.3/armv6-m/crtend.o
                0x00000e4c                PROVIDE (__exidx_start, .)

.ARM.exidx
 *(.ARM.exidx* .gnu.linkonce.armexidx.*)
                0x00000e4c                __exidx_end = .

.rodata         0x00000e4c       0x6c
 *(.rodata .rodata.* .gnu.linkonce.r.*)
 .rodata        0x00000e4c        0x8 .\CortexM0\ARM_GCC_493\Debug\Bootloader_PSoC4_Example01.a(Bootloader.o)
 .rodata        0x00000e54       0x2e .\CortexM0\ARM_GCC_493\Debug\Bootloader_PSoC4_Example01.a(CyLib.o)
                0x00000e54                cyImoFreqMhz2Reg
                0x00000e84                . = ALIGN (0x4)
 *fill*         0x00000e82        0x2 
 *(.init)
 .init          0x00000e84        0x4 c:/program files (x86)/cypress/psoc creator/3.3/psoc creator/import/gnu/arm/4.9.3/bin/../lib/gcc/arm-none-eabi/4.9.3/armv6-m/crti.o
                0x00000e84                _init
 .init          0x00000e88        0x8 c:/program files (x86)/cypress/psoc creator/3.3/psoc creator/import/gnu/arm/4.9.3/bin/../lib/gcc/arm-none-eabi/4.9.3/armv6-m/crtn.o
                0x00000e90                . = ALIGN (0x4)
                0x00000e90                __preinit_array_start = .
 *(.preinit_array)
                0x00000e90                __preinit_array_end = .
                0x00000e90                . = ALIGN (0x4)
                0x00000e90                __init_array_start = .
 *(SORT(.init_array.*))
 *(.init_array)
 .init_array    0x00000e90        0x4 c:/program files (x86)/cypress/psoc creator/3.3/psoc creator/import/gnu/arm/4.9.3/bin/../lib/gcc/arm-none-eabi/4.9.3/armv6-m/crtbegin.o
 .init_array    0x00000e94        0x4 .\CortexM0\ARM_GCC_493\Debug\Cm0Start.o
                0x00000e98                __init_array_end = .
                0x00000e98                . = ALIGN (0x4)
 *(.fini)
 .fini          0x00000e98        0x4 c:/program files (x86)/cypress/psoc creator/3.3/psoc creator/import/gnu/arm/4.9.3/bin/../lib/gcc/arm-none-eabi/4.9.3/armv6-m/crti.o
                0x00000e98                _fini
 .fini          0x00000e9c        0x8 c:/program files (x86)/cypress/psoc creator/3.3/psoc creator/import/gnu/arm/4.9.3/bin/../lib/gcc/arm-none-eabi/4.9.3/armv6-m/crtn.o
                0x00000ea4                . = ALIGN (0x4)
                0x00000ea4                __fini_array_start = .
 *(.fini_array)
 .fini_array    0x00000ea4        0x4 c:/program files (x86)/cypress/psoc creator/3.3/psoc creator/import/gnu/arm/4.9.3/bin/../lib/gcc/arm-none-eabi/4.9.3/armv6-m/crtbegin.o
 *(SORT(.fini_array.*))
                0x00000ea8                __fini_array_end = .
                0x00000ea8                . = ALIGN (0x4)
 *crtbegin.o(.ctors)
 *(EXCLUDE_FILE(*crtend.o) .ctors)
 *(SORT(.ctors.*))
 *crtend.o(.ctors)
                0x00000ea8                . = ALIGN (0x4)
 *crtbegin.o(.dtors)
 *(EXCLUDE_FILE(*crtend.o) .dtors)
 *(SORT(.dtors.*))
 *crtend.o(.dtors)
                0x00000ea8                . = ALIGN (0x4)
                0x00000ea8                __cy_regions = .
                0x00000ea8        0x4 LONG 0xeb8 __cy_region_init_ram
                0x00000eac        0x4 LONG 0x200000d0 __cy_region_start_data
                0x00000eb0        0x4 LONG 0x20 __cy_region_init_size_ram
                0x00000eb4        0x4 LONG 0x28 __cy_region_zero_size_ram
                0x00000eb8                __cy_regions_end = .
                0x00000eb8                . = ALIGN (0x8)
                0x00000eb8                _etext = .

.cy_checksum_exclude
                0x00000eb8        0x0
 *(.cy_checksum_exclude)

.ramvectors     0x20000000       0xc0
                0x20000000                __cy_region_start_ram = .
 *(.ramvectors)
 .ramvectors    0x20000000       0xc0 .\CortexM0\ARM_GCC_493\Debug\Cm0Start.o
                0x20000000                CyRamVectors

.btldr_run      0x200000c0        0x4
 *(.bootloaderruntype)
 .bootloaderruntype
                0x200000c0        0x4 .\CortexM0\ARM_GCC_493\Debug\Cm0Start.o
                0x200000c0                cyBtldrRunType

.noinit         0x200000c8        0x4
 *(.noinit)
 .noinit        0x200000c8        0x4 .\CortexM0\ARM_GCC_493\Debug\Cm0Start.o

.data           0x200000d0       0x20 load address 0x00000eb8
                0x200000d0                __cy_region_start_data = .
 *(.jcr)
 .jcr           0x200000d0        0x0 c:/program files (x86)/cypress/psoc creator/3.3/psoc creator/import/gnu/arm/4.9.3/bin/../lib/gcc/arm-none-eabi/4.9.3/armv6-m/crtbegin.o
 .jcr           0x200000d0        0x4 c:/program files (x86)/cypress/psoc creator/3.3/psoc creator/import/gnu/arm/4.9.3/bin/../lib/gcc/arm-none-eabi/4.9.3/armv6-m/crtend.o
 *(.got.plt)
 *(.got)
 *(.shdata)
 *(.data .data.* .gnu.linkonce.d.*)
 .data          0x200000d4        0x8 .\CortexM0\ARM_GCC_493\Debug\Bootloader_PSoC4_Example01.a(Bootloader.o)
                0x200000d4                Bootloader_SizeBytesAccess
                0x200000d8                Bootloader_ChecksumAccess
 .data          0x200000dc       0x10 .\CortexM0\ARM_GCC_493\Debug\Bootloader_PSoC4_Example01.a(CyLib.o)
                0x200000dc                cydelay32kMs
                0x200000e0                cydelayFreqKhz
                0x200000e4                cydelayFreqMhz
                0x200000e8                cydelayFreqHz
                0x200000f0                . = ALIGN (0x8)
 *fill*         0x200000ec        0x4 
 *(.ram)
                0x200000f0                _edata = .

.igot.plt       0x200000f0        0x0 load address 0x00000ed8
 .igot.plt      0x00000000        0x0 c:/program files (x86)/cypress/psoc creator/3.3/psoc creator/import/gnu/arm/4.9.3/bin/../lib/gcc/arm-none-eabi/4.9.3/armv6-m/crtbegin.o

.bss            0x200000f0       0x28 load address 0x00000ed8
                0x200000f0                PROVIDE (__bss_start__, .)
 *(.shbss)
 *(.bss .bss.* .gnu.linkonce.b.*)
 .bss           0x200000f0       0x1c c:/program files (x86)/cypress/psoc creator/3.3/psoc creator/import/gnu/arm/4.9.3/bin/../lib/gcc/arm-none-eabi/4.9.3/armv6-m/crtbegin.o
 .bss           0x2000010c        0x4 .\CortexM0\ARM_GCC_493\Debug\Bootloader_PSoC4_Example01.a(Bootloader.o)
 .bss           0x20000110        0x4 .\CortexM0\ARM_GCC_493\Debug\Bootloader_PSoC4_Example01.a(CyFlash.o)
 .bss           0x20000114        0x1 .\CortexM0\ARM_GCC_493\Debug\Bootloader_PSoC4_Example01.a(UART.o)
                0x20000114                UART_initVar
 *(COMMON)
                0x20000118                . = ALIGN (0x8)
 *fill*         0x20000115        0x3 
 *(.ram.b)
                0x20000118                _end = .
                0x20000118                __end = .
                0x20000118                PROVIDE (end, .)
                0x20000118                PROVIDE (__bss_end__, .)
                0x00000eb8                __cy_region_init_ram = LOADADDR (.data)
                0x00000020                __cy_region_init_size_ram = (_edata - ADDR (.data))
                0x00000028                __cy_region_zero_size_ram = (_end - _edata)

.heap           0x20000118      0x100 load address 0x00000ed8
                0x20000118                . = _end
                0x20000218                . = (. + 0x100)
 *fill*         0x20000118      0x100 
                0x20000218                __cy_heap_limit = .

.stack          0x20000c00      0x400
                0x20000c00                __cy_stack_limit = .
                0x20001000                . = (. + 0x400)
 *fill*         0x20000c00      0x400 
                0x00000001                ASSERT ((__cy_stack_limit >= __cy_heap_limit), region RAM overflowed with stack)
                0x00000000                cy_checksum_exclude_size = (CY_APPL_LOADABLE == 0x1)?SIZEOF (.cy_checksum_exclude):0x0
                0x00000001                ASSERT ((cy_checksum_exclude_size <= CY_CHECKSUM_EXCLUDE_SIZE), CY_BOOT: Section .cy_checksum_exclude size exceedes specified limit.)
                0x00007fc0                cyloadermeta_start = (cy_project_type_bootloader || cy_project_type_app_for_stack_and_copier)?(0x8000 - CY_METADATA_SIZE):0xf0000000

.cyloadermeta   0x00007fc0       0x40
 *(.cyloadermeta)
 .cyloadermeta  0x00007fc0       0x40 .\CortexM0\ARM_GCC_493\Debug\cymetadata.o
                0x00007fc0                cy_meta_loader
                0x00007fc0                cyloadablemeta_start = cy_project_type_app_for_stack_and_copier?((0x8000 - CY_FLASH_ROW_SIZE) - CY_METADATA_SIZE):((0x8000 - (CY_FLASH_ROW_SIZE * (CY_APPL_NUM - 0x1))) - CY_METADATA_SIZE)

.cyloadablemeta
 *(.cyloadablemeta)

.cyflashprotect
                0x90400000       0x20
 *(.cyflashprotect)
 .cyflashprotect
                0x90400000       0x20 .\CortexM0\ARM_GCC_493\Debug\cymetadata.o
                0x90400000                cy_meta_flashprotect

.cymeta         0x90500000        0xc
 *(.cymeta)
 .cymeta        0x90500000        0xc .\CortexM0\ARM_GCC_493\Debug\cymetadata.o
                0x90500000                cy_metadata

.cychipprotect  0x90600000        0x1
 *(.cychipprotect)
 .cychipprotect
                0x90600000        0x1 .\CortexM0\ARM_GCC_493\Debug\cymetadata.o
                0x90600000                cy_meta_chipprotect

.rel.dyn        0x00000ed8        0x0 load address 0x90600004
 .rel.iplt      0x00000000        0x0 c:/program files (x86)/cypress/psoc creator/3.3/psoc creator/import/gnu/arm/4.9.3/bin/../lib/gcc/arm-none-eabi/4.9.3/armv6-m/crtbegin.o

.stab
 *(.stab)

.stabstr
 *(.stabstr)

.debug
 *(.debug)

.line
 *(.line)

.debug_srcinfo
 *(.debug_srcinfo)

.debug_sfnames
 *(.debug_sfnames)

.debug_aranges  0x00000000      0x450
 *(.debug_aranges)
 .debug_aranges
                0x00000000       0x20 .\CortexM0\ARM_GCC_493\Debug\main.o
 .debug_aranges
                0x00000020       0x18 .\CortexM0\ARM_GCC_493\Debug\cymetadata.o
 .debug_aranges
                0x00000038       0x48 .\CortexM0\ARM_GCC_493\Debug\Cm0Start.o
 .debug_aranges
                0x00000080       0x20 .\CortexM0\ARM_GCC_493\Debug\Bootloader_PSoC4_Example01.a(cyfitter_cfg.o)
 .debug_aranges
                0x000000a0       0x68 .\CortexM0\ARM_GCC_493\Debug\Bootloader_PSoC4_Example01.a(Bootloader.o)
 .debug_aranges
                0x00000108       0x40 .\CortexM0\ARM_GCC_493\Debug\Bootloader_PSoC4_Example01.a(Bootloader_Status.o)
 .debug_aranges
                0x00000148       0x28 .\CortexM0\ARM_GCC_493\Debug\Bootloader_PSoC4_Example01.a(CyFlash.o)
 .debug_aranges
                0x00000170      0x170 .\CortexM0\ARM_GCC_493\Debug\Bootloader_PSoC4_Example01.a(CyLib.o)
 .debug_aranges
                0x000002e0       0x40 .\CortexM0\ARM_GCC_493\Debug\Bootloader_PSoC4_Example01.a(UART_UART_BOOT.o)
 .debug_aranges
                0x00000320       0x20 .\CortexM0\ARM_GCC_493\Debug\Bootloader_PSoC4_Example01.a(CyBootAsmGnu.o)
 .debug_aranges
                0x00000340       0x50 .\CortexM0\ARM_GCC_493\Debug\Bootloader_PSoC4_Example01.a(UART.o)
 .debug_aranges
                0x00000390       0x60 .\CortexM0\ARM_GCC_493\Debug\Bootloader_PSoC4_Example01.a(UART_SPI_UART.o)
 .debug_aranges
                0x000003f0       0x60 .\CortexM0\ARM_GCC_493\Debug\Bootloader_PSoC4_Example01.a(UART_UART.o)

.debug_pubnames
 *(.debug_pubnames)

.debug_info     0x00000000     0x3078
 *(.debug_info .gnu.linkonce.wi.*)
 .debug_info    0x00000000       0xe1 .\CortexM0\ARM_GCC_493\Debug\main.o
 .debug_info    0x000000e1      0x123 .\CortexM0\ARM_GCC_493\Debug\cymetadata.o
 .debug_info    0x00000204      0x3ab .\CortexM0\ARM_GCC_493\Debug\Cm0Start.o
 .debug_info    0x000005af      0x25b .\CortexM0\ARM_GCC_493\Debug\Bootloader_PSoC4_Example01.a(cyfitter_cfg.o)
 .debug_info    0x0000080a      0xd92 .\CortexM0\ARM_GCC_493\Debug\Bootloader_PSoC4_Example01.a(Bootloader.o)
 .debug_info    0x0000159c      0x14c .\CortexM0\ARM_GCC_493\Debug\Bootloader_PSoC4_Example01.a(Bootloader_Status.o)
 .debug_info    0x000016e8      0x38a .\CortexM0\ARM_GCC_493\Debug\Bootloader_PSoC4_Example01.a(CyFlash.o)
 .debug_info    0x00001a72      0xb69 .\CortexM0\ARM_GCC_493\Debug\Bootloader_PSoC4_Example01.a(CyLib.o)
 .debug_info    0x000025db      0x2f4 .\CortexM0\ARM_GCC_493\Debug\Bootloader_PSoC4_Example01.a(UART_UART_BOOT.o)
 .debug_info    0x000028cf       0xb2 .\CortexM0\ARM_GCC_493\Debug\Bootloader_PSoC4_Example01.a(CyBootAsmGnu.o)
 .debug_info    0x00002981      0x22f .\CortexM0\ARM_GCC_493\Debug\Bootloader_PSoC4_Example01.a(UART.o)
 .debug_info    0x00002bb0      0x219 .\CortexM0\ARM_GCC_493\Debug\Bootloader_PSoC4_Example01.a(UART_SPI_UART.o)
 .debug_info    0x00002dc9      0x2af .\CortexM0\ARM_GCC_493\Debug\Bootloader_PSoC4_Example01.a(UART_UART.o)

.debug_abbrev   0x00000000     0x1277
 *(.debug_abbrev)
 .debug_abbrev  0x00000000       0xa0 .\CortexM0\ARM_GCC_493\Debug\main.o
 .debug_abbrev  0x000000a0       0x5d .\CortexM0\ARM_GCC_493\Debug\cymetadata.o
 .debug_abbrev  0x000000fd      0x20f .\CortexM0\ARM_GCC_493\Debug\Cm0Start.o
 .debug_abbrev  0x0000030c      0x186 .\CortexM0\ARM_GCC_493\Debug\Bootloader_PSoC4_Example01.a(cyfitter_cfg.o)
 .debug_abbrev  0x00000492      0x2c1 .\CortexM0\ARM_GCC_493\Debug\Bootloader_PSoC4_Example01.a(Bootloader.o)
 .debug_abbrev  0x00000753       0xc4 .\CortexM0\ARM_GCC_493\Debug\Bootloader_PSoC4_Example01.a(Bootloader_Status.o)
 .debug_abbrev  0x00000817      0x1dc .\CortexM0\ARM_GCC_493\Debug\Bootloader_PSoC4_Example01.a(CyFlash.o)
 .debug_abbrev  0x000009f3      0x338 .\CortexM0\ARM_GCC_493\Debug\Bootloader_PSoC4_Example01.a(CyLib.o)
 .debug_abbrev  0x00000d2b      0x146 .\CortexM0\ARM_GCC_493\Debug\Bootloader_PSoC4_Example01.a(UART_UART_BOOT.o)
 .debug_abbrev  0x00000e71       0x14 .\CortexM0\ARM_GCC_493\Debug\Bootloader_PSoC4_Example01.a(CyBootAsmGnu.o)
 .debug_abbrev  0x00000e85      0x134 .\CortexM0\ARM_GCC_493\Debug\Bootloader_PSoC4_Example01.a(UART.o)
 .debug_abbrev  0x00000fb9      0x176 .\CortexM0\ARM_GCC_493\Debug\Bootloader_PSoC4_Example01.a(UART_SPI_UART.o)
 .debug_abbrev  0x0000112f      0x148 .\CortexM0\ARM_GCC_493\Debug\Bootloader_PSoC4_Example01.a(UART_UART.o)

.debug_line     0x00000000     0x14fc
 *(.debug_line)
 .debug_line    0x00000000       0x8b .\CortexM0\ARM_GCC_493\Debug\main.o
 .debug_line    0x0000008b       0x53 .\CortexM0\ARM_GCC_493\Debug\cymetadata.o
 .debug_line    0x000000de      0x236 .\CortexM0\ARM_GCC_493\Debug\Cm0Start.o
 .debug_line    0x00000314      0x134 .\CortexM0\ARM_GCC_493\Debug\Bootloader_PSoC4_Example01.a(cyfitter_cfg.o)
 .debug_line    0x00000448      0x44f .\CortexM0\ARM_GCC_493\Debug\Bootloader_PSoC4_Example01.a(Bootloader.o)
 .debug_line    0x00000897       0xc1 .\CortexM0\ARM_GCC_493\Debug\Bootloader_PSoC4_Example01.a(Bootloader_Status.o)
 .debug_line    0x00000958      0x157 .\CortexM0\ARM_GCC_493\Debug\Bootloader_PSoC4_Example01.a(CyFlash.o)
 .debug_line    0x00000aaf      0x4c2 .\CortexM0\ARM_GCC_493\Debug\Bootloader_PSoC4_Example01.a(CyLib.o)
 .debug_line    0x00000f71      0x12f .\CortexM0\ARM_GCC_493\Debug\Bootloader_PSoC4_Example01.a(UART_UART_BOOT.o)
 .debug_line    0x000010a0       0x69 .\CortexM0\ARM_GCC_493\Debug\Bootloader_PSoC4_Example01.a(CyBootAsmGnu.o)
 .debug_line    0x00001109      0x140 .\CortexM0\ARM_GCC_493\Debug\Bootloader_PSoC4_Example01.a(UART.o)
 .debug_line    0x00001249      0x13d .\CortexM0\ARM_GCC_493\Debug\Bootloader_PSoC4_Example01.a(UART_SPI_UART.o)
 .debug_line    0x00001386      0x176 .\CortexM0\ARM_GCC_493\Debug\Bootloader_PSoC4_Example01.a(UART_UART.o)

.debug_frame    0x00000000      0xa2c
 *(.debug_frame)
 .debug_frame   0x00000000       0x2c .\CortexM0\ARM_GCC_493\Debug\main.o
 .debug_frame   0x0000002c       0xb0 .\CortexM0\ARM_GCC_493\Debug\Cm0Start.o
 .debug_frame   0x000000dc       0x2c .\CortexM0\ARM_GCC_493\Debug\Bootloader_PSoC4_Example01.a(cyfitter_cfg.o)
 .debug_frame   0x00000108      0x140 .\CortexM0\ARM_GCC_493\Debug\Bootloader_PSoC4_Example01.a(Bootloader.o)
 .debug_frame   0x00000248       0x60 .\CortexM0\ARM_GCC_493\Debug\Bootloader_PSoC4_Example01.a(Bootloader_Status.o)
 .debug_frame   0x000002a8       0x54 .\CortexM0\ARM_GCC_493\Debug\Bootloader_PSoC4_Example01.a(CyFlash.o)
 .debug_frame   0x000002fc      0x36c .\CortexM0\ARM_GCC_493\Debug\Bootloader_PSoC4_Example01.a(CyLib.o)
 .debug_frame   0x00000668       0xac .\CortexM0\ARM_GCC_493\Debug\Bootloader_PSoC4_Example01.a(UART_UART_BOOT.o)
 .debug_frame   0x00000714       0xb0 .\CortexM0\ARM_GCC_493\Debug\Bootloader_PSoC4_Example01.a(UART.o)
 .debug_frame   0x000007c4       0xb0 .\CortexM0\ARM_GCC_493\Debug\Bootloader_PSoC4_Example01.a(UART_SPI_UART.o)
 .debug_frame   0x00000874       0xdc .\CortexM0\ARM_GCC_493\Debug\Bootloader_PSoC4_Example01.a(UART_UART.o)
 .debug_frame   0x00000950       0x20 c:/program files (x86)/cypress/psoc creator/3.3/psoc creator/import/gnu/arm/4.9.3/bin/../lib/gcc/arm-none-eabi/4.9.3/armv6-m\libgcc.a(_udivsi3.o)
 .debug_frame   0x00000970       0x20 c:/program files (x86)/cypress/psoc creator/3.3/psoc creator/import/gnu/arm/4.9.3/bin/../lib/gcc/arm-none-eabi/4.9.3/../../../../arm-none-eabi/lib/armv6-m\libg_nano.a(lib_a-errno.o)
 .debug_frame   0x00000990       0x28 c:/program files (x86)/cypress/psoc creator/3.3/psoc creator/import/gnu/arm/4.9.3/bin/../lib/gcc/arm-none-eabi/4.9.3/../../../../arm-none-eabi/lib/armv6-m\libg_nano.a(lib_a-exit.o)
 .debug_frame   0x000009b8       0x2c c:/program files (x86)/cypress/psoc creator/3.3/psoc creator/import/gnu/arm/4.9.3/bin/../lib/gcc/arm-none-eabi/4.9.3/../../../../arm-none-eabi/lib/armv6-m\libg_nano.a(lib_a-init.o)
 .debug_frame   0x000009e4       0x28 c:/program files (x86)/cypress/psoc creator/3.3/psoc creator/import/gnu/arm/4.9.3/bin/../lib/gcc/arm-none-eabi/4.9.3/../../../../arm-none-eabi/lib/armv6-m\libg_nano.a(lib_a-memcpy.o)
 .debug_frame   0x00000a0c       0x20 c:/program files (x86)/cypress/psoc creator/3.3/psoc creator/import/gnu/arm/4.9.3/bin/../lib/gcc/arm-none-eabi/4.9.3/../../../../arm-none-eabi/lib/armv6-m\libg_nano.a(lib_a-memset.o)

.debug_str      0x00000000     0x12f3
 *(.debug_str)
 .debug_str     0x00000000      0x193 .\CortexM0\ARM_GCC_493\Debug\main.o
                                0x1cc (size before relaxing)
 .debug_str     0x00000193       0x6a .\CortexM0\ARM_GCC_493\Debug\cymetadata.o
                                0x1ff (size before relaxing)
 .debug_str     0x000001fd      0x186 .\CortexM0\ARM_GCC_493\Debug\Cm0Start.o
                                0x33a (size before relaxing)
 .debug_str     0x00000383       0x93 .\CortexM0\ARM_GCC_493\Debug\Bootloader_PSoC4_Example01.a(cyfitter_cfg.o)
                                0x256 (size before relaxing)
 .debug_str     0x00000416      0x4ea .\CortexM0\ARM_GCC_493\Debug\Bootloader_PSoC4_Example01.a(Bootloader.o)
                                0x6ee (size before relaxing)
 .debug_str     0x00000900       0xc0 .\CortexM0\ARM_GCC_493\Debug\Bootloader_PSoC4_Example01.a(Bootloader_Status.o)
                                0x271 (size before relaxing)
 .debug_str     0x000009c0      0x159 .\CortexM0\ARM_GCC_493\Debug\Bootloader_PSoC4_Example01.a(CyFlash.o)
                                0x344 (size before relaxing)
 .debug_str     0x00000b19      0x42e .\CortexM0\ARM_GCC_493\Debug\Bootloader_PSoC4_Example01.a(CyLib.o)
                                0x66b (size before relaxing)
 .debug_str     0x00000f47      0x108 .\CortexM0\ARM_GCC_493\Debug\Bootloader_PSoC4_Example01.a(UART_UART_BOOT.o)
                                0x32d (size before relaxing)
 .debug_str     0x0000104f      0x10e .\CortexM0\ARM_GCC_493\Debug\Bootloader_PSoC4_Example01.a(UART.o)
                                0x2c5 (size before relaxing)
 .debug_str     0x0000115d       0xbb .\CortexM0\ARM_GCC_493\Debug\Bootloader_PSoC4_Example01.a(UART_SPI_UART.o)
                                0x2e4 (size before relaxing)
 .debug_str     0x00001218       0xdb .\CortexM0\ARM_GCC_493\Debug\Bootloader_PSoC4_Example01.a(UART_UART.o)
                                0x301 (size before relaxing)

.debug_loc      0x00000000     0x2001
 *(.debug_loc)
 .debug_loc     0x00000000      0x1e9 .\CortexM0\ARM_GCC_493\Debug\Cm0Start.o
 .debug_loc     0x000001e9       0x7c .\CortexM0\ARM_GCC_493\Debug\Bootloader_PSoC4_Example01.a(cyfitter_cfg.o)
 .debug_loc     0x00000265     0x1014 .\CortexM0\ARM_GCC_493\Debug\Bootloader_PSoC4_Example01.a(Bootloader.o)
 .debug_loc     0x00001279       0x63 .\CortexM0\ARM_GCC_493\Debug\Bootloader_PSoC4_Example01.a(Bootloader_Status.o)
 .debug_loc     0x000012dc      0x266 .\CortexM0\ARM_GCC_493\Debug\Bootloader_PSoC4_Example01.a(CyFlash.o)
 .debug_loc     0x00001542      0x55e .\CortexM0\ARM_GCC_493\Debug\Bootloader_PSoC4_Example01.a(CyLib.o)
 .debug_loc     0x00001aa0      0x261 .\CortexM0\ARM_GCC_493\Debug\Bootloader_PSoC4_Example01.a(UART_UART_BOOT.o)
 .debug_loc     0x00001d01       0x7e .\CortexM0\ARM_GCC_493\Debug\Bootloader_PSoC4_Example01.a(UART.o)
 .debug_loc     0x00001d7f       0xee .\CortexM0\ARM_GCC_493\Debug\Bootloader_PSoC4_Example01.a(UART_SPI_UART.o)
 .debug_loc     0x00001e6d      0x194 .\CortexM0\ARM_GCC_493\Debug\Bootloader_PSoC4_Example01.a(UART_UART.o)

.debug_macinfo
 *(.debug_macinfo)

.debug_ranges   0x00000000      0x548
 *(.debug_ranges)
 .debug_ranges  0x00000000       0x10 .\CortexM0\ARM_GCC_493\Debug\main.o
 .debug_ranges  0x00000010       0x38 .\CortexM0\ARM_GCC_493\Debug\Cm0Start.o
 .debug_ranges  0x00000048       0x50 .\CortexM0\ARM_GCC_493\Debug\Bootloader_PSoC4_Example01.a(cyfitter_cfg.o)
 .debug_ranges  0x00000098      0x170 .\CortexM0\ARM_GCC_493\Debug\Bootloader_PSoC4_Example01.a(Bootloader.o)
 .debug_ranges  0x00000208       0x30 .\CortexM0\ARM_GCC_493\Debug\Bootloader_PSoC4_Example01.a(Bootloader_Status.o)
 .debug_ranges  0x00000238       0x30 .\CortexM0\ARM_GCC_493\Debug\Bootloader_PSoC4_Example01.a(CyFlash.o)
 .debug_ranges  0x00000268      0x1d0 .\CortexM0\ARM_GCC_493\Debug\Bootloader_PSoC4_Example01.a(CyLib.o)
 .debug_ranges  0x00000438       0x30 .\CortexM0\ARM_GCC_493\Debug\Bootloader_PSoC4_Example01.a(UART_UART_BOOT.o)
 .debug_ranges  0x00000468       0x40 .\CortexM0\ARM_GCC_493\Debug\Bootloader_PSoC4_Example01.a(UART.o)
 .debug_ranges  0x000004a8       0x50 .\CortexM0\ARM_GCC_493\Debug\Bootloader_PSoC4_Example01.a(UART_SPI_UART.o)
 .debug_ranges  0x000004f8       0x50 .\CortexM0\ARM_GCC_493\Debug\Bootloader_PSoC4_Example01.a(UART_UART.o)

.comment        0x00000000       0x70
 .comment       0x00000000       0x70 .\CortexM0\ARM_GCC_493\Debug\main.o
                                 0x71 (size before relaxing)
 .comment       0x00000000       0x71 .\CortexM0\ARM_GCC_493\Debug\cymetadata.o
 .comment       0x00000000       0x71 .\CortexM0\ARM_GCC_493\Debug\Cm0Start.o
 .comment       0x00000000       0x71 .\CortexM0\ARM_GCC_493\Debug\Bootloader_PSoC4_Example01.a(cyfitter_cfg.o)
 .comment       0x00000000       0x71 .\CortexM0\ARM_GCC_493\Debug\Bootloader_PSoC4_Example01.a(Bootloader.o)
 .comment       0x00000000       0x71 .\CortexM0\ARM_GCC_493\Debug\Bootloader_PSoC4_Example01.a(Bootloader_Status.o)
 .comment       0x00000000       0x71 .\CortexM0\ARM_GCC_493\Debug\Bootloader_PSoC4_Example01.a(CyFlash.o)
 .comment       0x00000000       0x71 .\CortexM0\ARM_GCC_493\Debug\Bootloader_PSoC4_Example01.a(CyLib.o)
 .comment       0x00000000       0x71 .\CortexM0\ARM_GCC_493\Debug\Bootloader_PSoC4_Example01.a(UART_UART_BOOT.o)
 .comment       0x00000000       0x71 .\CortexM0\ARM_GCC_493\Debug\Bootloader_PSoC4_Example01.a(UART.o)
 .comment       0x00000000       0x71 .\CortexM0\ARM_GCC_493\Debug\Bootloader_PSoC4_Example01.a(UART_SPI_UART.o)
 .comment       0x00000000       0x71 .\CortexM0\ARM_GCC_493\Debug\Bootloader_PSoC4_Example01.a(UART_UART.o)

.debug_weaknames
 *(.debug_weaknames)

.debug_funcnames
 *(.debug_funcnames)

.debug_typenames
 *(.debug_typenames)

.debug_varnames
 *(.debug_varnames)

.note.gnu.arm.ident
 *(.note.gnu.arm.ident)

.ARM.attributes
                0x00000000       0x28
 *(.ARM.attributes)
 .ARM.attributes
                0x00000000       0x1e c:/program files (x86)/cypress/psoc creator/3.3/psoc creator/import/gnu/arm/4.9.3/bin/../lib/gcc/arm-none-eabi/4.9.3/armv6-m/crti.o
 .ARM.attributes
                0x0000001e       0x2c c:/program files (x86)/cypress/psoc creator/3.3/psoc creator/import/gnu/arm/4.9.3/bin/../lib/gcc/arm-none-eabi/4.9.3/armv6-m/crtbegin.o
 .ARM.attributes
                0x0000004a       0x1b c:/program files (x86)/cypress/psoc creator/3.3/psoc creator/import/gnu/arm/4.9.3/bin/../lib/gcc/arm-none-eabi/4.9.3/../../../../arm-none-eabi/lib/armv6-m/crt0.o
 .ARM.attributes
                0x00000065       0x31 .\CortexM0\ARM_GCC_493\Debug\main.o
 .ARM.attributes
                0x00000096       0x31 .\CortexM0\ARM_GCC_493\Debug\cymetadata.o
 .ARM.attributes
                0x000000c7       0x31 .\CortexM0\ARM_GCC_493\Debug\Cm0Start.o
 .ARM.attributes
                0x000000f8       0x31 .\CortexM0\ARM_GCC_493\Debug\Bootloader_PSoC4_Example01.a(cyfitter_cfg.o)
 .ARM.attributes
                0x00000129       0x31 .\CortexM0\ARM_GCC_493\Debug\Bootloader_PSoC4_Example01.a(Bootloader.o)
 .ARM.attributes
                0x0000015a       0x31 .\CortexM0\ARM_GCC_493\Debug\Bootloader_PSoC4_Example01.a(Bootloader_Status.o)
 .ARM.attributes
                0x0000018b       0x31 .\CortexM0\ARM_GCC_493\Debug\Bootloader_PSoC4_Example01.a(CyFlash.o)
 .ARM.attributes
                0x000001bc       0x31 .\CortexM0\ARM_GCC_493\Debug\Bootloader_PSoC4_Example01.a(CyLib.o)
 .ARM.attributes
                0x000001ed       0x31 .\CortexM0\ARM_GCC_493\Debug\Bootloader_PSoC4_Example01.a(UART_UART_BOOT.o)
 .ARM.attributes
                0x0000021e       0x21 .\CortexM0\ARM_GCC_493\Debug\Bootloader_PSoC4_Example01.a(CyBootAsmGnu.o)
 .ARM.attributes
                0x0000023f       0x31 .\CortexM0\ARM_GCC_493\Debug\Bootloader_PSoC4_Example01.a(UART.o)
 .ARM.attributes
                0x00000270       0x31 .\CortexM0\ARM_GCC_493\Debug\Bootloader_PSoC4_Example01.a(UART_SPI_UART.o)
 .ARM.attributes
                0x000002a1       0x31 .\CortexM0\ARM_GCC_493\Debug\Bootloader_PSoC4_Example01.a(UART_UART.o)
 .ARM.attributes
                0x000002d2       0x1e c:/program files (x86)/cypress/psoc creator/3.3/psoc creator/import/gnu/arm/4.9.3/bin/../lib/gcc/arm-none-eabi/4.9.3/armv6-m\libgcc.a(_thumb1_case_uqi.o)
 .ARM.attributes
                0x000002f0       0x1e c:/program files (x86)/cypress/psoc creator/3.3/psoc creator/import/gnu/arm/4.9.3/bin/../lib/gcc/arm-none-eabi/4.9.3/armv6-m\libgcc.a(_thumb1_case_shi.o)
 .ARM.attributes
                0x0000030e       0x1e c:/program files (x86)/cypress/psoc creator/3.3/psoc creator/import/gnu/arm/4.9.3/bin/../lib/gcc/arm-none-eabi/4.9.3/armv6-m\libgcc.a(_udivsi3.o)
 .ARM.attributes
                0x0000032c       0x1e c:/program files (x86)/cypress/psoc creator/3.3/psoc creator/import/gnu/arm/4.9.3/bin/../lib/gcc/arm-none-eabi/4.9.3/armv6-m\libgcc.a(_dvmd_tls.o)
 .ARM.attributes
                0x0000034a       0x2c c:/program files (x86)/cypress/psoc creator/3.3/psoc creator/import/gnu/arm/4.9.3/bin/../lib/gcc/arm-none-eabi/4.9.3/../../../../arm-none-eabi/lib/armv6-m\libg_nano.a(lib_a-errno.o)
 .ARM.attributes
                0x00000376       0x2c c:/program files (x86)/cypress/psoc creator/3.3/psoc creator/import/gnu/arm/4.9.3/bin/../lib/gcc/arm-none-eabi/4.9.3/../../../../arm-none-eabi/lib/armv6-m\libg_nano.a(lib_a-exit.o)
 .ARM.attributes
                0x000003a2       0x2c c:/program files (x86)/cypress/psoc creator/3.3/psoc creator/import/gnu/arm/4.9.3/bin/../lib/gcc/arm-none-eabi/4.9.3/../../../../arm-none-eabi/lib/armv6-m\libg_nano.a(lib_a-impure.o)
 .ARM.attributes
                0x000003ce       0x2c c:/program files (x86)/cypress/psoc creator/3.3/psoc creator/import/gnu/arm/4.9.3/bin/../lib/gcc/arm-none-eabi/4.9.3/../../../../arm-none-eabi/lib/armv6-m\libg_nano.a(lib_a-init.o)
 .ARM.attributes
                0x000003fa       0x2c c:/program files (x86)/cypress/psoc creator/3.3/psoc creator/import/gnu/arm/4.9.3/bin/../lib/gcc/arm-none-eabi/4.9.3/../../../../arm-none-eabi/lib/armv6-m\libg_nano.a(lib_a-memcpy.o)
 .ARM.attributes
                0x00000426       0x2c c:/program files (x86)/cypress/psoc creator/3.3/psoc creator/import/gnu/arm/4.9.3/bin/../lib/gcc/arm-none-eabi/4.9.3/../../../../arm-none-eabi/lib/armv6-m\libg_nano.a(lib_a-memset.o)
 .ARM.attributes
                0x00000452       0x2c c:/program files (x86)/cypress/psoc creator/3.3/psoc creator/import/gnu/arm/4.9.3/bin/../lib/gcc/arm-none-eabi/4.9.3/armv6-m/crtend.o
 .ARM.attributes
                0x0000047e       0x1e c:/program files (x86)/cypress/psoc creator/3.3/psoc creator/import/gnu/arm/4.9.3/bin/../lib/gcc/arm-none-eabi/4.9.3/armv6-m/crtn.o

/DISCARD/
 *(.note.GNU-stack)
OUTPUT(.\CortexM0\ARM_GCC_493\Debug\Bootloader_PSoC4_Example01.elf elf32-littlearm)
