ARM GAS  C:\Users\Vitali\AppData\Local\Temp\ccmGo9nh.s 			page 1


   1              		.cpu cortex-m0
   2              		.fpu softvfp
   3              		.eabi_attribute 20, 1
   4              		.eabi_attribute 21, 1
   5              		.eabi_attribute 23, 3
   6              		.eabi_attribute 24, 1
   7              		.eabi_attribute 25, 1
   8              		.eabi_attribute 26, 1
   9              		.eabi_attribute 30, 4
  10              		.eabi_attribute 34, 0
  11              		.eabi_attribute 18, 4
  12              		.code	16
  13              		.file	"cyfitter_cfg.c"
  14              		.text
  15              	.Ltext0:
  16              		.cfi_sections	.debug_frame
  17              		.section	.psocinit,"ax",%progbits
  18              		.align	1
  19              		.global	cyfitter_cfg
  20              		.code	16
  21              		.thumb_func
  22              		.type	cyfitter_cfg, %function
  23              	cyfitter_cfg:
  24              	.LFB5:
  25              		.file 1 ".\\Generated_Source\\PSoC4\\cyfitter_cfg.c"
   1:.\Generated_Source\PSoC4/cyfitter_cfg.c **** /*******************************************************************************
   2:.\Generated_Source\PSoC4/cyfitter_cfg.c **** * File Name: cyfitter_cfg.c
   3:.\Generated_Source\PSoC4/cyfitter_cfg.c **** * 
   4:.\Generated_Source\PSoC4/cyfitter_cfg.c **** * PSoC Creator  3.3 CP1
   5:.\Generated_Source\PSoC4/cyfitter_cfg.c **** *
   6:.\Generated_Source\PSoC4/cyfitter_cfg.c **** * Description:
   7:.\Generated_Source\PSoC4/cyfitter_cfg.c **** * This file contains device initialization code.
   8:.\Generated_Source\PSoC4/cyfitter_cfg.c **** * Except for the user defined sections in CyClockStartupError(), this file should not be modified.
   9:.\Generated_Source\PSoC4/cyfitter_cfg.c **** * This file is automatically generated by PSoC Creator.
  10:.\Generated_Source\PSoC4/cyfitter_cfg.c **** *
  11:.\Generated_Source\PSoC4/cyfitter_cfg.c **** ********************************************************************************
  12:.\Generated_Source\PSoC4/cyfitter_cfg.c **** * Copyright (c) 2007-2015 Cypress Semiconductor.  All rights reserved.
  13:.\Generated_Source\PSoC4/cyfitter_cfg.c **** * You may use this file only in accordance with the license, terms, conditions, 
  14:.\Generated_Source\PSoC4/cyfitter_cfg.c **** * disclaimers, and limitations in the end user license agreement accompanying 
  15:.\Generated_Source\PSoC4/cyfitter_cfg.c **** * the software package with which this file was provided.
  16:.\Generated_Source\PSoC4/cyfitter_cfg.c **** ********************************************************************************/
  17:.\Generated_Source\PSoC4/cyfitter_cfg.c **** 
  18:.\Generated_Source\PSoC4/cyfitter_cfg.c **** #include <string.h>
  19:.\Generated_Source\PSoC4/cyfitter_cfg.c **** #include "cytypes.h"
  20:.\Generated_Source\PSoC4/cyfitter_cfg.c **** #include "cydevice_trm.h"
  21:.\Generated_Source\PSoC4/cyfitter_cfg.c **** #include "cyfitter.h"
  22:.\Generated_Source\PSoC4/cyfitter_cfg.c **** #include "CyLib.h"
  23:.\Generated_Source\PSoC4/cyfitter_cfg.c **** #include "cyfitter_cfg.h"
  24:.\Generated_Source\PSoC4/cyfitter_cfg.c **** 
  25:.\Generated_Source\PSoC4/cyfitter_cfg.c **** 
  26:.\Generated_Source\PSoC4/cyfitter_cfg.c **** #if defined(__GNUC__) || defined(__ARMCC_VERSION)
  27:.\Generated_Source\PSoC4/cyfitter_cfg.c ****     #define CYPACKED 
  28:.\Generated_Source\PSoC4/cyfitter_cfg.c ****     #define CYPACKED_ATTR __attribute__ ((packed))
  29:.\Generated_Source\PSoC4/cyfitter_cfg.c ****     #define CYALIGNED __attribute__ ((aligned))
  30:.\Generated_Source\PSoC4/cyfitter_cfg.c ****     #define CY_CFG_UNUSED __attribute__ ((unused))
  31:.\Generated_Source\PSoC4/cyfitter_cfg.c ****     #define CY_CFG_SECTION __attribute__ ((section(".psocinit")))
  32:.\Generated_Source\PSoC4/cyfitter_cfg.c ****     
ARM GAS  C:\Users\Vitali\AppData\Local\Temp\ccmGo9nh.s 			page 2


  33:.\Generated_Source\PSoC4/cyfitter_cfg.c ****     #if defined(__ARMCC_VERSION)
  34:.\Generated_Source\PSoC4/cyfitter_cfg.c ****         #define CY_CFG_MEMORY_BARRIER() __memory_changed()
  35:.\Generated_Source\PSoC4/cyfitter_cfg.c ****     #else
  36:.\Generated_Source\PSoC4/cyfitter_cfg.c ****         #define CY_CFG_MEMORY_BARRIER() __sync_synchronize()
  37:.\Generated_Source\PSoC4/cyfitter_cfg.c ****     #endif
  38:.\Generated_Source\PSoC4/cyfitter_cfg.c ****     
  39:.\Generated_Source\PSoC4/cyfitter_cfg.c **** #elif defined(__ICCARM__)
  40:.\Generated_Source\PSoC4/cyfitter_cfg.c ****     #include <intrinsics.h>
  41:.\Generated_Source\PSoC4/cyfitter_cfg.c **** 
  42:.\Generated_Source\PSoC4/cyfitter_cfg.c ****     #define CYPACKED __packed
  43:.\Generated_Source\PSoC4/cyfitter_cfg.c ****     #define CYPACKED_ATTR 
  44:.\Generated_Source\PSoC4/cyfitter_cfg.c ****     #define CYALIGNED _Pragma("data_alignment=4")
  45:.\Generated_Source\PSoC4/cyfitter_cfg.c ****     #define CY_CFG_UNUSED _Pragma("diag_suppress=Pe177")
  46:.\Generated_Source\PSoC4/cyfitter_cfg.c ****     #define CY_CFG_SECTION _Pragma("location=\".psocinit\"")
  47:.\Generated_Source\PSoC4/cyfitter_cfg.c ****     
  48:.\Generated_Source\PSoC4/cyfitter_cfg.c ****     #define CY_CFG_MEMORY_BARRIER() __DMB()
  49:.\Generated_Source\PSoC4/cyfitter_cfg.c ****     
  50:.\Generated_Source\PSoC4/cyfitter_cfg.c **** #else
  51:.\Generated_Source\PSoC4/cyfitter_cfg.c ****     #error Unsupported toolchain
  52:.\Generated_Source\PSoC4/cyfitter_cfg.c **** #endif
  53:.\Generated_Source\PSoC4/cyfitter_cfg.c **** 
  54:.\Generated_Source\PSoC4/cyfitter_cfg.c **** 
  55:.\Generated_Source\PSoC4/cyfitter_cfg.c **** CY_CFG_UNUSED
  56:.\Generated_Source\PSoC4/cyfitter_cfg.c **** static void CYMEMZERO(void *s, size_t n);
  57:.\Generated_Source\PSoC4/cyfitter_cfg.c **** CY_CFG_UNUSED
  58:.\Generated_Source\PSoC4/cyfitter_cfg.c **** static void CYMEMZERO(void *s, size_t n)
  59:.\Generated_Source\PSoC4/cyfitter_cfg.c **** {
  60:.\Generated_Source\PSoC4/cyfitter_cfg.c **** 	(void)memset(s, 0, n);
  61:.\Generated_Source\PSoC4/cyfitter_cfg.c **** }
  62:.\Generated_Source\PSoC4/cyfitter_cfg.c **** CY_CFG_UNUSED
  63:.\Generated_Source\PSoC4/cyfitter_cfg.c **** static void CYCONFIGCPY(void *dest, const void *src, size_t n);
  64:.\Generated_Source\PSoC4/cyfitter_cfg.c **** CY_CFG_UNUSED
  65:.\Generated_Source\PSoC4/cyfitter_cfg.c **** static void CYCONFIGCPY(void *dest, const void *src, size_t n)
  66:.\Generated_Source\PSoC4/cyfitter_cfg.c **** {
  67:.\Generated_Source\PSoC4/cyfitter_cfg.c **** 	(void)memcpy(dest, src, n);
  68:.\Generated_Source\PSoC4/cyfitter_cfg.c **** }
  69:.\Generated_Source\PSoC4/cyfitter_cfg.c **** CY_CFG_UNUSED
  70:.\Generated_Source\PSoC4/cyfitter_cfg.c **** static void CYCONFIGCPYCODE(void *dest, const void *src, size_t n);
  71:.\Generated_Source\PSoC4/cyfitter_cfg.c **** CY_CFG_UNUSED
  72:.\Generated_Source\PSoC4/cyfitter_cfg.c **** static void CYCONFIGCPYCODE(void *dest, const void *src, size_t n)
  73:.\Generated_Source\PSoC4/cyfitter_cfg.c **** {
  74:.\Generated_Source\PSoC4/cyfitter_cfg.c **** 	(void)memcpy(dest, src, n);
  75:.\Generated_Source\PSoC4/cyfitter_cfg.c **** }
  76:.\Generated_Source\PSoC4/cyfitter_cfg.c **** 
  77:.\Generated_Source\PSoC4/cyfitter_cfg.c **** 
  78:.\Generated_Source\PSoC4/cyfitter_cfg.c **** 
  79:.\Generated_Source\PSoC4/cyfitter_cfg.c **** /* Clock startup error codes                                                   */
  80:.\Generated_Source\PSoC4/cyfitter_cfg.c **** #define CYCLOCKSTART_NO_ERROR    0u
  81:.\Generated_Source\PSoC4/cyfitter_cfg.c **** #define CYCLOCKSTART_XTAL_ERROR  1u
  82:.\Generated_Source\PSoC4/cyfitter_cfg.c **** #define CYCLOCKSTART_32KHZ_ERROR 2u
  83:.\Generated_Source\PSoC4/cyfitter_cfg.c **** #define CYCLOCKSTART_PLL_ERROR   3u
  84:.\Generated_Source\PSoC4/cyfitter_cfg.c **** 
  85:.\Generated_Source\PSoC4/cyfitter_cfg.c **** #ifdef CY_NEED_CYCLOCKSTARTUPERROR
  86:.\Generated_Source\PSoC4/cyfitter_cfg.c **** /*******************************************************************************
  87:.\Generated_Source\PSoC4/cyfitter_cfg.c **** * Function Name: CyClockStartupError
  88:.\Generated_Source\PSoC4/cyfitter_cfg.c **** ********************************************************************************
  89:.\Generated_Source\PSoC4/cyfitter_cfg.c **** * Summary:
ARM GAS  C:\Users\Vitali\AppData\Local\Temp\ccmGo9nh.s 			page 3


  90:.\Generated_Source\PSoC4/cyfitter_cfg.c **** *  If an error is encountered during clock configuration (crystal startup error,
  91:.\Generated_Source\PSoC4/cyfitter_cfg.c **** *  PLL lock error, etc.), the system will end up here.  Unless reimplemented by
  92:.\Generated_Source\PSoC4/cyfitter_cfg.c **** *  the customer, this function will stop in an infinite loop.
  93:.\Generated_Source\PSoC4/cyfitter_cfg.c **** *
  94:.\Generated_Source\PSoC4/cyfitter_cfg.c **** * Parameters:
  95:.\Generated_Source\PSoC4/cyfitter_cfg.c **** *   void
  96:.\Generated_Source\PSoC4/cyfitter_cfg.c **** *
  97:.\Generated_Source\PSoC4/cyfitter_cfg.c **** * Return:
  98:.\Generated_Source\PSoC4/cyfitter_cfg.c **** *   void
  99:.\Generated_Source\PSoC4/cyfitter_cfg.c **** *
 100:.\Generated_Source\PSoC4/cyfitter_cfg.c **** *******************************************************************************/
 101:.\Generated_Source\PSoC4/cyfitter_cfg.c **** CY_CFG_UNUSED
 102:.\Generated_Source\PSoC4/cyfitter_cfg.c **** static void CyClockStartupError(uint8 errorCode);
 103:.\Generated_Source\PSoC4/cyfitter_cfg.c **** CY_CFG_UNUSED
 104:.\Generated_Source\PSoC4/cyfitter_cfg.c **** static void CyClockStartupError(uint8 errorCode)
 105:.\Generated_Source\PSoC4/cyfitter_cfg.c **** {
 106:.\Generated_Source\PSoC4/cyfitter_cfg.c ****     /* To remove the compiler warning if errorCode not used.                */
 107:.\Generated_Source\PSoC4/cyfitter_cfg.c ****     errorCode = errorCode;
 108:.\Generated_Source\PSoC4/cyfitter_cfg.c **** 
 109:.\Generated_Source\PSoC4/cyfitter_cfg.c ****     /* `#START CyClockStartupError` */
 110:.\Generated_Source\PSoC4/cyfitter_cfg.c **** 
 111:.\Generated_Source\PSoC4/cyfitter_cfg.c ****     /* If we have a clock startup error (bad MHz crystal, PLL lock, etc.),  */
 112:.\Generated_Source\PSoC4/cyfitter_cfg.c ****     /* we will end up here to allow the customer to implement something to  */
 113:.\Generated_Source\PSoC4/cyfitter_cfg.c ****     /* deal with the clock condition.                                       */
 114:.\Generated_Source\PSoC4/cyfitter_cfg.c **** 
 115:.\Generated_Source\PSoC4/cyfitter_cfg.c ****     /* `#END` */
 116:.\Generated_Source\PSoC4/cyfitter_cfg.c **** 
 117:.\Generated_Source\PSoC4/cyfitter_cfg.c ****     /* If nothing else, stop here since the clocks have not started         */
 118:.\Generated_Source\PSoC4/cyfitter_cfg.c ****     /* correctly.                                                           */
 119:.\Generated_Source\PSoC4/cyfitter_cfg.c ****     while(1) {}
 120:.\Generated_Source\PSoC4/cyfitter_cfg.c **** }
 121:.\Generated_Source\PSoC4/cyfitter_cfg.c **** #endif
 122:.\Generated_Source\PSoC4/cyfitter_cfg.c **** 
 123:.\Generated_Source\PSoC4/cyfitter_cfg.c **** 
 124:.\Generated_Source\PSoC4/cyfitter_cfg.c **** 
 125:.\Generated_Source\PSoC4/cyfitter_cfg.c **** /*******************************************************************************
 126:.\Generated_Source\PSoC4/cyfitter_cfg.c **** * Function Name: ClockSetup
 127:.\Generated_Source\PSoC4/cyfitter_cfg.c **** ********************************************************************************
 128:.\Generated_Source\PSoC4/cyfitter_cfg.c **** *
 129:.\Generated_Source\PSoC4/cyfitter_cfg.c **** * Summary:
 130:.\Generated_Source\PSoC4/cyfitter_cfg.c **** *   Performs the initialization of all of the clocks in the device based on the
 131:.\Generated_Source\PSoC4/cyfitter_cfg.c **** *   settings in the Clock tab of the DWR.  This includes enabling the requested
 132:.\Generated_Source\PSoC4/cyfitter_cfg.c **** *   clocks and setting the necessary dividers to produce the desired frequency. 
 133:.\Generated_Source\PSoC4/cyfitter_cfg.c **** *
 134:.\Generated_Source\PSoC4/cyfitter_cfg.c **** * Parameters:
 135:.\Generated_Source\PSoC4/cyfitter_cfg.c **** *   void
 136:.\Generated_Source\PSoC4/cyfitter_cfg.c **** *
 137:.\Generated_Source\PSoC4/cyfitter_cfg.c **** * Return:
 138:.\Generated_Source\PSoC4/cyfitter_cfg.c **** *   void
 139:.\Generated_Source\PSoC4/cyfitter_cfg.c **** *
 140:.\Generated_Source\PSoC4/cyfitter_cfg.c **** *******************************************************************************/
 141:.\Generated_Source\PSoC4/cyfitter_cfg.c **** static void ClockSetup(void);
 142:.\Generated_Source\PSoC4/cyfitter_cfg.c **** CY_CFG_SECTION
 143:.\Generated_Source\PSoC4/cyfitter_cfg.c **** static void ClockSetup(void)
 144:.\Generated_Source\PSoC4/cyfitter_cfg.c **** {
 145:.\Generated_Source\PSoC4/cyfitter_cfg.c **** 	/* Enable HALF_EN before trimming for the flash accelerator. */
 146:.\Generated_Source\PSoC4/cyfitter_cfg.c **** 	CY_SET_REG32((void CYXDATA *)(CYREG_CLK_SELECT), (CY_GET_REG32((void *)CYREG_CLK_SELECT) | 0x00040
ARM GAS  C:\Users\Vitali\AppData\Local\Temp\ccmGo9nh.s 			page 4


 147:.\Generated_Source\PSoC4/cyfitter_cfg.c **** 
 148:.\Generated_Source\PSoC4/cyfitter_cfg.c **** 	/* Setup and trim IMO based on desired frequency. */
 149:.\Generated_Source\PSoC4/cyfitter_cfg.c **** 	CySysClkWriteImoFreq(32u);
 150:.\Generated_Source\PSoC4/cyfitter_cfg.c **** 	/* CYDEV_CLK_ILO_CONFIG Starting address: CYDEV_CLK_ILO_CONFIG */
 151:.\Generated_Source\PSoC4/cyfitter_cfg.c **** 	CY_SET_XTND_REG32((void CYFAR *)(CYREG_CLK_ILO_CONFIG), 0x80000006u);
 152:.\Generated_Source\PSoC4/cyfitter_cfg.c **** 
 153:.\Generated_Source\PSoC4/cyfitter_cfg.c **** 
 154:.\Generated_Source\PSoC4/cyfitter_cfg.c **** 	/* CYDEV_CLK_SELECT00 Starting address: CYDEV_CLK_SELECT00 */
 155:.\Generated_Source\PSoC4/cyfitter_cfg.c **** 	CY_SET_XTND_REG32((void CYFAR *)(CYREG_CLK_SELECT03), 0x00000010u);
 156:.\Generated_Source\PSoC4/cyfitter_cfg.c **** 
 157:.\Generated_Source\PSoC4/cyfitter_cfg.c **** 	/* CYDEV_CLK_IMO_CONFIG Starting address: CYDEV_CLK_IMO_CONFIG */
 158:.\Generated_Source\PSoC4/cyfitter_cfg.c **** 	CY_SET_XTND_REG32((void CYFAR *)(CYREG_CLK_IMO_CONFIG), 0x80000000u);
 159:.\Generated_Source\PSoC4/cyfitter_cfg.c **** 
 160:.\Generated_Source\PSoC4/cyfitter_cfg.c **** 	/* CYDEV_CLK_SELECT Starting address: CYDEV_CLK_SELECT */
 161:.\Generated_Source\PSoC4/cyfitter_cfg.c **** 	CY_SET_XTND_REG32((void CYFAR *)(CYREG_CLK_SELECT), 0x00080000u);
 162:.\Generated_Source\PSoC4/cyfitter_cfg.c **** 
 163:.\Generated_Source\PSoC4/cyfitter_cfg.c **** 	/* CYDEV_CLK_DIVIDER_A00 Starting address: CYDEV_CLK_DIVIDER_A00 */
 164:.\Generated_Source\PSoC4/cyfitter_cfg.c **** 	CY_SET_XTND_REG32((void CYFAR *)(CYREG_CLK_DIVIDER_A00), 0x80000016u);
 165:.\Generated_Source\PSoC4/cyfitter_cfg.c **** 
 166:.\Generated_Source\PSoC4/cyfitter_cfg.c **** 	CY_SET_XTND_REG32((void CYFAR *)(CYREG_WDT_CONFIG), 0x00000000u);
 167:.\Generated_Source\PSoC4/cyfitter_cfg.c **** }
 168:.\Generated_Source\PSoC4/cyfitter_cfg.c **** 
 169:.\Generated_Source\PSoC4/cyfitter_cfg.c **** 
 170:.\Generated_Source\PSoC4/cyfitter_cfg.c **** /* Analog API Functions */
 171:.\Generated_Source\PSoC4/cyfitter_cfg.c **** 
 172:.\Generated_Source\PSoC4/cyfitter_cfg.c **** 
 173:.\Generated_Source\PSoC4/cyfitter_cfg.c **** /*******************************************************************************
 174:.\Generated_Source\PSoC4/cyfitter_cfg.c **** * Function Name: AnalogSetDefault
 175:.\Generated_Source\PSoC4/cyfitter_cfg.c **** ********************************************************************************
 176:.\Generated_Source\PSoC4/cyfitter_cfg.c **** *
 177:.\Generated_Source\PSoC4/cyfitter_cfg.c **** * Summary:
 178:.\Generated_Source\PSoC4/cyfitter_cfg.c **** *  Sets up the analog portions of the chip to default values based on chip
 179:.\Generated_Source\PSoC4/cyfitter_cfg.c **** *  configuration options from the project.
 180:.\Generated_Source\PSoC4/cyfitter_cfg.c **** *
 181:.\Generated_Source\PSoC4/cyfitter_cfg.c **** * Parameters:
 182:.\Generated_Source\PSoC4/cyfitter_cfg.c **** *  void
 183:.\Generated_Source\PSoC4/cyfitter_cfg.c **** *
 184:.\Generated_Source\PSoC4/cyfitter_cfg.c **** * Return:
 185:.\Generated_Source\PSoC4/cyfitter_cfg.c **** *  void
 186:.\Generated_Source\PSoC4/cyfitter_cfg.c **** *
 187:.\Generated_Source\PSoC4/cyfitter_cfg.c **** *******************************************************************************/
 188:.\Generated_Source\PSoC4/cyfitter_cfg.c **** static void AnalogSetDefault(void);
 189:.\Generated_Source\PSoC4/cyfitter_cfg.c **** static void AnalogSetDefault(void)
 190:.\Generated_Source\PSoC4/cyfitter_cfg.c **** {
 191:.\Generated_Source\PSoC4/cyfitter_cfg.c **** }
 192:.\Generated_Source\PSoC4/cyfitter_cfg.c **** 
 193:.\Generated_Source\PSoC4/cyfitter_cfg.c **** #define CY_AMUX_UNUSED CYREG_CM0_ROM_DWT
 194:.\Generated_Source\PSoC4/cyfitter_cfg.c **** 
 195:.\Generated_Source\PSoC4/cyfitter_cfg.c **** 
 196:.\Generated_Source\PSoC4/cyfitter_cfg.c **** /*******************************************************************************
 197:.\Generated_Source\PSoC4/cyfitter_cfg.c **** * Function Name: cyfitter_cfg
 198:.\Generated_Source\PSoC4/cyfitter_cfg.c **** ********************************************************************************
 199:.\Generated_Source\PSoC4/cyfitter_cfg.c **** * Summary:
 200:.\Generated_Source\PSoC4/cyfitter_cfg.c **** *  This function is called by the start-up code for the selected device. It
 201:.\Generated_Source\PSoC4/cyfitter_cfg.c **** *  performs all of the necessary device configuration based on the design
 202:.\Generated_Source\PSoC4/cyfitter_cfg.c **** *  settings.  This includes settings from the Design Wide Resources (DWR) such
 203:.\Generated_Source\PSoC4/cyfitter_cfg.c **** *  as Clocks and Pins as well as any component configuration that is necessary.
ARM GAS  C:\Users\Vitali\AppData\Local\Temp\ccmGo9nh.s 			page 5


 204:.\Generated_Source\PSoC4/cyfitter_cfg.c **** *
 205:.\Generated_Source\PSoC4/cyfitter_cfg.c **** * Parameters:  
 206:.\Generated_Source\PSoC4/cyfitter_cfg.c **** *   void
 207:.\Generated_Source\PSoC4/cyfitter_cfg.c **** *
 208:.\Generated_Source\PSoC4/cyfitter_cfg.c **** * Return:
 209:.\Generated_Source\PSoC4/cyfitter_cfg.c **** *   void
 210:.\Generated_Source\PSoC4/cyfitter_cfg.c **** *
 211:.\Generated_Source\PSoC4/cyfitter_cfg.c **** *******************************************************************************/
 212:.\Generated_Source\PSoC4/cyfitter_cfg.c **** CY_CFG_SECTION
 213:.\Generated_Source\PSoC4/cyfitter_cfg.c **** void cyfitter_cfg(void)
 214:.\Generated_Source\PSoC4/cyfitter_cfg.c **** {
  26              		.loc 1 214 0
  27              		.cfi_startproc
  28 0000 10B5     		push	{r4, lr}
  29              		.cfi_def_cfa_offset 8
  30              		.cfi_offset 4, -8
  31              		.cfi_offset 14, -4
 215:.\Generated_Source\PSoC4/cyfitter_cfg.c **** 	/* Disable interrupts by default. Let user enable if/when they want. */
 216:.\Generated_Source\PSoC4/cyfitter_cfg.c **** 	CyGlobalIntDisable;
  32              		.loc 1 216 0
  33              	@ 216 ".\Generated_Source\PSoC4\cyfitter_cfg.c" 1
  34 0002 72B6     		CPSID   i
  35              	@ 0 "" 2
  36              	.LVL0:
  37              		.code	16
  38              	.LBB12:
  39              	.LBB13:
  40              	.LBB14:
  41              	.LBB15:
  60:.\Generated_Source\PSoC4/cyfitter_cfg.c **** }
  42              		.loc 1 60 0
  43 0004 8024     		mov	r4, #128
  44 0006 E400     		lsl	r4, r4, #3
  45 0008 221C     		mov	r2, r4
  46 000a 0021     		mov	r1, #0
  47 000c 2648     		ldr	r0, .L2
  48 000e FFF7FEFF 		bl	memset
  49              	.LVL1:
  50 0012 221C     		mov	r2, r4
  51 0014 0021     		mov	r1, #0
  52 0016 2548     		ldr	r0, .L2+4
  53 0018 FFF7FEFF 		bl	memset
  54              	.LVL2:
  55              	.LBE15:
  56              	.LBE14:
  57              	.LBE13:
 217:.\Generated_Source\PSoC4/cyfitter_cfg.c **** 
 218:.\Generated_Source\PSoC4/cyfitter_cfg.c **** 	{
 219:.\Generated_Source\PSoC4/cyfitter_cfg.c **** 
 220:.\Generated_Source\PSoC4/cyfitter_cfg.c **** 		CYPACKED typedef struct {
 221:.\Generated_Source\PSoC4/cyfitter_cfg.c **** 			void CYFAR *address;
 222:.\Generated_Source\PSoC4/cyfitter_cfg.c **** 			uint16 size;
 223:.\Generated_Source\PSoC4/cyfitter_cfg.c **** 		} CYPACKED_ATTR cfg_memset_t;
 224:.\Generated_Source\PSoC4/cyfitter_cfg.c **** 
 225:.\Generated_Source\PSoC4/cyfitter_cfg.c **** 		static const cfg_memset_t CYCODE cfg_memset_list [] = {
 226:.\Generated_Source\PSoC4/cyfitter_cfg.c **** 			/* address, size */
 227:.\Generated_Source\PSoC4/cyfitter_cfg.c **** 			{(void CYFAR *)(CYDEV_UDB_P0_U0_BASE), 1024u},
ARM GAS  C:\Users\Vitali\AppData\Local\Temp\ccmGo9nh.s 			page 6


 228:.\Generated_Source\PSoC4/cyfitter_cfg.c **** 			{(void CYFAR *)(CYDEV_UDB_DSI0_BASE), 1024u},
 229:.\Generated_Source\PSoC4/cyfitter_cfg.c **** 		};
 230:.\Generated_Source\PSoC4/cyfitter_cfg.c **** 
 231:.\Generated_Source\PSoC4/cyfitter_cfg.c **** 		uint8 CYDATA i;
 232:.\Generated_Source\PSoC4/cyfitter_cfg.c **** 
 233:.\Generated_Source\PSoC4/cyfitter_cfg.c **** 		/* Zero out critical memory blocks before beginning configuration */
 234:.\Generated_Source\PSoC4/cyfitter_cfg.c **** 		for (i = 0u; i < (sizeof(cfg_memset_list)/sizeof(cfg_memset_list[0])); i++)
 235:.\Generated_Source\PSoC4/cyfitter_cfg.c **** 		{
 236:.\Generated_Source\PSoC4/cyfitter_cfg.c **** 			const cfg_memset_t CYCODE * CYDATA ms = &cfg_memset_list[i];
 237:.\Generated_Source\PSoC4/cyfitter_cfg.c **** 			CYMEMZERO(ms->address, (size_t)(uint32)(ms->size));
 238:.\Generated_Source\PSoC4/cyfitter_cfg.c **** 		}
 239:.\Generated_Source\PSoC4/cyfitter_cfg.c **** 
 240:.\Generated_Source\PSoC4/cyfitter_cfg.c **** 		/* HSIOM Starting address: CYDEV_HSIOM_BASE */
 241:.\Generated_Source\PSoC4/cyfitter_cfg.c **** 		CY_SET_XTND_REG32((void CYFAR *)(CYDEV_HSIOM_BASE), 0x00990000u);
  58              		.loc 1 241 0
  59 001c 9923     		mov	r3, #153
 242:.\Generated_Source\PSoC4/cyfitter_cfg.c **** 		CY_SET_XTND_REG32((void CYFAR *)(CYREG_HSIOM_PORT_SEL3), 0x0000EE00u);
  60              		.loc 1 242 0
  61 001e EE21     		mov	r1, #238
 241:.\Generated_Source\PSoC4/cyfitter_cfg.c **** 		CY_SET_XTND_REG32((void CYFAR *)(CYREG_HSIOM_PORT_SEL3), 0x0000EE00u);
  62              		.loc 1 241 0
  63 0020 234A     		ldr	r2, .L2+8
  64 0022 1B04     		lsl	r3, r3, #16
  65 0024 1360     		str	r3, [r2]
  66              		.loc 1 242 0
  67 0026 234A     		ldr	r2, .L2+12
  68 0028 0902     		lsl	r1, r1, #8
  69 002a 1160     		str	r1, [r2]
 243:.\Generated_Source\PSoC4/cyfitter_cfg.c **** 
 244:.\Generated_Source\PSoC4/cyfitter_cfg.c **** 		/* UDB_PA_0 Starting address: CYDEV_UDB_PA0_BASE */
 245:.\Generated_Source\PSoC4/cyfitter_cfg.c **** 		CY_SET_XTND_REG32((void CYFAR *)(CYDEV_UDB_PA0_BASE), 0x00990000u);
 246:.\Generated_Source\PSoC4/cyfitter_cfg.c **** 
 247:.\Generated_Source\PSoC4/cyfitter_cfg.c **** 		/* UDB_PA_3 Starting address: CYDEV_UDB_PA3_BASE */
 248:.\Generated_Source\PSoC4/cyfitter_cfg.c **** 		CY_SET_XTND_REG32((void CYFAR *)(CYDEV_UDB_PA3_BASE), 0x00990000u);
 249:.\Generated_Source\PSoC4/cyfitter_cfg.c **** 
 250:.\Generated_Source\PSoC4/cyfitter_cfg.c **** 		/* Enable digital routing */
 251:.\Generated_Source\PSoC4/cyfitter_cfg.c **** 		CY_SET_XTND_REG8((void *)CYREG_UDB_UDBIF_BANK_CTL, CY_GET_XTND_REG8((void *)CYREG_UDB_UDBIF_BANK_
  70              		.loc 1 251 0
  71 002c 0221     		mov	r1, #2
 252:.\Generated_Source\PSoC4/cyfitter_cfg.c **** 
 253:.\Generated_Source\PSoC4/cyfitter_cfg.c **** 		/* Enable UDB array */
 254:.\Generated_Source\PSoC4/cyfitter_cfg.c **** 		CY_SET_XTND_REG8((void *)CYREG_UDB_UDBIF_WAIT_CFG, (uint8)((CY_GET_XTND_REG8((void *)CYREG_UDB_UD
  72              		.loc 1 254 0
  73 002e 3C20     		mov	r0, #60
 245:.\Generated_Source\PSoC4/cyfitter_cfg.c **** 
  74              		.loc 1 245 0
  75 0030 214A     		ldr	r2, .L2+16
  76              	.LBE12:
  77              	.LBB16:
  78              	.LBB17:
 146:.\Generated_Source\PSoC4/cyfitter_cfg.c **** 
  79              		.loc 1 146 0
  80 0032 224C     		ldr	r4, .L2+20
  81              	.LBE17:
  82              	.LBE16:
  83              	.LBB19:
 245:.\Generated_Source\PSoC4/cyfitter_cfg.c **** 
ARM GAS  C:\Users\Vitali\AppData\Local\Temp\ccmGo9nh.s 			page 7


  84              		.loc 1 245 0
  85 0034 1360     		str	r3, [r2]
 248:.\Generated_Source\PSoC4/cyfitter_cfg.c **** 
  86              		.loc 1 248 0
  87 0036 224A     		ldr	r2, .L2+24
  88              	.LBE19:
 255:.\Generated_Source\PSoC4/cyfitter_cfg.c **** 		CY_SET_XTND_REG8((void *)CYREG_UDB_UDBIF_BANK_CTL, (uint8)(CY_GET_XTND_REG8((void *)CYREG_UDB_UDB
 256:.\Generated_Source\PSoC4/cyfitter_cfg.c **** 	}
 257:.\Generated_Source\PSoC4/cyfitter_cfg.c **** 
 258:.\Generated_Source\PSoC4/cyfitter_cfg.c **** 	/* Perform second pass device configuration. These items must be configured in specific order afte
 259:.\Generated_Source\PSoC4/cyfitter_cfg.c **** 	/* IOPINS0_0 Starting address: CYDEV_PRT0_BASE */
 260:.\Generated_Source\PSoC4/cyfitter_cfg.c **** 	CY_SET_XTND_REG32((void CYFAR *)(CYDEV_PRT0_BASE), 0x00000020u);
 261:.\Generated_Source\PSoC4/cyfitter_cfg.c **** 	CY_SET_XTND_REG32((void CYFAR *)(CYREG_PRT0_PC), 0x00031000u);
 262:.\Generated_Source\PSoC4/cyfitter_cfg.c **** 	CY_SET_XTND_REG32((void CYFAR *)(CYREG_PRT0_PC2), 0x00000020u);
 263:.\Generated_Source\PSoC4/cyfitter_cfg.c **** 
 264:.\Generated_Source\PSoC4/cyfitter_cfg.c **** 	/* IOPINS0_3 Starting address: CYDEV_PRT3_BASE */
 265:.\Generated_Source\PSoC4/cyfitter_cfg.c **** 	CY_SET_XTND_REG32((void CYFAR *)(CYDEV_PRT3_BASE), 0x00000020u);
 266:.\Generated_Source\PSoC4/cyfitter_cfg.c **** 	CY_SET_XTND_REG32((void CYFAR *)(CYREG_PRT3_PC), 0x00030D80u);
 267:.\Generated_Source\PSoC4/cyfitter_cfg.c **** 
 268:.\Generated_Source\PSoC4/cyfitter_cfg.c **** 	/* Setup clocks based on selections from Clock DWR */
 269:.\Generated_Source\PSoC4/cyfitter_cfg.c **** 	ClockSetup();
 270:.\Generated_Source\PSoC4/cyfitter_cfg.c **** 
 271:.\Generated_Source\PSoC4/cyfitter_cfg.c **** 	/* Perform basic analog initialization to defaults */
 272:.\Generated_Source\PSoC4/cyfitter_cfg.c **** 	AnalogSetDefault();
 273:.\Generated_Source\PSoC4/cyfitter_cfg.c **** 
 274:.\Generated_Source\PSoC4/cyfitter_cfg.c **** }
  89              		.loc 1 274 0
  90              		@ sp needed
  91              	.LBB20:
 248:.\Generated_Source\PSoC4/cyfitter_cfg.c **** 
  92              		.loc 1 248 0
  93 0038 1360     		str	r3, [r2]
 251:.\Generated_Source\PSoC4/cyfitter_cfg.c **** 
  94              		.loc 1 251 0
  95 003a 224A     		ldr	r2, .L2+28
  96 003c 1378     		ldrb	r3, [r2]
  97 003e 0B43     		orr	r3, r1
 254:.\Generated_Source\PSoC4/cyfitter_cfg.c **** 		CY_SET_XTND_REG8((void *)CYREG_UDB_UDBIF_BANK_CTL, (uint8)(CY_GET_XTND_REG8((void *)CYREG_UDB_UDB
  98              		.loc 1 254 0
  99 0040 2149     		ldr	r1, .L2+32
 251:.\Generated_Source\PSoC4/cyfitter_cfg.c **** 
 100              		.loc 1 251 0
 101 0042 1370     		strb	r3, [r2]
 254:.\Generated_Source\PSoC4/cyfitter_cfg.c **** 		CY_SET_XTND_REG8((void *)CYREG_UDB_UDBIF_BANK_CTL, (uint8)(CY_GET_XTND_REG8((void *)CYREG_UDB_UDB
 102              		.loc 1 254 0
 103 0044 0B78     		ldrb	r3, [r1]
 104 0046 8343     		bic	r3, r0
 105 0048 2838     		sub	r0, r0, #40
 106 004a 0343     		orr	r3, r0
 107 004c 0B70     		strb	r3, [r1]
 255:.\Generated_Source\PSoC4/cyfitter_cfg.c **** 		CY_SET_XTND_REG8((void *)CYREG_UDB_UDBIF_BANK_CTL, (uint8)(CY_GET_XTND_REG8((void *)CYREG_UDB_UDB
 108              		.loc 1 255 0
 109 004e 1621     		mov	r1, #22
 110 0050 1378     		ldrb	r3, [r2]
 111              	.LBE20:
 260:.\Generated_Source\PSoC4/cyfitter_cfg.c **** 	CY_SET_XTND_REG32((void CYFAR *)(CYREG_PRT0_PC), 0x00031000u);
 112              		.loc 1 260 0
ARM GAS  C:\Users\Vitali\AppData\Local\Temp\ccmGo9nh.s 			page 8


 113 0052 0C30     		add	r0, r0, #12
 114              	.LBB21:
 255:.\Generated_Source\PSoC4/cyfitter_cfg.c **** 	}
 115              		.loc 1 255 0
 116 0054 0B43     		orr	r3, r1
 117 0056 1370     		strb	r3, [r2]
 118              	.LBE21:
 261:.\Generated_Source\PSoC4/cyfitter_cfg.c **** 	CY_SET_XTND_REG32((void CYFAR *)(CYREG_PRT0_PC2), 0x00000020u);
 119              		.loc 1 261 0
 120 0058 C422     		mov	r2, #196
 260:.\Generated_Source\PSoC4/cyfitter_cfg.c **** 	CY_SET_XTND_REG32((void CYFAR *)(CYREG_PRT0_PC), 0x00031000u);
 121              		.loc 1 260 0
 122 005a 1C4B     		ldr	r3, .L2+36
 261:.\Generated_Source\PSoC4/cyfitter_cfg.c **** 	CY_SET_XTND_REG32((void CYFAR *)(CYREG_PRT0_PC2), 0x00000020u);
 123              		.loc 1 261 0
 124 005c 9202     		lsl	r2, r2, #10
 260:.\Generated_Source\PSoC4/cyfitter_cfg.c **** 	CY_SET_XTND_REG32((void CYFAR *)(CYREG_PRT0_PC), 0x00031000u);
 125              		.loc 1 260 0
 126 005e 1860     		str	r0, [r3]
 261:.\Generated_Source\PSoC4/cyfitter_cfg.c **** 	CY_SET_XTND_REG32((void CYFAR *)(CYREG_PRT0_PC2), 0x00000020u);
 127              		.loc 1 261 0
 128 0060 1B4B     		ldr	r3, .L2+40
 129 0062 1A60     		str	r2, [r3]
 262:.\Generated_Source\PSoC4/cyfitter_cfg.c **** 
 130              		.loc 1 262 0
 131 0064 1B4B     		ldr	r3, .L2+44
 266:.\Generated_Source\PSoC4/cyfitter_cfg.c **** 
 132              		.loc 1 266 0
 133 0066 1C4A     		ldr	r2, .L2+48
 262:.\Generated_Source\PSoC4/cyfitter_cfg.c **** 
 134              		.loc 1 262 0
 135 0068 1860     		str	r0, [r3]
 265:.\Generated_Source\PSoC4/cyfitter_cfg.c **** 	CY_SET_XTND_REG32((void CYFAR *)(CYREG_PRT3_PC), 0x00030D80u);
 136              		.loc 1 265 0
 137 006a 1C4B     		ldr	r3, .L2+52
 138 006c 1860     		str	r0, [r3]
 266:.\Generated_Source\PSoC4/cyfitter_cfg.c **** 
 139              		.loc 1 266 0
 140 006e 1C4B     		ldr	r3, .L2+56
 141 0070 1A60     		str	r2, [r3]
 142              	.LBB22:
 143              	.LBB18:
 146:.\Generated_Source\PSoC4/cyfitter_cfg.c **** 
 144              		.loc 1 146 0
 145 0072 8022     		mov	r2, #128
 146 0074 2368     		ldr	r3, [r4]
 147 0076 D202     		lsl	r2, r2, #11
 148 0078 1343     		orr	r3, r2
 149 007a 2360     		str	r3, [r4]
 149:.\Generated_Source\PSoC4/cyfitter_cfg.c **** 	/* CYDEV_CLK_ILO_CONFIG Starting address: CYDEV_CLK_ILO_CONFIG */
 150              		.loc 1 149 0
 151 007c FFF7FEFF 		bl	CySysClkWriteImoFreq
 152              	.LVL3:
 151:.\Generated_Source\PSoC4/cyfitter_cfg.c **** 
 153              		.loc 1 151 0
 154 0080 184A     		ldr	r2, .L2+60
 155 0082 194B     		ldr	r3, .L2+64
ARM GAS  C:\Users\Vitali\AppData\Local\Temp\ccmGo9nh.s 			page 9


 156 0084 1A60     		str	r2, [r3]
 155:.\Generated_Source\PSoC4/cyfitter_cfg.c **** 
 157              		.loc 1 155 0
 158 0086 1022     		mov	r2, #16
 159 0088 184B     		ldr	r3, .L2+68
 160 008a 1A60     		str	r2, [r3]
 158:.\Generated_Source\PSoC4/cyfitter_cfg.c **** 
 161              		.loc 1 158 0
 162 008c 8022     		mov	r2, #128
 163 008e 184B     		ldr	r3, .L2+72
 164 0090 1206     		lsl	r2, r2, #24
 165 0092 1A60     		str	r2, [r3]
 161:.\Generated_Source\PSoC4/cyfitter_cfg.c **** 
 166              		.loc 1 161 0
 167 0094 8023     		mov	r3, #128
 168 0096 1B03     		lsl	r3, r3, #12
 169 0098 2360     		str	r3, [r4]
 164:.\Generated_Source\PSoC4/cyfitter_cfg.c **** 
 170              		.loc 1 164 0
 171 009a 164A     		ldr	r2, .L2+76
 172 009c 164B     		ldr	r3, .L2+80
 173 009e 1A60     		str	r2, [r3]
 166:.\Generated_Source\PSoC4/cyfitter_cfg.c **** }
 174              		.loc 1 166 0
 175 00a0 0022     		mov	r2, #0
 176 00a2 164B     		ldr	r3, .L2+84
 177 00a4 1A60     		str	r2, [r3]
 178              	.LBE18:
 179              	.LBE22:
 180              		.loc 1 274 0
 181 00a6 10BD     		pop	{r4, pc}
 182              	.L3:
 183              		.align	2
 184              	.L2:
 185 00a8 00300F40 		.word	1074737152
 186 00ac 00400F40 		.word	1074741248
 187 00b0 00000140 		.word	1073807360
 188 00b4 0C000140 		.word	1073807372
 189 00b8 00500F40 		.word	1074745344
 190 00bc 00010B40 		.word	1074462976
 191 00c0 30500F40 		.word	1074745392
 192 00c4 00700F40 		.word	1074753536
 193 00c8 01700F40 		.word	1074753537
 194 00cc 00000440 		.word	1074003968
 195 00d0 08000440 		.word	1074003976
 196 00d4 18000440 		.word	1074003992
 197 00d8 800D0300 		.word	200064
 198 00dc 00030440 		.word	1074004736
 199 00e0 08030440 		.word	1074004744
 200 00e4 06000080 		.word	-2147483642
 201 00e8 04010B40 		.word	1074462980
 202 00ec 0C020240 		.word	1073873420
 203 00f0 08010B40 		.word	1074462984
 204 00f4 16000080 		.word	-2147483626
 205 00f8 00000240 		.word	1073872896
 206 00fc 0C020B40 		.word	1074463244
 207              		.cfi_endproc
ARM GAS  C:\Users\Vitali\AppData\Local\Temp\ccmGo9nh.s 			page 10


 208              	.LFE5:
 209              		.size	cyfitter_cfg, .-cyfitter_cfg
 210              		.text
 211              	.Letext0:
 212              		.file 2 "c:\\program files (x86)\\cypress\\psoc creator\\3.3\\psoc creator\\import\\gnu\\arm\\4.9.
 213              		.file 3 ".\\Generated_Source\\PSoC4\\cytypes.h"
 214              		.file 4 ".\\Generated_Source\\PSoC4\\CyLib.h"
 215              		.section	.debug_info,"",%progbits
 216              	.Ldebug_info0:
 217 0000 57020000 		.4byte	0x257
 218 0004 0400     		.2byte	0x4
 219 0006 00000000 		.4byte	.Ldebug_abbrev0
 220 000a 04       		.byte	0x4
 221 000b 01       		.uleb128 0x1
 222 000c 0D000000 		.4byte	.LASF25
 223 0010 01       		.byte	0x1
 224 0011 7C010000 		.4byte	.LASF26
 225 0015 C0010000 		.4byte	.LASF27
 226 0019 40000000 		.4byte	.Ldebug_ranges0+0x40
 227 001d 00000000 		.4byte	0
 228 0021 00000000 		.4byte	.Ldebug_line0
 229 0025 02       		.uleb128 0x2
 230 0026 04       		.byte	0x4
 231 0027 05       		.byte	0x5
 232 0028 696E7400 		.ascii	"int\000"
 233 002c 03       		.uleb128 0x3
 234 002d 06000000 		.4byte	.LASF11
 235 0031 02       		.byte	0x2
 236 0032 D4       		.byte	0xd4
 237 0033 37000000 		.4byte	0x37
 238 0037 04       		.uleb128 0x4
 239 0038 04       		.byte	0x4
 240 0039 07       		.byte	0x7
 241 003a 32010000 		.4byte	.LASF0
 242 003e 04       		.uleb128 0x4
 243 003f 01       		.byte	0x1
 244 0040 06       		.byte	0x6
 245 0041 4A020000 		.4byte	.LASF1
 246 0045 04       		.uleb128 0x4
 247 0046 01       		.byte	0x1
 248 0047 08       		.byte	0x8
 249 0048 FB000000 		.4byte	.LASF2
 250 004c 04       		.uleb128 0x4
 251 004d 02       		.byte	0x2
 252 004e 05       		.byte	0x5
 253 004f 22020000 		.4byte	.LASF3
 254 0053 04       		.uleb128 0x4
 255 0054 02       		.byte	0x2
 256 0055 07       		.byte	0x7
 257 0056 B6000000 		.4byte	.LASF4
 258 005a 04       		.uleb128 0x4
 259 005b 04       		.byte	0x4
 260 005c 05       		.byte	0x5
 261 005d 41020000 		.4byte	.LASF5
 262 0061 04       		.uleb128 0x4
 263 0062 04       		.byte	0x4
 264 0063 07       		.byte	0x7
ARM GAS  C:\Users\Vitali\AppData\Local\Temp\ccmGo9nh.s 			page 11


 265 0064 D9000000 		.4byte	.LASF6
 266 0068 04       		.uleb128 0x4
 267 0069 08       		.byte	0x8
 268 006a 05       		.byte	0x5
 269 006b AD010000 		.4byte	.LASF7
 270 006f 04       		.uleb128 0x4
 271 0070 08       		.byte	0x8
 272 0071 07       		.byte	0x7
 273 0072 58010000 		.4byte	.LASF8
 274 0076 04       		.uleb128 0x4
 275 0077 04       		.byte	0x4
 276 0078 07       		.byte	0x7
 277 0079 A4010000 		.4byte	.LASF9
 278 007d 05       		.uleb128 0x5
 279 007e 04       		.byte	0x4
 280 007f 04       		.uleb128 0x4
 281 0080 01       		.byte	0x1
 282 0081 08       		.byte	0x8
 283 0082 BB010000 		.4byte	.LASF10
 284 0086 03       		.uleb128 0x3
 285 0087 EB000000 		.4byte	.LASF12
 286 008b 03       		.byte	0x3
 287 008c C2       		.byte	0xc2
 288 008d 45000000 		.4byte	0x45
 289 0091 03       		.uleb128 0x3
 290 0092 24010000 		.4byte	.LASF13
 291 0096 03       		.byte	0x3
 292 0097 C3       		.byte	0xc3
 293 0098 53000000 		.4byte	0x53
 294 009c 03       		.uleb128 0x3
 295 009d 2B010000 		.4byte	.LASF14
 296 00a1 03       		.byte	0x3
 297 00a2 C4       		.byte	0xc4
 298 00a3 61000000 		.4byte	0x61
 299 00a7 04       		.uleb128 0x4
 300 00a8 04       		.byte	0x4
 301 00a9 04       		.byte	0x4
 302 00aa C9000000 		.4byte	.LASF15
 303 00ae 04       		.uleb128 0x4
 304 00af 08       		.byte	0x8
 305 00b0 04       		.byte	0x4
 306 00b1 10010000 		.4byte	.LASF16
 307 00b5 06       		.uleb128 0x6
 308 00b6 D4000000 		.4byte	.LASF17
 309 00ba 03       		.byte	0x3
 310 00bb 6C01     		.2byte	0x16c
 311 00bd C1000000 		.4byte	0xc1
 312 00c1 07       		.uleb128 0x7
 313 00c2 86000000 		.4byte	0x86
 314 00c6 06       		.uleb128 0x6
 315 00c7 00000000 		.4byte	.LASF18
 316 00cb 03       		.byte	0x3
 317 00cc 6E01     		.2byte	0x16e
 318 00ce D2000000 		.4byte	0xd2
 319 00d2 07       		.uleb128 0x7
 320 00d3 9C000000 		.4byte	0x9c
 321 00d7 08       		.uleb128 0x8
ARM GAS  C:\Users\Vitali\AppData\Local\Temp\ccmGo9nh.s 			page 12


 322 00d8 3F010000 		.4byte	.LASF19
 323 00dc 01       		.byte	0x1
 324 00dd BD       		.byte	0xbd
 325 00de 01       		.byte	0x1
 326 00df 09       		.uleb128 0x9
 327 00e0 F1000000 		.4byte	.LASF28
 328 00e4 01       		.byte	0x1
 329 00e5 3A       		.byte	0x3a
 330 00e6 01       		.byte	0x1
 331 00e7 FE000000 		.4byte	0xfe
 332 00eb 0A       		.uleb128 0xa
 333 00ec 7300     		.ascii	"s\000"
 334 00ee 01       		.byte	0x1
 335 00ef 3A       		.byte	0x3a
 336 00f0 7D000000 		.4byte	0x7d
 337 00f4 0A       		.uleb128 0xa
 338 00f5 6E00     		.ascii	"n\000"
 339 00f7 01       		.byte	0x1
 340 00f8 3A       		.byte	0x3a
 341 00f9 2C000000 		.4byte	0x2c
 342 00fd 00       		.byte	0
 343 00fe 08       		.uleb128 0x8
 344 00ff AB000000 		.4byte	.LASF20
 345 0103 01       		.byte	0x1
 346 0104 8F       		.byte	0x8f
 347 0105 01       		.byte	0x1
 348 0106 0B       		.uleb128 0xb
 349 0107 17010000 		.4byte	.LASF29
 350 010b 01       		.byte	0x1
 351 010c D5       		.byte	0xd5
 352 010d 00000000 		.4byte	.LFB5
 353 0111 00010000 		.4byte	.LFE5-.LFB5
 354 0115 01       		.uleb128 0x1
 355 0116 9C       		.byte	0x9c
 356 0117 30020000 		.4byte	0x230
 357 011b 0C       		.uleb128 0xc
 358 011c 00000000 		.4byte	.Ldebug_ranges0+0
 359 0120 0E020000 		.4byte	0x20e
 360 0124 0D       		.uleb128 0xd
 361 0125 06       		.byte	0x6
 362 0126 01       		.byte	0x1
 363 0127 DC       		.byte	0xdc
 364 0128 45010000 		.4byte	0x145
 365 012c 0E       		.uleb128 0xe
 366 012d 50010000 		.4byte	.LASF21
 367 0131 01       		.byte	0x1
 368 0132 DD       		.byte	0xdd
 369 0133 7D000000 		.4byte	0x7d
 370 0137 00       		.byte	0
 371 0138 0E       		.uleb128 0xe
 372 0139 CF000000 		.4byte	.LASF22
 373 013d 01       		.byte	0x1
 374 013e DE       		.byte	0xde
 375 013f 91000000 		.4byte	0x91
 376 0143 04       		.byte	0x4
 377 0144 00       		.byte	0
 378 0145 03       		.uleb128 0x3
ARM GAS  C:\Users\Vitali\AppData\Local\Temp\ccmGo9nh.s 			page 13


 379 0146 6F010000 		.4byte	.LASF23
 380 014a 01       		.byte	0x1
 381 014b DF       		.byte	0xdf
 382 014c 24010000 		.4byte	0x124
 383 0150 0F       		.uleb128 0xf
 384 0151 45010000 		.4byte	0x145
 385 0155 60010000 		.4byte	0x160
 386 0159 10       		.uleb128 0x10
 387 015a 76000000 		.4byte	0x76
 388 015e 01       		.byte	0x1
 389 015f 00       		.byte	0
 390 0160 11       		.uleb128 0x11
 391 0161 9B000000 		.4byte	.LASF24
 392 0165 01       		.byte	0x1
 393 0166 E1       		.byte	0xe1
 394 0167 78010000 		.4byte	0x178
 395 016b 0C       		.byte	0xc
 396 016c 00       		.byte	0
 397 016d 30       		.byte	0x30
 398 016e 0F       		.byte	0xf
 399 016f 40       		.byte	0x40
 400 0170 00       		.byte	0
 401 0171 04       		.byte	0x4
 402 0172 00       		.byte	0
 403 0173 40       		.byte	0x40
 404 0174 0F       		.byte	0xf
 405 0175 40       		.byte	0x40
 406 0176 00       		.byte	0
 407 0177 04       		.byte	0x4
 408 0178 12       		.uleb128 0x12
 409 0179 50010000 		.4byte	0x150
 410 017d 13       		.uleb128 0x13
 411 017e 6900     		.ascii	"i\000"
 412 0180 01       		.byte	0x1
 413 0181 E7       		.byte	0xe7
 414 0182 86000000 		.4byte	0x86
 415 0186 00000000 		.4byte	.LLST0
 416 018a 14       		.uleb128 0x14
 417 018b 04000000 		.4byte	.LBB13
 418 018f 18000000 		.4byte	.LBE13-.LBB13
 419 0193 13       		.uleb128 0x13
 420 0194 6D7300   		.ascii	"ms\000"
 421 0197 01       		.byte	0x1
 422 0198 EC       		.byte	0xec
 423 0199 A1010000 		.4byte	0x1a1
 424 019d 2C000000 		.4byte	.LLST1
 425 01a1 15       		.uleb128 0x15
 426 01a2 04       		.byte	0x4
 427 01a3 A7010000 		.4byte	0x1a7
 428 01a7 12       		.uleb128 0x12
 429 01a8 45010000 		.4byte	0x145
 430 01ac 16       		.uleb128 0x16
 431 01ad DF000000 		.4byte	0xdf
 432 01b1 04000000 		.4byte	.LBB14
 433 01b5 18000000 		.4byte	.LBE14-.LBB14
 434 01b9 01       		.byte	0x1
 435 01ba ED       		.byte	0xed
ARM GAS  C:\Users\Vitali\AppData\Local\Temp\ccmGo9nh.s 			page 14


 436 01bb 17       		.uleb128 0x17
 437 01bc F4000000 		.4byte	0xf4
 438 01c0 0004     		.2byte	0x400
 439 01c2 18       		.uleb128 0x18
 440 01c3 EB000000 		.4byte	0xeb
 441 01c7 54000000 		.4byte	.LLST2
 442 01cb 19       		.uleb128 0x19
 443 01cc 12000000 		.4byte	.LVL1
 444 01d0 30020000 		.4byte	0x230
 445 01d4 ED010000 		.4byte	0x1ed
 446 01d8 1A       		.uleb128 0x1a
 447 01d9 01       		.uleb128 0x1
 448 01da 52       		.byte	0x52
 449 01db 02       		.uleb128 0x2
 450 01dc 74       		.byte	0x74
 451 01dd 00       		.sleb128 0
 452 01de 1A       		.uleb128 0x1a
 453 01df 01       		.uleb128 0x1
 454 01e0 51       		.byte	0x51
 455 01e1 01       		.uleb128 0x1
 456 01e2 30       		.byte	0x30
 457 01e3 1A       		.uleb128 0x1a
 458 01e4 01       		.uleb128 0x1
 459 01e5 50       		.byte	0x50
 460 01e6 05       		.uleb128 0x5
 461 01e7 0C       		.byte	0xc
 462 01e8 00300F40 		.4byte	0x400f3000
 463 01ec 00       		.byte	0
 464 01ed 1B       		.uleb128 0x1b
 465 01ee 1C000000 		.4byte	.LVL2
 466 01f2 30020000 		.4byte	0x230
 467 01f6 1A       		.uleb128 0x1a
 468 01f7 01       		.uleb128 0x1
 469 01f8 52       		.byte	0x52
 470 01f9 02       		.uleb128 0x2
 471 01fa 74       		.byte	0x74
 472 01fb 00       		.sleb128 0
 473 01fc 1A       		.uleb128 0x1a
 474 01fd 01       		.uleb128 0x1
 475 01fe 51       		.byte	0x51
 476 01ff 01       		.uleb128 0x1
 477 0200 30       		.byte	0x30
 478 0201 1A       		.uleb128 0x1a
 479 0202 01       		.uleb128 0x1
 480 0203 50       		.byte	0x50
 481 0204 05       		.uleb128 0x5
 482 0205 0C       		.byte	0xc
 483 0206 00400F40 		.4byte	0x400f4000
 484 020a 00       		.byte	0
 485 020b 00       		.byte	0
 486 020c 00       		.byte	0
 487 020d 00       		.byte	0
 488 020e 1C       		.uleb128 0x1c
 489 020f FE000000 		.4byte	0xfe
 490 0213 32000000 		.4byte	.LBB16
 491 0217 28000000 		.4byte	.Ldebug_ranges0+0x28
 492 021b 01       		.byte	0x1
ARM GAS  C:\Users\Vitali\AppData\Local\Temp\ccmGo9nh.s 			page 15


 493 021c 0D01     		.2byte	0x10d
 494 021e 1B       		.uleb128 0x1b
 495 021f 80000000 		.4byte	.LVL3
 496 0223 4D020000 		.4byte	0x24d
 497 0227 1A       		.uleb128 0x1a
 498 0228 01       		.uleb128 0x1
 499 0229 50       		.byte	0x50
 500 022a 02       		.uleb128 0x2
 501 022b 08       		.byte	0x8
 502 022c 20       		.byte	0x20
 503 022d 00       		.byte	0
 504 022e 00       		.byte	0
 505 022f 00       		.byte	0
 506 0230 1D       		.uleb128 0x1d
 507 0231 09010000 		.4byte	.LASF30
 508 0235 7D000000 		.4byte	0x7d
 509 0239 4D020000 		.4byte	0x24d
 510 023d 1E       		.uleb128 0x1e
 511 023e 7D000000 		.4byte	0x7d
 512 0242 1E       		.uleb128 0x1e
 513 0243 25000000 		.4byte	0x25
 514 0247 1E       		.uleb128 0x1e
 515 0248 76000000 		.4byte	0x76
 516 024c 00       		.byte	0
 517 024d 1F       		.uleb128 0x1f
 518 024e 2C020000 		.4byte	.LASF31
 519 0252 04       		.byte	0x4
 520 0253 31       		.byte	0x31
 521 0254 1E       		.uleb128 0x1e
 522 0255 9C000000 		.4byte	0x9c
 523 0259 00       		.byte	0
 524 025a 00       		.byte	0
 525              		.section	.debug_abbrev,"",%progbits
 526              	.Ldebug_abbrev0:
 527 0000 01       		.uleb128 0x1
 528 0001 11       		.uleb128 0x11
 529 0002 01       		.byte	0x1
 530 0003 25       		.uleb128 0x25
 531 0004 0E       		.uleb128 0xe
 532 0005 13       		.uleb128 0x13
 533 0006 0B       		.uleb128 0xb
 534 0007 03       		.uleb128 0x3
 535 0008 0E       		.uleb128 0xe
 536 0009 1B       		.uleb128 0x1b
 537 000a 0E       		.uleb128 0xe
 538 000b 55       		.uleb128 0x55
 539 000c 17       		.uleb128 0x17
 540 000d 11       		.uleb128 0x11
 541 000e 01       		.uleb128 0x1
 542 000f 10       		.uleb128 0x10
 543 0010 17       		.uleb128 0x17
 544 0011 00       		.byte	0
 545 0012 00       		.byte	0
 546 0013 02       		.uleb128 0x2
 547 0014 24       		.uleb128 0x24
 548 0015 00       		.byte	0
 549 0016 0B       		.uleb128 0xb
ARM GAS  C:\Users\Vitali\AppData\Local\Temp\ccmGo9nh.s 			page 16


 550 0017 0B       		.uleb128 0xb
 551 0018 3E       		.uleb128 0x3e
 552 0019 0B       		.uleb128 0xb
 553 001a 03       		.uleb128 0x3
 554 001b 08       		.uleb128 0x8
 555 001c 00       		.byte	0
 556 001d 00       		.byte	0
 557 001e 03       		.uleb128 0x3
 558 001f 16       		.uleb128 0x16
 559 0020 00       		.byte	0
 560 0021 03       		.uleb128 0x3
 561 0022 0E       		.uleb128 0xe
 562 0023 3A       		.uleb128 0x3a
 563 0024 0B       		.uleb128 0xb
 564 0025 3B       		.uleb128 0x3b
 565 0026 0B       		.uleb128 0xb
 566 0027 49       		.uleb128 0x49
 567 0028 13       		.uleb128 0x13
 568 0029 00       		.byte	0
 569 002a 00       		.byte	0
 570 002b 04       		.uleb128 0x4
 571 002c 24       		.uleb128 0x24
 572 002d 00       		.byte	0
 573 002e 0B       		.uleb128 0xb
 574 002f 0B       		.uleb128 0xb
 575 0030 3E       		.uleb128 0x3e
 576 0031 0B       		.uleb128 0xb
 577 0032 03       		.uleb128 0x3
 578 0033 0E       		.uleb128 0xe
 579 0034 00       		.byte	0
 580 0035 00       		.byte	0
 581 0036 05       		.uleb128 0x5
 582 0037 0F       		.uleb128 0xf
 583 0038 00       		.byte	0
 584 0039 0B       		.uleb128 0xb
 585 003a 0B       		.uleb128 0xb
 586 003b 00       		.byte	0
 587 003c 00       		.byte	0
 588 003d 06       		.uleb128 0x6
 589 003e 16       		.uleb128 0x16
 590 003f 00       		.byte	0
 591 0040 03       		.uleb128 0x3
 592 0041 0E       		.uleb128 0xe
 593 0042 3A       		.uleb128 0x3a
 594 0043 0B       		.uleb128 0xb
 595 0044 3B       		.uleb128 0x3b
 596 0045 05       		.uleb128 0x5
 597 0046 49       		.uleb128 0x49
 598 0047 13       		.uleb128 0x13
 599 0048 00       		.byte	0
 600 0049 00       		.byte	0
 601 004a 07       		.uleb128 0x7
 602 004b 35       		.uleb128 0x35
 603 004c 00       		.byte	0
 604 004d 49       		.uleb128 0x49
 605 004e 13       		.uleb128 0x13
 606 004f 00       		.byte	0
ARM GAS  C:\Users\Vitali\AppData\Local\Temp\ccmGo9nh.s 			page 17


 607 0050 00       		.byte	0
 608 0051 08       		.uleb128 0x8
 609 0052 2E       		.uleb128 0x2e
 610 0053 00       		.byte	0
 611 0054 03       		.uleb128 0x3
 612 0055 0E       		.uleb128 0xe
 613 0056 3A       		.uleb128 0x3a
 614 0057 0B       		.uleb128 0xb
 615 0058 3B       		.uleb128 0x3b
 616 0059 0B       		.uleb128 0xb
 617 005a 27       		.uleb128 0x27
 618 005b 19       		.uleb128 0x19
 619 005c 20       		.uleb128 0x20
 620 005d 0B       		.uleb128 0xb
 621 005e 00       		.byte	0
 622 005f 00       		.byte	0
 623 0060 09       		.uleb128 0x9
 624 0061 2E       		.uleb128 0x2e
 625 0062 01       		.byte	0x1
 626 0063 03       		.uleb128 0x3
 627 0064 0E       		.uleb128 0xe
 628 0065 3A       		.uleb128 0x3a
 629 0066 0B       		.uleb128 0xb
 630 0067 3B       		.uleb128 0x3b
 631 0068 0B       		.uleb128 0xb
 632 0069 27       		.uleb128 0x27
 633 006a 19       		.uleb128 0x19
 634 006b 20       		.uleb128 0x20
 635 006c 0B       		.uleb128 0xb
 636 006d 01       		.uleb128 0x1
 637 006e 13       		.uleb128 0x13
 638 006f 00       		.byte	0
 639 0070 00       		.byte	0
 640 0071 0A       		.uleb128 0xa
 641 0072 05       		.uleb128 0x5
 642 0073 00       		.byte	0
 643 0074 03       		.uleb128 0x3
 644 0075 08       		.uleb128 0x8
 645 0076 3A       		.uleb128 0x3a
 646 0077 0B       		.uleb128 0xb
 647 0078 3B       		.uleb128 0x3b
 648 0079 0B       		.uleb128 0xb
 649 007a 49       		.uleb128 0x49
 650 007b 13       		.uleb128 0x13
 651 007c 00       		.byte	0
 652 007d 00       		.byte	0
 653 007e 0B       		.uleb128 0xb
 654 007f 2E       		.uleb128 0x2e
 655 0080 01       		.byte	0x1
 656 0081 3F       		.uleb128 0x3f
 657 0082 19       		.uleb128 0x19
 658 0083 03       		.uleb128 0x3
 659 0084 0E       		.uleb128 0xe
 660 0085 3A       		.uleb128 0x3a
 661 0086 0B       		.uleb128 0xb
 662 0087 3B       		.uleb128 0x3b
 663 0088 0B       		.uleb128 0xb
ARM GAS  C:\Users\Vitali\AppData\Local\Temp\ccmGo9nh.s 			page 18


 664 0089 27       		.uleb128 0x27
 665 008a 19       		.uleb128 0x19
 666 008b 11       		.uleb128 0x11
 667 008c 01       		.uleb128 0x1
 668 008d 12       		.uleb128 0x12
 669 008e 06       		.uleb128 0x6
 670 008f 40       		.uleb128 0x40
 671 0090 18       		.uleb128 0x18
 672 0091 9742     		.uleb128 0x2117
 673 0093 19       		.uleb128 0x19
 674 0094 01       		.uleb128 0x1
 675 0095 13       		.uleb128 0x13
 676 0096 00       		.byte	0
 677 0097 00       		.byte	0
 678 0098 0C       		.uleb128 0xc
 679 0099 0B       		.uleb128 0xb
 680 009a 01       		.byte	0x1
 681 009b 55       		.uleb128 0x55
 682 009c 17       		.uleb128 0x17
 683 009d 01       		.uleb128 0x1
 684 009e 13       		.uleb128 0x13
 685 009f 00       		.byte	0
 686 00a0 00       		.byte	0
 687 00a1 0D       		.uleb128 0xd
 688 00a2 13       		.uleb128 0x13
 689 00a3 01       		.byte	0x1
 690 00a4 0B       		.uleb128 0xb
 691 00a5 0B       		.uleb128 0xb
 692 00a6 3A       		.uleb128 0x3a
 693 00a7 0B       		.uleb128 0xb
 694 00a8 3B       		.uleb128 0x3b
 695 00a9 0B       		.uleb128 0xb
 696 00aa 01       		.uleb128 0x1
 697 00ab 13       		.uleb128 0x13
 698 00ac 00       		.byte	0
 699 00ad 00       		.byte	0
 700 00ae 0E       		.uleb128 0xe
 701 00af 0D       		.uleb128 0xd
 702 00b0 00       		.byte	0
 703 00b1 03       		.uleb128 0x3
 704 00b2 0E       		.uleb128 0xe
 705 00b3 3A       		.uleb128 0x3a
 706 00b4 0B       		.uleb128 0xb
 707 00b5 3B       		.uleb128 0x3b
 708 00b6 0B       		.uleb128 0xb
 709 00b7 49       		.uleb128 0x49
 710 00b8 13       		.uleb128 0x13
 711 00b9 38       		.uleb128 0x38
 712 00ba 0B       		.uleb128 0xb
 713 00bb 00       		.byte	0
 714 00bc 00       		.byte	0
 715 00bd 0F       		.uleb128 0xf
 716 00be 01       		.uleb128 0x1
 717 00bf 01       		.byte	0x1
 718 00c0 49       		.uleb128 0x49
 719 00c1 13       		.uleb128 0x13
 720 00c2 01       		.uleb128 0x1
ARM GAS  C:\Users\Vitali\AppData\Local\Temp\ccmGo9nh.s 			page 19


 721 00c3 13       		.uleb128 0x13
 722 00c4 00       		.byte	0
 723 00c5 00       		.byte	0
 724 00c6 10       		.uleb128 0x10
 725 00c7 21       		.uleb128 0x21
 726 00c8 00       		.byte	0
 727 00c9 49       		.uleb128 0x49
 728 00ca 13       		.uleb128 0x13
 729 00cb 2F       		.uleb128 0x2f
 730 00cc 0B       		.uleb128 0xb
 731 00cd 00       		.byte	0
 732 00ce 00       		.byte	0
 733 00cf 11       		.uleb128 0x11
 734 00d0 34       		.uleb128 0x34
 735 00d1 00       		.byte	0
 736 00d2 03       		.uleb128 0x3
 737 00d3 0E       		.uleb128 0xe
 738 00d4 3A       		.uleb128 0x3a
 739 00d5 0B       		.uleb128 0xb
 740 00d6 3B       		.uleb128 0x3b
 741 00d7 0B       		.uleb128 0xb
 742 00d8 49       		.uleb128 0x49
 743 00d9 13       		.uleb128 0x13
 744 00da 1C       		.uleb128 0x1c
 745 00db 0A       		.uleb128 0xa
 746 00dc 00       		.byte	0
 747 00dd 00       		.byte	0
 748 00de 12       		.uleb128 0x12
 749 00df 26       		.uleb128 0x26
 750 00e0 00       		.byte	0
 751 00e1 49       		.uleb128 0x49
 752 00e2 13       		.uleb128 0x13
 753 00e3 00       		.byte	0
 754 00e4 00       		.byte	0
 755 00e5 13       		.uleb128 0x13
 756 00e6 34       		.uleb128 0x34
 757 00e7 00       		.byte	0
 758 00e8 03       		.uleb128 0x3
 759 00e9 08       		.uleb128 0x8
 760 00ea 3A       		.uleb128 0x3a
 761 00eb 0B       		.uleb128 0xb
 762 00ec 3B       		.uleb128 0x3b
 763 00ed 0B       		.uleb128 0xb
 764 00ee 49       		.uleb128 0x49
 765 00ef 13       		.uleb128 0x13
 766 00f0 02       		.uleb128 0x2
 767 00f1 17       		.uleb128 0x17
 768 00f2 00       		.byte	0
 769 00f3 00       		.byte	0
 770 00f4 14       		.uleb128 0x14
 771 00f5 0B       		.uleb128 0xb
 772 00f6 01       		.byte	0x1
 773 00f7 11       		.uleb128 0x11
 774 00f8 01       		.uleb128 0x1
 775 00f9 12       		.uleb128 0x12
 776 00fa 06       		.uleb128 0x6
 777 00fb 00       		.byte	0
ARM GAS  C:\Users\Vitali\AppData\Local\Temp\ccmGo9nh.s 			page 20


 778 00fc 00       		.byte	0
 779 00fd 15       		.uleb128 0x15
 780 00fe 0F       		.uleb128 0xf
 781 00ff 00       		.byte	0
 782 0100 0B       		.uleb128 0xb
 783 0101 0B       		.uleb128 0xb
 784 0102 49       		.uleb128 0x49
 785 0103 13       		.uleb128 0x13
 786 0104 00       		.byte	0
 787 0105 00       		.byte	0
 788 0106 16       		.uleb128 0x16
 789 0107 1D       		.uleb128 0x1d
 790 0108 01       		.byte	0x1
 791 0109 31       		.uleb128 0x31
 792 010a 13       		.uleb128 0x13
 793 010b 11       		.uleb128 0x11
 794 010c 01       		.uleb128 0x1
 795 010d 12       		.uleb128 0x12
 796 010e 06       		.uleb128 0x6
 797 010f 58       		.uleb128 0x58
 798 0110 0B       		.uleb128 0xb
 799 0111 59       		.uleb128 0x59
 800 0112 0B       		.uleb128 0xb
 801 0113 00       		.byte	0
 802 0114 00       		.byte	0
 803 0115 17       		.uleb128 0x17
 804 0116 05       		.uleb128 0x5
 805 0117 00       		.byte	0
 806 0118 31       		.uleb128 0x31
 807 0119 13       		.uleb128 0x13
 808 011a 1C       		.uleb128 0x1c
 809 011b 05       		.uleb128 0x5
 810 011c 00       		.byte	0
 811 011d 00       		.byte	0
 812 011e 18       		.uleb128 0x18
 813 011f 05       		.uleb128 0x5
 814 0120 00       		.byte	0
 815 0121 31       		.uleb128 0x31
 816 0122 13       		.uleb128 0x13
 817 0123 02       		.uleb128 0x2
 818 0124 17       		.uleb128 0x17
 819 0125 00       		.byte	0
 820 0126 00       		.byte	0
 821 0127 19       		.uleb128 0x19
 822 0128 898201   		.uleb128 0x4109
 823 012b 01       		.byte	0x1
 824 012c 11       		.uleb128 0x11
 825 012d 01       		.uleb128 0x1
 826 012e 31       		.uleb128 0x31
 827 012f 13       		.uleb128 0x13
 828 0130 01       		.uleb128 0x1
 829 0131 13       		.uleb128 0x13
 830 0132 00       		.byte	0
 831 0133 00       		.byte	0
 832 0134 1A       		.uleb128 0x1a
 833 0135 8A8201   		.uleb128 0x410a
 834 0138 00       		.byte	0
ARM GAS  C:\Users\Vitali\AppData\Local\Temp\ccmGo9nh.s 			page 21


 835 0139 02       		.uleb128 0x2
 836 013a 18       		.uleb128 0x18
 837 013b 9142     		.uleb128 0x2111
 838 013d 18       		.uleb128 0x18
 839 013e 00       		.byte	0
 840 013f 00       		.byte	0
 841 0140 1B       		.uleb128 0x1b
 842 0141 898201   		.uleb128 0x4109
 843 0144 01       		.byte	0x1
 844 0145 11       		.uleb128 0x11
 845 0146 01       		.uleb128 0x1
 846 0147 31       		.uleb128 0x31
 847 0148 13       		.uleb128 0x13
 848 0149 00       		.byte	0
 849 014a 00       		.byte	0
 850 014b 1C       		.uleb128 0x1c
 851 014c 1D       		.uleb128 0x1d
 852 014d 01       		.byte	0x1
 853 014e 31       		.uleb128 0x31
 854 014f 13       		.uleb128 0x13
 855 0150 52       		.uleb128 0x52
 856 0151 01       		.uleb128 0x1
 857 0152 55       		.uleb128 0x55
 858 0153 17       		.uleb128 0x17
 859 0154 58       		.uleb128 0x58
 860 0155 0B       		.uleb128 0xb
 861 0156 59       		.uleb128 0x59
 862 0157 05       		.uleb128 0x5
 863 0158 00       		.byte	0
 864 0159 00       		.byte	0
 865 015a 1D       		.uleb128 0x1d
 866 015b 2E       		.uleb128 0x2e
 867 015c 01       		.byte	0x1
 868 015d 3F       		.uleb128 0x3f
 869 015e 19       		.uleb128 0x19
 870 015f 03       		.uleb128 0x3
 871 0160 0E       		.uleb128 0xe
 872 0161 27       		.uleb128 0x27
 873 0162 19       		.uleb128 0x19
 874 0163 49       		.uleb128 0x49
 875 0164 13       		.uleb128 0x13
 876 0165 34       		.uleb128 0x34
 877 0166 19       		.uleb128 0x19
 878 0167 3C       		.uleb128 0x3c
 879 0168 19       		.uleb128 0x19
 880 0169 01       		.uleb128 0x1
 881 016a 13       		.uleb128 0x13
 882 016b 00       		.byte	0
 883 016c 00       		.byte	0
 884 016d 1E       		.uleb128 0x1e
 885 016e 05       		.uleb128 0x5
 886 016f 00       		.byte	0
 887 0170 49       		.uleb128 0x49
 888 0171 13       		.uleb128 0x13
 889 0172 00       		.byte	0
 890 0173 00       		.byte	0
 891 0174 1F       		.uleb128 0x1f
ARM GAS  C:\Users\Vitali\AppData\Local\Temp\ccmGo9nh.s 			page 22


 892 0175 2E       		.uleb128 0x2e
 893 0176 01       		.byte	0x1
 894 0177 3F       		.uleb128 0x3f
 895 0178 19       		.uleb128 0x19
 896 0179 03       		.uleb128 0x3
 897 017a 0E       		.uleb128 0xe
 898 017b 3A       		.uleb128 0x3a
 899 017c 0B       		.uleb128 0xb
 900 017d 3B       		.uleb128 0x3b
 901 017e 0B       		.uleb128 0xb
 902 017f 27       		.uleb128 0x27
 903 0180 19       		.uleb128 0x19
 904 0181 3C       		.uleb128 0x3c
 905 0182 19       		.uleb128 0x19
 906 0183 00       		.byte	0
 907 0184 00       		.byte	0
 908 0185 00       		.byte	0
 909              		.section	.debug_loc,"",%progbits
 910              	.Ldebug_loc0:
 911              	.LLST0:
 912 0000 04000000 		.4byte	.LVL0
 913 0004 12000000 		.4byte	.LVL1
 914 0008 0200     		.2byte	0x2
 915 000a 30       		.byte	0x30
 916 000b 9F       		.byte	0x9f
 917 000c 12000000 		.4byte	.LVL1
 918 0010 1C000000 		.4byte	.LVL2
 919 0014 0200     		.2byte	0x2
 920 0016 31       		.byte	0x31
 921 0017 9F       		.byte	0x9f
 922 0018 1C000000 		.4byte	.LVL2
 923 001c 00010000 		.4byte	.LFE5
 924 0020 0200     		.2byte	0x2
 925 0022 32       		.byte	0x32
 926 0023 9F       		.byte	0x9f
 927 0024 00000000 		.4byte	0
 928 0028 00000000 		.4byte	0
 929              	.LLST1:
 930 002c 04000000 		.4byte	.LVL0
 931 0030 12000000 		.4byte	.LVL1
 932 0034 0600     		.2byte	0x6
 933 0036 F2       		.byte	0xf2
 934 0037 60010000 		.4byte	.Ldebug_info0+352
 935 003b 00       		.sleb128 0
 936 003c 12000000 		.4byte	.LVL1
 937 0040 00010000 		.4byte	.LFE5
 938 0044 0600     		.2byte	0x6
 939 0046 F2       		.byte	0xf2
 940 0047 60010000 		.4byte	.Ldebug_info0+352
 941 004b 06       		.sleb128 6
 942 004c 00000000 		.4byte	0
 943 0050 00000000 		.4byte	0
 944              	.LLST2:
 945 0054 04000000 		.4byte	.LVL0
 946 0058 12000000 		.4byte	.LVL1
 947 005c 0600     		.2byte	0x6
 948 005e 0C       		.byte	0xc
ARM GAS  C:\Users\Vitali\AppData\Local\Temp\ccmGo9nh.s 			page 23


 949 005f 00300F40 		.4byte	0x400f3000
 950 0063 9F       		.byte	0x9f
 951 0064 12000000 		.4byte	.LVL1
 952 0068 00010000 		.4byte	.LFE5
 953 006c 0600     		.2byte	0x6
 954 006e 0C       		.byte	0xc
 955 006f 00400F40 		.4byte	0x400f4000
 956 0073 9F       		.byte	0x9f
 957 0074 00000000 		.4byte	0
 958 0078 00000000 		.4byte	0
 959              		.section	.debug_aranges,"",%progbits
 960 0000 1C000000 		.4byte	0x1c
 961 0004 0200     		.2byte	0x2
 962 0006 00000000 		.4byte	.Ldebug_info0
 963 000a 04       		.byte	0x4
 964 000b 00       		.byte	0
 965 000c 0000     		.2byte	0
 966 000e 0000     		.2byte	0
 967 0010 00000000 		.4byte	.LFB5
 968 0014 00010000 		.4byte	.LFE5-.LFB5
 969 0018 00000000 		.4byte	0
 970 001c 00000000 		.4byte	0
 971              		.section	.debug_ranges,"",%progbits
 972              	.Ldebug_ranges0:
 973 0000 04000000 		.4byte	.LBB12
 974 0004 32000000 		.4byte	.LBE12
 975 0008 34000000 		.4byte	.LBB19
 976 000c 38000000 		.4byte	.LBE19
 977 0010 38000000 		.4byte	.LBB20
 978 0014 52000000 		.4byte	.LBE20
 979 0018 54000000 		.4byte	.LBB21
 980 001c 58000000 		.4byte	.LBE21
 981 0020 00000000 		.4byte	0
 982 0024 00000000 		.4byte	0
 983 0028 32000000 		.4byte	.LBB16
 984 002c 34000000 		.4byte	.LBE16
 985 0030 72000000 		.4byte	.LBB22
 986 0034 A6000000 		.4byte	.LBE22
 987 0038 00000000 		.4byte	0
 988 003c 00000000 		.4byte	0
 989 0040 00000000 		.4byte	.LFB5
 990 0044 00010000 		.4byte	.LFE5
 991 0048 00000000 		.4byte	0
 992 004c 00000000 		.4byte	0
 993              		.section	.debug_line,"",%progbits
 994              	.Ldebug_line0:
 995 0000 30010000 		.section	.debug_str,"MS",%progbits,1
 995      0200D800 
 995      00000201 
 995      FB0E0D00 
 995      01010101 
 996              	.LASF18:
 997 0000 72656733 		.ascii	"reg32\000"
 997      3200
 998              	.LASF11:
 999 0006 73697A65 		.ascii	"size_t\000"
 999      5F7400
ARM GAS  C:\Users\Vitali\AppData\Local\Temp\ccmGo9nh.s 			page 24


 1000              	.LASF25:
 1001 000d 474E5520 		.ascii	"GNU C 4.9.3 20150303 (release) [ARM/embedded-4_9-br"
 1001      4320342E 
 1001      392E3320 
 1001      32303135 
 1001      30333033 
 1002 0040 616E6368 		.ascii	"anch revision 221220] -mcpu=cortex-m0 -mthumb -g -O"
 1002      20726576 
 1002      6973696F 
 1002      6E203232 
 1002      31323230 
 1003 0073 73202D66 		.ascii	"s -ffunction-sections -ffat-lto-objects\000"
 1003      66756E63 
 1003      74696F6E 
 1003      2D736563 
 1003      74696F6E 
 1004              	.LASF24:
 1005 009b 6366675F 		.ascii	"cfg_memset_list\000"
 1005      6D656D73 
 1005      65745F6C 
 1005      69737400 
 1006              	.LASF20:
 1007 00ab 436C6F63 		.ascii	"ClockSetup\000"
 1007      6B536574 
 1007      757000
 1008              	.LASF4:
 1009 00b6 73686F72 		.ascii	"short unsigned int\000"
 1009      7420756E 
 1009      7369676E 
 1009      65642069 
 1009      6E7400
 1010              	.LASF15:
 1011 00c9 666C6F61 		.ascii	"float\000"
 1011      7400
 1012              	.LASF22:
 1013 00cf 73697A65 		.ascii	"size\000"
 1013      00
 1014              	.LASF17:
 1015 00d4 72656738 		.ascii	"reg8\000"
 1015      00
 1016              	.LASF6:
 1017 00d9 6C6F6E67 		.ascii	"long unsigned int\000"
 1017      20756E73 
 1017      69676E65 
 1017      6420696E 
 1017      7400
 1018              	.LASF12:
 1019 00eb 75696E74 		.ascii	"uint8\000"
 1019      3800
 1020              	.LASF28:
 1021 00f1 43594D45 		.ascii	"CYMEMZERO\000"
 1021      4D5A4552 
 1021      4F00
 1022              	.LASF2:
 1023 00fb 756E7369 		.ascii	"unsigned char\000"
 1023      676E6564 
 1023      20636861 
ARM GAS  C:\Users\Vitali\AppData\Local\Temp\ccmGo9nh.s 			page 25


 1023      7200
 1024              	.LASF30:
 1025 0109 6D656D73 		.ascii	"memset\000"
 1025      657400
 1026              	.LASF16:
 1027 0110 646F7562 		.ascii	"double\000"
 1027      6C6500
 1028              	.LASF29:
 1029 0117 63796669 		.ascii	"cyfitter_cfg\000"
 1029      74746572 
 1029      5F636667 
 1029      00
 1030              	.LASF13:
 1031 0124 75696E74 		.ascii	"uint16\000"
 1031      313600
 1032              	.LASF14:
 1033 012b 75696E74 		.ascii	"uint32\000"
 1033      333200
 1034              	.LASF0:
 1035 0132 756E7369 		.ascii	"unsigned int\000"
 1035      676E6564 
 1035      20696E74 
 1035      00
 1036              	.LASF19:
 1037 013f 416E616C 		.ascii	"AnalogSetDefault\000"
 1037      6F675365 
 1037      74446566 
 1037      61756C74 
 1037      00
 1038              	.LASF21:
 1039 0150 61646472 		.ascii	"address\000"
 1039      65737300 
 1040              	.LASF8:
 1041 0158 6C6F6E67 		.ascii	"long long unsigned int\000"
 1041      206C6F6E 
 1041      6720756E 
 1041      7369676E 
 1041      65642069 
 1042              	.LASF23:
 1043 016f 6366675F 		.ascii	"cfg_memset_t\000"
 1043      6D656D73 
 1043      65745F74 
 1043      00
 1044              	.LASF26:
 1045 017c 2E5C4765 		.ascii	".\\Generated_Source\\PSoC4\\cyfitter_cfg.c\000"
 1045      6E657261 
 1045      7465645F 
 1045      536F7572 
 1045      63655C50 
 1046              	.LASF9:
 1047 01a4 73697A65 		.ascii	"sizetype\000"
 1047      74797065 
 1047      00
 1048              	.LASF7:
 1049 01ad 6C6F6E67 		.ascii	"long long int\000"
 1049      206C6F6E 
 1049      6720696E 
ARM GAS  C:\Users\Vitali\AppData\Local\Temp\ccmGo9nh.s 			page 26


 1049      7400
 1050              	.LASF10:
 1051 01bb 63686172 		.ascii	"char\000"
 1051      00
 1052              	.LASF27:
 1053 01c0 433A5C55 		.ascii	"C:\\Users\\Vitali\\Documents\\PSoC Creator\\Expo_Co"
 1053      73657273 
 1053      5C566974 
 1053      616C695C 
 1053      446F6375 
 1054 01ee 6E74726F 		.ascii	"ntroller_Workspace\\Bootloader_PSoC4_Example01.cyds"
 1054      6C6C6572 
 1054      5F576F72 
 1054      6B737061 
 1054      63655C42 
 1055 0220 6E00     		.ascii	"n\000"
 1056              	.LASF3:
 1057 0222 73686F72 		.ascii	"short int\000"
 1057      7420696E 
 1057      7400
 1058              	.LASF31:
 1059 022c 43795379 		.ascii	"CySysClkWriteImoFreq\000"
 1059      73436C6B 
 1059      57726974 
 1059      65496D6F 
 1059      46726571 
 1060              	.LASF5:
 1061 0241 6C6F6E67 		.ascii	"long int\000"
 1061      20696E74 
 1061      00
 1062              	.LASF1:
 1063 024a 7369676E 		.ascii	"signed char\000"
 1063      65642063 
 1063      68617200 
 1064              		.ident	"GCC: (GNU Tools for ARM Embedded Processors) 4.9.3 20150303 (release) [ARM/embedded-4_9-br
